02-25 21:22:46.333  2188  2188 D StreamDBQueue: Promised revision #2060 to queue a new op
02-25 21:22:46.333  2188  2188 D WatchStreamManager: Promised rank-blocked=false @ r#2060
02-25 21:22:46.333  2188  2188 D StreamDBQueue: Promised revision #2061 to queue a new op
02-25 21:22:46.333  2188  2188 D WatchStreamManager: Promised rerank @ r#2061
02-25 21:22:46.359  2188  3549 D WatchStreamDB: updateRanking
02-25 21:22:46.364   657   657 I AmbientService: [6cea065] Selected activity for ambient mode: AmbientActivity[component=ComponentInfo{com.google.android.wearable.app/com.google.android.clockwork.home2.activity.HomeActivity2}, callbacks=@3f43c02, running=true, ambient=true]
02-25 21:22:46.364   657   657 D WristGestureCtrl: Stopping detectors: GesturesEnabled-false gestureDetector-false ungazeEnabled-true ungaze-true
02-25 21:22:46.365   657   657 D DefaultUngazeDetector: stopping
02-25 21:22:46.405  2188  3549 D WatchStreamDB: updateRanking
02-25 21:22:46.425  2188  2188 D StreamDBQueue: Promised revision #2062 to queue a new op
02-25 21:22:46.425  2188  2188 D WatchStreamManager: Promised rank-blocked=false @ r#2062
02-25 21:22:46.425  2188  2188 D StreamDBQueue: Promised revision #2063 to queue a new op
02-25 21:22:46.426  2188  2188 D WatchStreamManager: Promised rerank @ r#2063
02-25 21:22:46.433  2188  3549 D WatchStreamDB: updateRanking
02-25 21:22:46.560   657   835 I DisplayManagerService: Display device changed state: "Built-in Screen", DOZE
02-25 21:22:46.574   520   520 D SurfaceFlinger: Set power mode=1, type=0 flinger=0xb36b6000
02-25 21:22:46.577   471   668 I SDM     : DisplayBase::SetDisplayState: Set state = 2, display 0
02-25 21:22:46.585   657   780 E KernelCpuSpeedReader: Failed to read cpu-freq: /sys/devices/system/cpu/cpu0/cpufreq/stats/time_in_state (No such file or directory)
02-25 21:22:46.623   657   915 I InputReader: Reconfiguring input devices.  changes=0x00000004
02-25 21:22:46.642   520   520 D SurfaceFlinger: Finished set power mode=1, type=0
02-25 21:22:46.676  1098  1098 E ViewRootImpl[]: Error on detecting ambient animation
02-25 21:22:46.680  2188  2188 E ViewRootImpl[HomeActivity2]: Error on detecting ambient animation
02-25 21:22:46.682  2188  2270 D CollectorHandler: handleMessage, event: ON_NOTIFICATION_REMOVED
02-25 21:22:46.683  2188  2270 D StreamDBQueue: Promised revision #2064 to queue a new op
02-25 21:22:46.683  2188  2270 D BaseStreamManager: Promised remove @ r#2064 for StreamItemIdAndRevision{notifKey=0|android|0|com.android.server.wm.AlertWindowNotification - com.google.android.wearable.app|1000, packageName=android, tag=com.android.server.wm.AlertWindowNotification - com.google.android.wearable.app, id=0, revision=0, originalRevision=0, updateCount=0} (@2063): SBN removed: StreamItemIdAndRevision{notifKey=0|android|0|com.android.server.wm.AlertWindowNotification - com.google.android.wearable.app|1000, packageName=android, tag=com.android.server.wm.AlertWindowNotification - com.google.android.wearable.app, id=0, revision=0, originalRevision=0, updateCount=0}
02-25 21:22:46.684  2188  3549 D StreamDatabase: remove. itemId: StreamItemIdAndRevision{notifKey=0|android|0|com.android.server.wm.AlertWindowNotification - com.google.android.wearable.app|1000, packageName=android, tag=com.android.server.wm.AlertWindowNotification - com.google.android.wearable.app, id=0, revision=2059, originalRevision=2059, updateCount=0}
02-25 21:22:46.702  2188  3549 D StreamAdapter: onStreamChange StreamChangeEvent[modified=0, removed=1, modifiedTop=0, removedTop=0, reorder=false, possibleAlertingItem=none]
02-25 21:22:46.702  2188  3549 D StreamAdapter:   removed:
02-25 21:22:46.702  2188  3549 D StreamAdapter:     StreamItemIdAndRevision{notifKey=0|android|0|com.android.server.wm.AlertWindowNotification - com.google.android.wearable.app|1000, packageName=android, tag=com.android.server.wm.AlertWindowNotification - com.google.android.wearable.app, id=0, revision=2059, originalRevision=2059, updateCount=0}
02-25 21:22:47.022   657   915 I PowerManagerService: Waking up from dozing (uid=1000 reason=android.policy:MOTION)...
02-25 21:22:47.023   657   657 W UsageStatsService: Event reported without a package name
02-25 21:22:47.037  2188  2188 W ViewRootImpl[HomeActivity2]: Dropping event due to no window focus: MotionEvent { action=ACTION_HOVER_ENTER, actionButton=0, id[0]=0, x[0]=100.0, y[0]=100.0, toolType[0]=TOOL_TYPE_FINGER, buttonState=0, metaState=0, flags=0x0, edgeFlags=0x0, pointerCount=1, historySize=0, eventTime=1998162, downTime=724914, deviceId=3, source=0x1002 }
02-25 21:22:47.038   657   835 I DisplayManagerService: Display device changed state: "Built-in Screen", ON
02-25 21:22:47.040  2188  2188 W ViewRootImpl[HomeActivity2]: Dropping event due to no window focus: MotionEvent { action=ACTION_HOVER_MOVE, actionButton=0, id[0]=0, x[0]=100.0, y[0]=100.0, toolType[0]=TOOL_TYPE_FINGER, buttonState=0, metaState=0, flags=0x0, edgeFlags=0x0, pointerCount=1, historySize=0, eventTime=1998162, downTime=724914, deviceId=3, source=0x1002 }
02-25 21:22:47.047   657   780 E KernelCpuSpeedReader: Failed to read cpu-freq: /sys/devices/system/cpu/cpu0/cpufreq/stats/time_in_state (No such file or directory)
02-25 21:22:46.703  2188  3549 D StreamAdapter: onStreamChange StreamChangeEvent[modified=0, removed=1, modifiedTop=0, removedTop=0, reorder=false, possibleAlertingItem=none]
02-25 21:22:46.703  2188  3549 D StreamAdapter:   removed:
02-25 21:22:46.703  2188  3549 D StreamAdapter:     StreamItemIdAndRevision{notifKey=0|android|0|com.android.server.wm.AlertWindowNotification - com.google.android.wearable.app|1000, packageName=android, tag=com.android.server.wm.AlertWindowNotification - com.google.android.wearable.app, id=0, revision=2059, originalRevision=2059, updateCount=0}
02-25 21:22:47.058   657   915 I InputReader: Reconfiguring input devices.  changes=0x00000004
02-25 21:22:47.072   520   520 D SurfaceFlinger: Set power mode=2, type=0 flinger=0xb36b6000
02-25 21:22:47.073   471   668 I SDM     : DisplayBase::SetDisplayState: Set state = 1, display 0
02-25 21:22:47.085  2188  2188 W ViewRootImpl[HomeActivity2]: Cancelling event due to no window focus: MotionEvent { action=ACTION_CANCEL, actionButton=0, id[0]=0, x[0]=100.0, y[0]=100.0, toolType[0]=TOOL_TYPE_FINGER, buttonState=0, metaState=0, flags=0x0, edgeFlags=0x0, pointerCount=1, historySize=0, eventTime=1998224, downTime=724914, deviceId=3, source=0x1002 }
02-25 21:22:47.091   520   520 D SurfaceFlinger: Finished set power mode=2, type=0
02-25 21:22:47.085  2188  2188 I chatty  : uid=10019(com.google.android.wearable.app) identical 2 lines
02-25 21:22:47.085  2188  2188 W ViewRootImpl[HomeActivity2]: Cancelling event due to no window focus: MotionEvent { action=ACTION_CANCEL, actionButton=0, id[0]=0, x[0]=100.0, y[0]=100.0, toolType[0]=TOOL_TYPE_FINGER, buttonState=0, metaState=0, flags=0x0, edgeFlags=0x0, pointerCount=1, historySize=0, eventTime=1998224, downTime=724914, deviceId=3, source=0x1002 }
02-25 21:22:47.092   657   841 I DreamManagerService: Gently waking up from dream.
02-25 21:22:47.093   657   832 I DreamManagerService: Performing gentle wake from dream.
02-25 21:22:47.093   657   657 V DreamService[AmbientDream]: wakeUp(): fromSystem=true, mWaking=false, mFinished=false
02-25 21:22:47.093   657   657 V DreamService[AmbientDream]: finish(): mFinished=false
02-25 21:22:47.093   657   657 I DreamManagerService: Leaving dreamland.
02-25 21:22:47.093   657   832 I DreamManagerService: Performing gentle wake from dream.
02-25 21:22:47.093   657   832 I DreamController: Stopping dream: name=ComponentInfo{com.google.android.wearable.ambient/com.google.android.wearable.ambient.AmbientDream}, isTest=false, canDoze=true, userId=0
02-25 21:22:47.096   657   657 V DreamService[AmbientDream]: detach(): Calling onDreamingStopped()
02-25 21:22:47.096   657   657 I AmbientService: [6cea065] doOnDreamingStopped
02-25 21:22:47.097   657   657 D WristGestureCtrl: Starting: GesturesEnabled-false UngazeEnabled-true
02-25 21:22:47.097   657   657 D DefaultUngazeDetector: starting
02-25 21:22:47.097   657   657 D DefaultUngazeDetector: startUngazeStateEstimation(). startTime = 1998237
02-25 21:22:47.098   657  1637 E SensorManager: sensor or listener is null
02-25 21:22:47.098   657  1637 W SensorDataCollector: Accelerometer registerListener failed for sensor null
02-25 21:22:47.099   657   657 I AmbientService: [6cea065] No auto-resume Activity.
02-25 21:22:47.101   657   657 W ContextImpl: Calling a method in the system process without a qualified user: android.app.ContextImpl.sendBroadcast:1020 android.content.ContextWrapper.sendBroadcast:449 com.google.android.wearable.ambient.AmbientDream.onDestroy:273 android.app.ActivityThread.handleStopService:3698 android.app.ActivityThread.access$1700:200 
02-25 21:22:47.109   657   773 W BroadcastQueue: Background execution not allowed: receiving Intent { act=android.intent.action.USER_PRESENT flg=0x10 } to com.google.android.gms/.auth.setup.devicesignals.LockScreenReceiver
02-25 21:22:47.109   657   773 W BroadcastQueue: Background execution not allowed: receiving Intent { act=android.intent.action.USER_PRESENT flg=0x10 } to com.google.android.gms/.chimera.GmsIntentOperationService$PersistentTrustedReceiver
02-25 21:22:47.116  1501  1501 D NfcService: Discovery configuration equal, not updating.
02-25 21:22:47.116  1501  1501 I libnfc_nci: [INFO:NativeNfcManager.cpp(1754)] nfcManager_doSetScreenState: state = 8 prevScreenState= 2, discovry_param = 1
02-25 21:22:47.120  2188  2188 D StreamDBQueue: Promised revision #2065 to queue a new op
02-25 21:22:47.120  2188  2188 D WatchStreamManager: Promised rank-blocked=true @ r#2065
02-25 21:22:47.120  2188  2188 D StreamDBQueue: Promised revision #2066 to queue a new op
02-25 21:22:47.120  2188  2188 D WatchStreamManager: Promised rank-blocked=true @ r#2066
02-25 21:22:47.234   620   752 E QC-QMI  : qmi_client [620]: unable to connect to server, errno=[2:No such file or directory], attempt=20
02-25 21:22:47.223  1501  3553 D NfcService: Discovery configuration equal, not updating.
02-25 21:22:47.300   657   657 V DreamService[AmbientDream]: onDestroy()
02-25 21:22:47.354   657   657 W Looper  : Slow dispatch took 253ms main h=android.app.ActivityThread$H c=null m=116
02-25 21:22:47.384   657   657 W Looper  : Slow delivery took 254ms main h=android.app.ActivityThread$H c=android.app.-$$Lambda$LoadedApk$ReceiverDispatcher$Args$_BumDX2UKsnxLVrE6UJsJZkotuA@448c968 m=0
02-25 21:22:47.544   657   835 W system_server: Long monitor contention with owner ranker (1047) at void com.android.server.notification.NotificationManagerService.handleRankingSort()(NotificationManagerService.java:5230) waiters=0 in boolean com.android.server.notification.NotificationManagerService$NotificationListeners.isListenerPackage(java.lang.String) for 122ms
02-25 21:22:47.608   657   657 W Looper  : Slow dispatch took 224ms main h=com.android.server.notification.NotificationManagerService$WorkerHandler c=null m=3
02-25 21:22:47.610   657   657 W Looper  : Drained
02-25 21:22:47.745  2188  2270 D CollectorHandler: handleMessage, event: ON_NOTIFICATION_POSTED_WITH_RANKING
02-25 21:22:47.758  2188  2270 D StreamDBQueue: Promised revision #2067 to queue a new op
02-25 21:22:47.783  2188  2270 D BaseStreamManager: Promised set @ r#2067 for (android,tag=com.android.server.wm.AlertWindowNotification - com.google.android.wearable.app,id=0,notifKey=0|android|0|com.android.server.wm.AlertWindowNotification - com.google.android.wearable.app|1000)
02-25 21:22:47.918  2188  2188 D GestureController: Ignoring duplicate ACTION_DOWN event.
02-25 21:22:48.001  2188  3551 D StreamDatabase:   filtering notification, reason=HOME_OVER_OTHER_APPS_NOTIFICATION, itemId=StreamItemIdAndRevision{notifKey=0|android|0|com.android.server.wm.AlertWindowNotification - com.google.android.wearable.app|1000, packageName=android, tag=com.android.server.wm.AlertWindowNotification - com.google.android.wearable.app, id=0, revision=2067, originalRevision=2067, updateCount=0}
02-25 21:22:48.197  2188  2188 D AccountOracleImpl: Fetching accounts of type: com.google
02-25 21:22:48.217  2188  3551 D StreamAdapter: onStreamChange StreamChangeEvent[modified=1, removed=0, modifiedTop=0, removedTop=0, reorder=false, possibleAlertingItem=none]
02-25 21:22:48.217  2188  3551 D StreamAdapter:   modified:
02-25 21:22:48.217  2188  3551 D StreamAdapter:     StreamItemIdAndRevision{notifKey=0|android|0|com.android.server.wm.AlertWindowNotification - com.google.android.wearable.app|1000, packageName=android, tag=com.android.server.wm.AlertWindowNotification - com.google.android.wearable.app, id=0, revision=2067, originalRevision=2067, updateCount=0}
02-25 21:22:48.234   620   752 E QC-QMI  : qmi_client [620]: unable to connect to server, errno=[2:No such file or directory], attempt=21
02-25 21:22:48.259  2188  2188 W AccountOracleImpl: No accounts found.
02-25 21:22:48.292  2188  3551 D StreamAdapter: onStreamChange StreamChangeEvent[modified=1, removed=0, modifiedTop=0, removedTop=0, reorder=false, possibleAlertingItem=none]
02-25 21:22:48.292  2188  3551 D StreamAdapter:   modified:
02-25 21:22:48.292  2188  3551 D StreamAdapter:     StreamItemIdAndRevision{notifKey=0|android|0|com.android.server.wm.AlertWindowNotification - com.google.android.wearable.app|1000, packageName=android, tag=com.android.server.wm.AlertWindowNotification - com.google.android.wearable.app, id=0, revision=2067, originalRevision=2067, updateCount=0}
02-25 21:22:48.382   657   689 I system_server: Background concurrent copying GC freed 17460(1050KB) AllocSpace objects, 23(992KB) LOS objects, 19% free, 6MB/8MB, paused 207us total 1.020s
02-25 21:22:48.457  2188  2188 D LocationOracleImpl: Fetching last known location.
02-25 21:22:48.458  2188  2188 D AccountOracleImpl: Fetching accounts of type: com.google
02-25 21:22:48.492  2188  2188 W AccountOracleImpl: No accounts found.
02-25 21:22:48.492  2188  2188 E OAuthOracleImpl: Account not found.
02-25 21:22:48.526  2188  3145 E GetCardsRpc: One or more asynchronous tasks failed.
02-25 21:22:48.526  2188  3145 E GetCardsRpc: android.accounts.AccountsException: Account not found.
02-25 21:22:48.526  2188  3145 E GetCardsRpc: 	at com.google.android.clockwork.home.jovi.auth.OAuthOracleImpl.fetchToken(AW780973705:9)
02-25 21:22:48.526  2188  3145 E GetCardsRpc: 	at com.google.android.clockwork.home.jovi.viewmodels.pips.GetCardsResponseDataProvider.refreshInternal(AW780973705:12)
02-25 21:22:48.526  2188  3145 E GetCardsRpc: 	at com.google.android.clockwork.home.jovi.viewmodels.pips.GetCardsResponseDataProvider$$Lambda$0.call(Unknown Source:2)
02-25 21:22:48.526  2188  3145 E GetCardsRpc: 	at com.google.common.util.concurrent.InterruptibleTask.run(AW780973705:6)
02-25 21:22:48.526  2188  3145 E GetCardsRpc: 	at com.google.common.util.concurrent.TrustedListenableFutureTask.run(AW780973705:4)
02-25 21:22:48.526  2188  3145 E GetCardsRpc: 	at android.os.Handler.handleCallback(Handler.java:873)
02-25 21:22:48.526  2188  3145 E GetCardsRpc: 	at android.os.Handler.dispatchMessage(Handler.java:99)
02-25 21:22:48.526  2188  3145 E GetCardsRpc: 	at android.os.Looper.loop(Looper.java:193)
02-25 21:22:48.526  2188  3145 E GetCardsRpc: 	at android.app.ActivityThread.main(ActivityThread.java:6680)
02-25 21:22:48.526  2188  3145 E GetCardsRpc: 	at java.lang.reflect.Method.invoke(Native Method)
02-25 21:22:48.526  2188  3145 E GetCardsRpc: 	at com.android.internal.os.RuntimeInit$MethodAndArgsCaller.run(RuntimeInit.java:493)
02-25 21:22:48.526  2188  3145 E GetCardsRpc: 	at com.android.internal.os.ZygoteInit.main(ZygoteInit.java:858)
02-25 21:22:48.842   520   883 W SurfaceFlinger: Attempting to destroy on removed layer: cfb974e OobeOverlayHint#0
02-25 21:22:48.852  2188  2188 D LocationOracleImpl: Fetching last known location.
02-25 21:22:48.923  2188  2270 D CollectorHandler: handleMessage, event: ON_NOTIFICATION_REMOVED
02-25 21:22:48.936  2188  2270 D StreamDBQueue: Promised revision #2068 to queue a new op
02-25 21:22:48.969  2188  2270 D BaseStreamManager: Promised remove @ r#2068 for StreamItemIdAndRevision{notifKey=0|android|0|com.android.server.wm.AlertWindowNotification - com.google.android.wearable.app|1000, packageName=android, tag=com.android.server.wm.AlertWindowNotification - com.google.android.wearable.app, id=0, revision=0, originalRevision=0, updateCount=0} (@2067): SBN removed: StreamItemIdAndRevision{notifKey=0|android|0|com.android.server.wm.AlertWindowNotification - com.google.android.wearable.app|1000, packageName=android, tag=com.android.server.wm.AlertWindowNotification - com.google.android.wearable.app, id=0, revision=0, originalRevision=0, updateCount=0}
02-25 21:22:48.971  2188  3548 D StreamDatabase: remove. itemId: StreamItemIdAndRevision{notifKey=0|android|0|com.android.server.wm.AlertWindowNotification - com.google.android.wearable.app|1000, packageName=android, tag=com.android.server.wm.AlertWindowNotification - com.google.android.wearable.app, id=0, revision=2067, originalRevision=2067, updateCount=0}
02-25 21:22:49.000  2188  3145 W UpdateController: Data update failed
02-25 21:22:49.000  2188  3145 W UpdateController: com.google.android.clockwork.home.jovi.content.data.DataException: Some cache updates failed
02-25 21:22:49.000  2188  3145 W UpdateController: 	at com.google.android.clockwork.home.jovi.content.data.impl.DataControllerImpl_CacheUpdaterModule_UpdateFactory.callProducesMethod(AW780973705:9)
02-25 21:22:49.000  2188  3145 W UpdateController: 	at dagger.producers.internal.AbstractProducesMethodProducer.apply(AW780973705:11)
02-25 21:22:49.000  2188  3145 W UpdateController: 	at com.google.common.util.concurrent.AbstractTransformFuture$AsyncTransformFuture.doTransform(AW780973705:5)
02-25 21:22:49.000  2188  3145 W UpdateController: 	at com.google.common.util.concurrent.AbstractTransformFuture.run(AW780973705:17)
02-25 21:22:49.000  2188  3145 W UpdateController: 	at com.google.common.util.concurrent.MoreExecutors$5$1.run(AW780973705:3)
02-25 21:22:49.000  2188  3145 W UpdateController: 	at java.util.concurrent.ThreadPoolExecutor.runWorker(ThreadPoolExecutor.java:1167)
02-25 21:22:49.000  2188  3145 W UpdateController: 	at java.util.concurrent.ThreadPoolExecutor$Worker.run(ThreadPoolExecutor.java:641)
02-25 21:22:49.000  2188  3145 W UpdateController: 	at java.lang.Thread.run(Thread.java:764)
02-25 21:22:49.015  2188  2188 D AccountOracleImpl: Fetching accounts of type: com.google
02-25 21:22:49.040  2188  2188 W AccountOracleImpl: No accounts found.
02-25 21:22:49.106  2188  3548 D StreamAdapter: onStreamChange StreamChangeEvent[modified=0, removed=1, modifiedTop=0, removedTop=0, reorder=false, possibleAlertingItem=none]
02-25 21:22:49.106  2188  3548 D StreamAdapter:   removed:
02-25 21:22:49.106  2188  3548 D StreamAdapter:     StreamItemIdAndRevision{notifKey=0|android|0|com.android.server.wm.AlertWindowNotification - com.google.android.wearable.app|1000, packageName=android, tag=com.android.server.wm.AlertWindowNotification - com.google.android.wearable.app, id=0, revision=2067, originalRevision=2067, updateCount=0}
02-25 21:22:49.162  2188  3548 D StreamAdapter: onStreamChange StreamChangeEvent[modified=0, removed=1, modifiedTop=0, removedTop=0, reorder=false, possibleAlertingItem=none]
02-25 21:22:49.162  2188  3548 D StreamAdapter:   removed:
02-25 21:22:49.162  2188  3548 D StreamAdapter:     StreamItemIdAndRevision{notifKey=0|android|0|com.android.server.wm.AlertWindowNotification - com.google.android.wearable.app|1000, packageName=android, tag=com.android.server.wm.AlertWindowNotification - com.google.android.wearable.app, id=0, revision=2067, originalRevision=2067, updateCount=0}
02-25 21:22:49.235   620   752 E QC-QMI  : qmi_client [620]: unable to connect to server, errno=[2:No such file or directory], attempt=22
02-25 21:22:49.612  2188  2200 I id.wearable.ap: Background concurrent copying GC freed 33362(1578KB) AllocSpace objects, 8(352KB) LOS objects, 24% free, 5MB/7MB, paused 2.135ms total 1.088s
02-25 21:22:49.732   475  1627 D NxpTml  : PN54X - I2C Read successful.....
02-25 21:22:49.733   475  1627 D NxpNciR : len =   4 > 600701A1
02-25 21:22:49.733   475  1627 D NxpTml  : PN54X - Posting read message.....
02-25 21:22:49.737   475  1630 D NxpHal  : read successful status = 0x0
02-25 21:22:49.740  1501  1642 I libnfc_nci: [INFO:nfc_ncif.cc(424)] NFC received ntf gid:0
02-25 21:22:49.740   475  1627 D NxpTml  : PN54X - Read requested.....
02-25 21:22:49.740   475  1627 D NxpTml  : PN54X - Invoking I2C Read.....
02-25 21:22:49.741  1501  1642 I libnfc_nci: [INFO:nci_hrcv.cc(121)] nci_proc_core_ntf opcode:0x7
02-25 21:22:49.752  1501  1642 I libnfc_nci: [INFO:nfa_dm_act.cc(268)] NFC_GEN_ERROR_REVT(0x500d)
02-25 21:22:49.753  1501  1642 I libnfc_nci: [INFO:nfa_dm_discover.cc(1688)] nfa_dm_disc_data_cback
02-25 21:22:49.753  1501  1642 I libnfc_nci: [INFO:nfa_dm_discover.cc(2529)] state: DISCOVERY (1), event: INTF_ERROR_NTF(10) disc_flags: 0x1
02-25 21:22:49.753  1501  1642 I libnfc_nci: [INFO:nfa_dm_discover.cc(2582)] new state: DISCOVERY (1), disc_flags: 0x1
02-25 21:22:49.909   657  1579 I GnssLocationProvider: WakeLock acquired by sendMessage(SET_REQUEST, 0, com.android.server.location.GnssLocationProvider$GpsRequest@193f461)
02-25 21:22:50.181  2188  2188 D GestureController: Ignoring duplicate ACTION_DOWN event.
02-25 21:22:50.222  2188  2270 D CollectorHandler: handleMessage, event: ON_NOTIFICATION_POSTED_WITH_RANKING
02-25 21:22:50.236   620   752 E QC-QMI  : qmi_client [620]: unable to connect to server, errno=[2:No such file or directory], attempt=23
02-25 21:22:50.274  2188  2270 D StreamDBQueue: Promised revision #2069 to queue a new op
02-25 21:22:50.275  2188  2270 D BaseStreamManager: Promised set @ r#2069 for (android,tag=com.android.server.wm.AlertWindowNotification - com.google.android.wearable.app,id=0,notifKey=0|android|0|com.android.server.wm.AlertWindowNotification - com.google.android.wearable.app|1000)
02-25 21:22:50.481  2188  3548 D StreamDatabase:   filtering notification, reason=HOME_OVER_OTHER_APPS_NOTIFICATION, itemId=StreamItemIdAndRevision{notifKey=0|android|0|com.android.server.wm.AlertWindowNotification - com.google.android.wearable.app|1000, packageName=android, tag=com.android.server.wm.AlertWindowNotification - com.google.android.wearable.app, id=0, revision=2069, originalRevision=2069, updateCount=0}
02-25 21:22:50.551  2188  3548 D StreamAdapter: onStreamChange StreamChangeEvent[modified=1, removed=0, modifiedTop=0, removedTop=0, reorder=false, possibleAlertingItem=none]
02-25 21:22:50.551  2188  3548 D StreamAdapter:   modified:
02-25 21:22:50.551  2188  3548 D StreamAdapter:     StreamItemIdAndRevision{notifKey=0|android|0|com.android.server.wm.AlertWindowNotification - com.google.android.wearable.app|1000, packageName=android, tag=com.android.server.wm.AlertWindowNotification - com.google.android.wearable.app, id=0, revision=2069, originalRevision=2069, updateCount=0}
02-25 21:22:50.552  2188  3548 D StreamAdapter: onStreamChange StreamChangeEvent[modified=1, removed=0, modifiedTop=0, removedTop=0, reorder=false, possibleAlertingItem=none]
02-25 21:22:50.552  2188  3548 D StreamAdapter:   modified:
02-25 21:22:50.552  2188  3548 D StreamAdapter:     StreamItemIdAndRevision{notifKey=0|android|0|com.android.server.wm.AlertWindowNotification - com.google.android.wearable.app|1000, packageName=android, tag=com.android.server.wm.AlertWindowNotification - com.google.android.wearable.app, id=0, revision=2069, originalRevision=2069, updateCount=0}
02-25 21:22:50.887  2599  2599 I FitWearable: ReadDailySummaries interval 2019-02-25T00:00:00.000Z/2019-02-25T21:22:50.884Z
02-25 21:22:50.955   520   913 W SurfaceFlinger: Attempting to destroy on removed layer: 2e3c24f OobeOverlayHint#0
02-25 21:22:50.984  2188  2270 D CollectorHandler: handleMessage, event: ON_NOTIFICATION_REMOVED
02-25 21:22:50.989  2188  2270 D StreamDBQueue: Promised revision #2070 to queue a new op
02-25 21:22:50.990  2188  2270 D BaseStreamManager: Promised remove @ r#2070 for StreamItemIdAndRevision{notifKey=0|android|0|com.android.server.wm.AlertWindowNotification - com.google.android.wearable.app|1000, packageName=android, tag=com.android.server.wm.AlertWindowNotification - com.google.android.wearable.app, id=0, revision=0, originalRevision=0, updateCount=0} (@2069): SBN removed: StreamItemIdAndRevision{notifKey=0|android|0|com.android.server.wm.AlertWindowNotification - com.google.android.wearable.app|1000, packageName=android, tag=com.android.server.wm.AlertWindowNotification - com.google.android.wearable.app, id=0, revision=0, originalRevision=0, updateCount=0}
02-25 21:22:51.031  2188  3551 D StreamDatabase: remove. itemId: StreamItemIdAndRevision{notifKey=0|android|0|com.android.server.wm.AlertWindowNotification - com.google.android.wearable.app|1000, packageName=android, tag=com.android.server.wm.AlertWindowNotification - com.google.android.wearable.app, id=0, revision=2069, originalRevision=2069, updateCount=0}
02-25 21:22:51.196  2188  3551 D StreamAdapter: onStreamChange StreamChangeEvent[modified=0, removed=1, modifiedTop=0, removedTop=0, reorder=false, possibleAlertingItem=none]
02-25 21:22:51.196  2188  3551 D StreamAdapter:   removed:
02-25 21:22:51.196  2188  3551 D StreamAdapter:     StreamItemIdAndRevision{notifKey=0|android|0|com.android.server.wm.AlertWindowNotification - com.google.android.wearable.app|1000, packageName=android, tag=com.android.server.wm.AlertWindowNotification - com.google.android.wearable.app, id=0, revision=2069, originalRevision=2069, updateCount=0}
02-25 21:22:51.210  2188  3551 D StreamAdapter: onStreamChange StreamChangeEvent[modified=0, removed=1, modifiedTop=0, removedTop=0, reorder=false, possibleAlertingItem=none]
02-25 21:22:51.210  2188  3551 D StreamAdapter:   removed:
02-25 21:22:51.210  2188  3551 D StreamAdapter:     StreamItemIdAndRevision{notifKey=0|android|0|com.android.server.wm.AlertWindowNotification - com.google.android.wearable.app|1000, packageName=android, tag=com.android.server.wm.AlertWindowNotification - com.google.android.wearable.app, id=0, revision=2069, originalRevision=2069, updateCount=0}
02-25 21:22:51.237   620   752 E QC-QMI  : qmi_client [620]: unable to connect to server, errno=[2:No such file or directory], attempt=24
02-25 21:22:51.248   657   773 W BroadcastQueue: Timeout of broadcast BroadcastRecord{225be53 u-1 android.intent.action.SCREEN_ON} - receiver=android.app.LoadedApk$ReceiverDispatcher$InnerReceiver@da76594, started 10000ms ago
02-25 21:22:51.257   657   773 W BroadcastQueue: Receiver during timeout of BroadcastRecord{225be53 u-1 android.intent.action.SCREEN_ON} : BroadcastFilter{35f4700 u0 ReceiverList{5b1883d 657 system/1000/u0 local:da76594}}
02-25 21:22:51.260   730   730 E QC-QMI  : linux_qmi_qmux_io.c: Unable to open port id /dev/smdcntl0, error [110:Connection timed out]
02-25 21:22:51.260   730   730 E QC-QMI  : qmi_qmux_open_connection: QMI_QMUX_IO_PLATFORM_OPEN_CONN failed conn_id=0 rc=-1 
02-25 21:22:51.260   730   730 E QC-DS-LIB: qmuxd: opening connection for conn_id=0 [DATA5_CNTL] failed on attempt 95, Waiting 50 milliseconds before retry
02-25 21:22:51.278   657   657 I WearPower: [WearTouchMediator] changing touch input to enabled (ON_AUTO)
02-25 21:22:51.279   657   915 I InputReader: Reconfiguring input devices.  changes=0x00000200
02-25 21:22:51.293   657   657 W AlarmManagerProxy: Removing unknown listener
02-25 21:22:51.297  1501  1501 D NfcService: Discovery configuration equal, not updating.
02-25 21:22:51.297  1501  1501 I libnfc_nci: [INFO:NativeNfcManager.cpp(1754)] nfcManager_doSetScreenState: state = 8 prevScreenState= 2, discovry_param = 1
02-25 21:22:51.339  2188  2188 D TileContainer: @onDown
02-25 21:22:51.453  1501  3562 D NfcService: Discovery configuration equal, not updating.
02-25 21:22:51.631  2599  3559 I FitClearcutEvent: WEAR_BACKGROUND_ACTION { 	action: PLATFORM_CONNECT_CLIENT 	param: 0 	duration: 682 	status_code: SUCCESS 	release: CIVILIZATION }
02-25 21:22:51.655  2599  3559 I FitWearable: ReadResultByDay START result for day: 2019-02-25
02-25 21:22:51.661  2599  3559 I FitWearable: ReadResultByDay interval 2019-02-25T00:00:00.000Z/2019-02-25T21:22:50.884Z
02-25 21:22:51.710  2188  2188 D StreamDBQueue: Promised revision #2071 to queue a new op
02-25 21:22:51.711  2188  2188 D WatchStreamManager: Promised rank-blocked=true @ r#2071
02-25 21:22:51.773  2188  2188 D TilesSessionLogger: Session log: # com.google.common.logging.Cw$CwTilesSessionLog@cbaef1b1
02-25 21:22:51.873   657   657 W Looper  : Slow dispatch took 115ms main h=com.android.server.notification.NotificationManagerService$WorkerHandler c=null m=3
02-25 21:22:51.981  2599  3559 I FitClearcutEvent: WEAR_BACKGROUND_ACTION { 	action: PLATFORM_QUERY 	param: ACTIVITY_SUMMARY_QUERY 	param2: 14 	duration: 313 	status_code: INTERRUPTED_EXCEPTION 	release: CIVILIZATION 	query: ACTIVITY_SUMMARY_QUERY }
02-25 21:22:51.982  2599  3559 I FitWearable: Platform query took 313 milliseconds.
02-25 21:22:52.012  2188  2270 D CollectorHandler: handleMessage, event: ON_NOTIFICATION_POSTED_WITH_RANKING
02-25 21:22:52.045   657  1039 E WifiStateMachine: getWifiLinkLayerStats called without an interface
02-25 21:22:52.048  2188  2270 D StreamDBQueue: Promised revision #2072 to queue a new op
02-25 21:22:52.049  2188  2270 D BaseStreamManager: Promised set @ r#2072 for (android,tag=com.android.server.wm.AlertWindowNotification - com.google.android.wearable.app,id=0,notifKey=0|android|0|com.android.server.wm.AlertWindowNotification - com.google.android.wearable.app|1000)
02-25 21:22:52.158  2188  2188 D GestureController: Ignoring duplicate ACTION_DOWN event.
02-25 21:22:52.237   620   752 E QC-QMI  : qmi_client [620]: unable to connect to server, errno=[2:No such file or directory], attempt=25
02-25 21:22:52.252  2188  3550 D StreamDatabase:   filtering notification, reason=HOME_OVER_OTHER_APPS_NOTIFICATION, itemId=StreamItemIdAndRevision{notifKey=0|android|0|com.android.server.wm.AlertWindowNotification - com.google.android.wearable.app|1000, packageName=android, tag=com.android.server.wm.AlertWindowNotification - com.google.android.wearable.app, id=0, revision=2072, originalRevision=2072, updateCount=0}
02-25 21:22:52.318  2188  3550 D StreamAdapter: onStreamChange StreamChangeEvent[modified=1, removed=0, modifiedTop=0, removedTop=0, reorder=false, possibleAlertingItem=none]
02-25 21:22:52.318  2188  3550 D StreamAdapter:   modified:
02-25 21:22:52.318  2188  3550 D StreamAdapter:     StreamItemIdAndRevision{notifKey=0|android|0|com.android.server.wm.AlertWindowNotification - com.google.android.wearable.app|1000, packageName=android, tag=com.android.server.wm.AlertWindowNotification - com.google.android.wearable.app, id=0, revision=2072, originalRevision=2072, updateCount=0}
02-25 21:22:52.319  2188  3550 D StreamAdapter: onStreamChange StreamChangeEvent[modified=1, removed=0, modifiedTop=0, removedTop=0, reorder=false, possibleAlertingItem=none]
02-25 21:22:52.319  2188  3550 D StreamAdapter:   modified:
02-25 21:22:52.319  2188  3550 D StreamAdapter:     StreamItemIdAndRevision{notifKey=0|android|0|com.android.server.wm.AlertWindowNotification - com.google.android.wearable.app|1000, packageName=android, tag=com.android.server.wm.AlertWindowNotification - com.google.android.wearable.app, id=0, revision=2072, originalRevision=2072, updateCount=0}
02-25 21:22:52.491  1403  2673 W .gms.persisten: Long monitor contention with owner highpool[11] (3561) at jng jne.a()(:com.google.android.gms@14574062@14.5.74 (050304-219897028):2) waiters=0 in jng jne.a() for 593ms
02-25 21:22:52.766  2188  2270 D CollectorHandler: handleMessage, event: ON_NOTIFICATION_REMOVED
02-25 21:22:52.767  2188  2270 D StreamDBQueue: Promised revision #2073 to queue a new op
02-25 21:22:52.768  2188  2270 D BaseStreamManager: Promised remove @ r#2073 for StreamItemIdAndRevision{notifKey=0|android|0|com.android.server.wm.AlertWindowNotification - com.google.android.wearable.app|1000, packageName=android, tag=com.android.server.wm.AlertWindowNotification - com.google.android.wearable.app, id=0, revision=0, originalRevision=0, updateCount=0} (@2072): SBN removed: StreamItemIdAndRevision{notifKey=0|android|0|com.android.server.wm.AlertWindowNotification - com.google.android.wearable.app|1000, packageName=android, tag=com.android.server.wm.AlertWindowNotification - com.google.android.wearable.app, id=0, revision=0, originalRevision=0, updateCount=0}
02-25 21:22:52.788  2188  3550 D StreamDatabase: remove. itemId: StreamItemIdAndRevision{notifKey=0|android|0|com.android.server.wm.AlertWindowNotification - com.google.android.wearable.app|1000, packageName=android, tag=com.android.server.wm.AlertWindowNotification - com.google.android.wearable.app, id=0, revision=2072, originalRevision=2072, updateCount=0}
02-25 21:22:52.791  2188  3550 D StreamAdapter: onStreamChange StreamChangeEvent[modified=0, removed=1, modifiedTop=0, removedTop=0, reorder=false, possibleAlertingItem=none]
02-25 21:22:52.791  2188  3550 D StreamAdapter:   removed:
02-25 21:22:52.791  2188  3550 D StreamAdapter:     StreamItemIdAndRevision{notifKey=0|android|0|com.android.server.wm.AlertWindowNotification - com.google.android.wearable.app|1000, packageName=android, tag=com.android.server.wm.AlertWindowNotification - com.google.android.wearable.app, id=0, revision=2072, originalRevision=2072, updateCount=0}
02-25 21:22:52.803  2188  3550 D StreamAdapter: onStreamChange StreamChangeEvent[modified=0, removed=1, modifiedTop=0, removedTop=0, reorder=false, possibleAlertingItem=none]
02-25 21:22:52.803  2188  3550 D StreamAdapter:   removed:
02-25 21:22:52.803  2188  3550 D StreamAdapter:     StreamItemIdAndRevision{notifKey=0|android|0|com.android.server.wm.AlertWindowNotification - com.google.android.wearable.app|1000, packageName=android, tag=com.android.server.wm.AlertWindowNotification - com.google.android.wearable.app, id=0, revision=2072, originalRevision=2072, updateCount=0}
02-25 21:22:53.237   620   752 E QC-QMI  : qmi_client [620]: unable to connect to server, errno=[2:No such file or directory], attempt=26
02-25 21:22:53.820  2188  2188 D StreamDBQueue: Promised revision #2074 to queue a new op
02-25 21:22:53.821  2188  2188 D WatchStreamManager: Promised mark-all-read @ r#2074
02-25 21:22:53.999  2188  2270 D CollectorHandler: handleMessage, event: ON_NOTIFICATION_POSTED_WITH_RANKING
02-25 21:22:54.013  2188  2270 D StreamDBQueue: Promised revision #2075 to queue a new op
02-25 21:22:54.014  2188  2270 D BaseStreamManager: Promised set @ r#2075 for (android,tag=com.android.server.wm.AlertWindowNotification - com.google.android.wearable.app,id=0,notifKey=0|android|0|com.android.server.wm.AlertWindowNotification - com.google.android.wearable.app|1000)
02-25 21:22:54.020  2188  3551 D StreamDatabase:   filtering notification, reason=HOME_OVER_OTHER_APPS_NOTIFICATION, itemId=StreamItemIdAndRevision{notifKey=0|android|0|com.android.server.wm.AlertWindowNotification - com.google.android.wearable.app|1000, packageName=android, tag=com.android.server.wm.AlertWindowNotification - com.google.android.wearable.app, id=0, revision=2075, originalRevision=2075, updateCount=0}
02-25 21:22:54.044  2188  3551 D StreamAdapter: onStreamChange StreamChangeEvent[modified=1, removed=0, modifiedTop=0, removedTop=0, reorder=false, possibleAlertingItem=none]
02-25 21:22:54.044  2188  3551 D StreamAdapter:   modified:
02-25 21:22:54.044  2188  3551 D StreamAdapter:     StreamItemIdAndRevision{notifKey=0|android|0|com.android.server.wm.AlertWindowNotification - com.google.android.wearable.app|1000, packageName=android, tag=com.android.server.wm.AlertWindowNotification - com.google.android.wearable.app, id=0, revision=2075, originalRevision=2075, updateCount=0}
02-25 21:22:54.045  2188  3551 D StreamAdapter: onStreamChange StreamChangeEvent[modified=1, removed=0, modifiedTop=0, removedTop=0, reorder=false, possibleAlertingItem=none]
02-25 21:22:54.045  2188  3551 D StreamAdapter:   modified:
02-25 21:22:54.045  2188  3551 D StreamAdapter:     StreamItemIdAndRevision{notifKey=0|android|0|com.android.server.wm.AlertWindowNotification - com.google.android.wearable.app|1000, packageName=android, tag=com.android.server.wm.AlertWindowNotification - com.google.android.wearable.app, id=0, revision=2075, originalRevision=2075, updateCount=0}
02-25 21:22:54.240   620   752 E QC-QMI  : qmi_client [620]: unable to connect to server, errno=[2:No such file or directory], attempt=27
02-25 21:22:54.284  2188  3557 D LocationOracleImpl: Fresh location fetch timed out.
02-25 21:22:54.297  2188  3145 W LocationOracleImpl: Location fetch failed.
02-25 21:22:54.297  2188  3145 W LocationOracleImpl: java.util.concurrent.TimeoutException: Fresh location fetch timed out.
02-25 21:22:54.297  2188  3145 W LocationOracleImpl: 	at com.google.android.clockwork.home.jovi.location.LocationOracleImpl$3.run(AW780973705:9)
02-25 21:22:54.297  2188  3145 W LocationOracleImpl: 	at java.util.TimerThread.mainLoop(Timer.java:562)
02-25 21:22:54.297  2188  3145 W LocationOracleImpl: 	at java.util.TimerThread.run(Timer.java:512)
02-25 21:22:54.298  2188  3145 W GetCardsRpc: making request without location
02-25 21:22:54.339  2188  3558 D LocationOracleImpl: Fresh location fetch timed out.
02-25 21:22:54.342  2188  3145 W LocationOracleImpl: Location fetch failed.
02-25 21:22:54.342  2188  3145 W LocationOracleImpl: java.util.concurrent.TimeoutException: Fresh location fetch timed out.
02-25 21:22:54.342  2188  3145 W LocationOracleImpl: 	at com.google.android.clockwork.home.jovi.location.LocationOracleImpl$3.run(AW780973705:9)
02-25 21:22:54.342  2188  3145 W LocationOracleImpl: 	at java.util.TimerThread.mainLoop(Timer.java:562)
02-25 21:22:54.342  2188  3145 W LocationOracleImpl: 	at java.util.TimerThread.run(Timer.java:512)
02-25 21:22:54.433   657  1214 I GnssLocationProvider: WakeLock acquired by sendMessage(SET_REQUEST, 0, com.android.server.location.GnssLocationProvider$GpsRequest@387067d)
02-25 21:22:54.707   657   772 W Looper  : Slow dispatch took 13539ms android.bg h=com.android.server.am.ActivityManagerService$3 c=null m=1
02-25 21:22:54.742   657   657 I WearPower: [WearTouchMediator] changing touch input to enabled (ON_AUTO)
02-25 21:22:54.743   657   915 I InputReader: Reconfiguring input devices.  changes=0x00000200
02-25 21:22:54.747   469   469 I LocSvc_GnssInterface: ===> setPositionMode line 276 
02-25 21:22:54.747   469   469 I LocSvc_GnssInterface: ===> start line 208 
02-25 21:22:54.747   469   469 I LocSvc_APIClientBase: locAPIStartTracking:342] start new session: 15
02-25 21:22:54.748   657   772 I GnssLocationProvider: WakeLock released by handleMessage(SET_REQUEST, 0, com.android.server.location.GnssLocationProvider$GpsRequest@193f461)
02-25 21:22:54.749   469  1294 I LocSvc_api_v02: ---> locClientSendReq line 2298 QMI_LOC_REG_EVENTS_REQ_V02
02-25 21:22:54.753  1501  1501 I libnfc_nci: [INFO:NativeNfcManager.cpp(1754)] nfcManager_doSetScreenState: state = 1 prevScreenState= 2, discovry_param = 1
02-25 21:22:54.757   469  2182 I LocSvc_ApiV02: <--- globalRespCb line 177 QMI_LOC_SET_ENGINE_LOCK_REQ_V02
02-25 21:22:54.757   469  1294 I LocSvc_api_v02: ---> locClientSendReq line 2298 QMI_LOC_SET_OPERATION_MODE_REQ_V02
02-25 21:22:54.758   657   657 D WristGestureCtrl: Stopping detectors: GesturesEnabled-false gestureDetector-false ungazeEnabled-true ungaze-true
02-25 21:22:54.758   657   657 D DefaultUngazeDetector: stopping
02-25 21:22:54.760   657   657 W ContextImpl: Calling a method in the system process without a qualified user: android.app.ContextImpl.bindService:1611 android.content.ContextWrapper.bindService:698 com.google.android.wearable.ambient.TiltToWakeController.checkForWetMode:109 com.google.android.wearable.ambient.AmbientService$5.onReceive:368 android.app.LoadedApk$ReceiverDispatcher$Args.lambda$getRunnable$0:1391 
02-25 21:22:54.761   469  2182 I LocSvc_ApiV02: <--- globalRespCb line 177 QMI_LOC_SET_OPERATION_MODE_REQ_V02
02-25 21:22:54.761   469  1294 I LocSvc_api_v02: ---> locClientSendReq line 2298 QMI_LOC_START_REQ_V02
02-25 21:22:54.765   677   955 I LocSvc_ApiV02: <--- globalEventCb line 151 QMI_LOC_EVENT_INJECT_TIME_REQ_IND_V02
02-25 21:22:54.794   657   657 I AmbientService: [6cea065] Skipping schedule of auto-resume alarm; ambient enabled.
02-25 21:22:54.796  1501  3539 I libnfc_nci: [INFO:NativeNfcManager.cpp(1242)] nfcManager_disableDiscovery: enter;
02-25 21:22:54.796  1501  3539 I libnfc_nci: [INFO:Pn544Interop.cpp(145)] pn544InteropAbortNow
02-25 21:22:54.796  1501  3539 I libnfc_nci: [INFO:NativeNfcManager.cpp(2029)] startRfDiscovery: is start=0
02-25 21:22:54.812   657   657 W Binder  : Outgoing transactions from this process must be FLAG_ONEWAY
02-25 21:22:54.812   657   657 W Binder  : java.lang.Throwable
02-25 21:22:54.812   657   657 W Binder  : 	at android.os.BinderProxy.transact(Binder.java:1114)
02-25 21:22:54.812   657   657 W Binder  : 	at com.google.android.clockwork.settings.display.IWetModeTilt$Stub$Proxy.isWetModeEnabled(IWetModeTilt.java:105)
02-25 21:22:54.812   657   657 W Binder  : 	at com.google.android.wearable.ambient.TiltToWakeController$WetModeConnection.onServiceConnected(TiltToWakeController.java:270)
02-25 21:22:54.812   657   657 W Binder  : 	at android.app.LoadedApk$ServiceDispatcher.doConnected(LoadedApk.java:1730)
02-25 21:22:54.812   657   657 W Binder  : 	at android.app.LoadedApk$ServiceDispatcher$RunConnection.run(LoadedApk.java:1762)
02-25 21:22:54.812   657   657 W Binder  : 	at android.os.Handler.handleCallback(Handler.java:873)
02-25 21:22:54.812   657   657 W Binder  : 	at android.os.Handler.dispatchMessage(Handler.java:99)
02-25 21:22:54.812   657   657 W Binder  : 	at android.os.Looper.loop(Looper.java:193)
02-25 21:22:54.812   657   657 W Binder  : 	at com.android.server.SystemServer.run(SystemServer.java:462)
02-25 21:22:54.812   657   657 W Binder  : 	at com.android.server.SystemServer.main(SystemServer.java:298)
02-25 21:22:54.812   657   657 W Binder  : 	at java.lang.reflect.Method.invoke(Native Method)
02-25 21:22:54.812   657   657 W Binder  : 	at com.android.internal.os.RuntimeInit$MethodAndArgsCaller.run(RuntimeInit.java:493)
02-25 21:22:54.812   657   657 W Binder  : 	at com.android.internal.os.ZygoteInit.main(ZygoteInit.java:838)
02-25 21:22:54.815   501   501 I vendor.rmt_storage: rmt_storage_connect_cb: clnt_h=0xf conn_h=0xa768c030
02-25 21:22:54.815   501   501 I vendor.rmt_storage: rmt_storage_rw_iovec_cb: /boot/modem_fs1: req_h=0xf msg_id=3: R/W request received
02-25 21:22:54.815   501   501 I vendor.rmt_storage: wakelock acquired: 1, error no: 42
02-25 21:22:54.815   501   527 I vendor.rmt_storage: rmt_storage_client_thread: /boot/modem_fs1: Unblock worker thread (th_id: -1487439504)
02-25 21:22:54.846  1501  3539 I libnfc_nci: [INFO:NativeNfcTag.cpp(1753)] nativeNfcTag_acquireRfInterfaceMutexLock: try to acquire lock
02-25 21:22:54.846  1501  3539 I libnfc_nci: [INFO:NativeNfcTag.cpp(1756)] nativeNfcTag_acquireRfInterfaceMutexLock: sRfInterfaceMutex lock
02-25 21:22:54.846  1501  3539 I libnfc_nci: [INFO:nfa_dm_api.cc(720)] NFA_StopRfDiscovery
02-25 21:22:54.847  1501  1642 I libnfc_nci: [INFO:nfa_sys_main.cc(77)] NFA got event 0x010F
02-25 21:22:54.847  1501  1642 I libnfc_nci: [INFO:nfa_dm_main.cc(121)] event: NFA_DM_API_STOP_RF_DISCOVERY_EVT (0x0f)
02-25 21:22:54.847  1501  1642 I libnfc_nci: [INFO:nfa_dm_act.cc(1257)] nfa_dm_act_stop_rf_discovery
02-25 21:22:54.847  1501  1642 I libnfc_nci: [INFO:nfa_dm_discover.cc(2763)] deactivate_type:0x0
02-25 21:22:54.847  1501  1642 I libnfc_nci: [INFO:nfa_dm_discover.cc(2529)] state: DISCOVERY (1), event: DEACTIVATE_CMD(6) disc_flags: 0x2
02-25 21:22:54.847  1501  1642 I libnfc_nci: [INFO:nfc_main.cc(1127)] NFC_Deactivate 4 (IDLE) deactivate_type:0
02-25 21:22:54.848  1501  1642 I libnfc_nci: [INFO:NfcAdaptation.cc(583)] NfcAdaptation::HalWrite
02-25 21:22:54.848   475   475 D NxpExtns: find found MIFARE_READER_ENABLE=(0x1)
02-25 21:22:54.848   475  1628 D NxpTml  : PN54X - Write requested.....
02-25 21:22:54.848   475  1628 D NxpTml  : PN54X - Invoking I2C Write.....
02-25 21:22:54.869   475  1628 E NxpTml  : _i2c_write() errno : 5
02-25 21:22:54.869   475  1628 E NxpTml  : PN54X - Error in I2C Write.....
02-25 21:22:54.869   475  1628 D NxpTml  : PN54X - Posting Fresh Write message.....
02-25 21:22:54.869   475  1628 D NxpTml  : PN54X - Tml Writer Thread Running................
02-25 21:22:54.872   475  1630 E NxpHal  : write error status = 0x1ff
02-25 21:22:54.872   475   475 E NxpHal  : write_unlocked failed - PN54X Maybe in Standby Mode - Retry
02-25 21:22:54.882   677  3567 E LocSvc_xtra2: downloadSntpTime:268] DNS resolution on time.izatcloud.net failed.
02-25 21:22:54.882   475  1628 D NxpTml  : PN54X - Write requested.....
02-25 21:22:54.883   475  1628 D NxpTml  : PN54X - Invoking I2C Write.....
02-25 21:22:54.885   475  1627 D NxpTml  : PN54X - I2C Read successful.....
02-25 21:22:54.885   475  1627 D NxpTml  : Delay Read if write thread is busy
02-25 21:22:54.886   475  1628 D NxpNciX : len =   4 > 21060100
02-25 21:22:54.886   475  1628 D NxpTml  : PN54X - I2C Write successful.....
02-25 21:22:54.886   475  1628 D NxpTml  : PN54X - Posting Fresh Write message.....
02-25 21:22:54.886   475  1628 D NxpTml  : PN54X - Tml Writer Thread Running................
02-25 21:22:54.886   475  1630 D NxpHal  : write successful status = 0x0
02-25 21:22:54.886  1501  1642 I libnfc_nci: [INFO:nfa_dm_discover.cc(2582)] new state: DISCOVERY (1), disc_flags: 0x22
02-25 21:22:54.887  1501  1642 I libnfc_nci: [INFO:nfa_sys_ptim.cc(156)] nfa_sys_ptim_stop_timer 0x95988c04
02-25 21:22:54.887  1501  1642 I libnfc_nci: [INFO:nfa_sys_ptim.cc(163)] ptim timer stop
02-25 21:22:54.887  1501  1642 I libnfc_nci: [INFO:nfa_rw_act.cc(183)] Stopped presence check timer (if started)
02-25 21:22:54.887   475  1627 D NxpNciR : len =   4 > 41060100
02-25 21:22:54.887   475  1627 D NxpTml  : PN54X - Posting read message.....
02-25 21:22:54.887   475  1630 D NxpHal  : read successful status = 0x0
02-25 21:22:54.888  1501  1642 I libnfc_nci: [INFO:nfc_ncif.cc(383)] NFC received rsp gid:1
02-25 21:22:54.888  1501  1642 I libnfc_nci: [INFO:nfa_dm_discover.cc(2937)] P2P_Prio_Logic
02-25 21:22:54.888   475  1627 D NxpTml  : PN54X - Read requested.....
02-25 21:22:54.888   475  1627 D NxpTml  : PN54X - Invoking I2C Read.....
02-25 21:22:54.888  1501  1642 I libnfc_nci: [INFO:nfa_dm_discover.cc(2945)] nfa_dm_p2p_prio_logic event_type = 0x1
02-25 21:22:54.888  1501  1642 I libnfc_nci: [INFO:nfa_dm_discover.cc(3038)] returning TRUE
02-25 21:22:54.889  1501  1642 I libnfc_nci: [INFO:nfc_main.cc(326)] nfc_set_state 4 (IDLE)->4 (IDLE)
02-25 21:22:54.889  1501  1642 I libnfc_nci: [INFO:nfa_dm_discover.cc(1688)] nfa_dm_disc_data_cback
02-25 21:22:54.889  1501  1642 I libnfc_nci: [INFO:nfa_dm_discover.cc(720)] event:0x4005
02-25 21:22:54.889  1501  1642 I libnfc_nci: [INFO:nfa_dm_discover.cc(2529)] state: DISCOVERY (1), event: DEACTIVATE_RSP(7) disc_flags: 0x22
02-25 21:22:54.889  1501  1642 I libnfc_nci: [INFO:nfa_dm_discover.cc(1711)] old_state: DISCOVERY (1), new_state: IDLE (0) disc_flags: 0x2
02-25 21:22:54.889  1501  1642 I libnfc_nci: [INFO:NativeNfcManager.cpp(249)] nfaConnectionCallback: event= 31
02-25 21:22:54.889  1501  1642 I libnfc_nci: [INFO:NativeNfcManager.cpp(284)] nfaConnectionCallback: NFA_RF_DISCOVERY_STOPPED_EVT: status = 0
02-25 21:22:54.889  1501  1642 I libnfc_nci: [INFO:nfa_dm_discover.cc(910)] nfa_dm_start_rf_discover
02-25 21:22:54.889  1501  1642 I libnfc_nci: [INFO:nfa_dm_discover.cc(2582)] new state: IDLE (0), disc_flags: 0x0
02-25 21:22:54.889  1501  3539 I libnfc_nci: [INFO:NativeNfcTag.cpp(1771)] nativeNfcTag_releaseRfInterfaceMutexLock: sRfInterfaceMutex unlock
02-25 21:22:54.889  1501  3539 I libnfc_nci: [INFO:NativeNfcTag.cpp(1753)] nativeNfcTag_acquireRfInterfaceMutexLock: try to acquire lock
02-25 21:22:54.890  1501  3539 I libnfc_nci: [INFO:NativeNfcTag.cpp(1756)] nativeNfcTag_acquireRfInterfaceMutexLock: sRfInterfaceMutex lock
02-25 21:22:54.890  1501  3539 I libnfc_nci: [INFO:NativeNfcManager.cpp(2169)] stopPolling_rfDiscoveryDisabled: disable polling
02-25 21:22:54.890  1501  3539 I libnfc_nci: [INFO:nfa_dm_api.cc(476)] NFA_DisablePolling
02-25 21:22:54.890  1501  1642 I libnfc_nci: [INFO:nfa_sys_main.cc(77)] NFA got event 0x0107
02-25 21:22:54.890  1501  1642 I libnfc_nci: [INFO:nfa_dm_main.cc(121)] event: NFA_DM_API_DISABLE_POLLING_EVT (0x07)
02-25 21:22:54.890  1501  1642 I libnfc_nci: [INFO:nfa_dm_act.cc(1040)] nfa_dm_act_disable_polling
02-25 21:22:54.890  1501  1642 I libnfc_nci: [INFO:nfa_dm_act.cc(1009)] nfa_dm_deactivate_polling
02-25 21:22:54.890  1501  1642 I libnfc_nci: [INFO:nfa_dm_discover.cc(2709)] handle=0x1
02-25 21:22:54.890  1501  1642 I libnfc_nci: [INFO:NativeNfcManager.cpp(249)] nfaConnectionCallback: event= 1
02-25 21:22:54.890  1501  1642 I libnfc_nci: [INFO:NativeNfcManager.cpp(264)] nfaConnectionCallback: NFA_POLL_DISABLED_EVT: status = 0
02-25 21:22:54.891  1501  3539 I libnfc_nci: [INFO:NativeNfcTag.cpp(1771)] nativeNfcTag_releaseRfInterfaceMutexLock: sRfInterfaceMutex unlock
02-25 21:22:54.891  1501  3539 I libnfc_nci: [INFO:PeerToPeer.cpp(1119)] PeerToPeer::enableP2pListening: enter isEnable: 0  mIsP2pListening: 1
02-25 21:22:54.891  1501  3539 I libnfc_nci: [INFO:nfa_dm_api.cc(657)] tech_mask:0x0
02-25 21:22:54.891  1501  1642 I libnfc_nci: [INFO:nfa_sys_main.cc(77)] NFA got event 0x010D
02-25 21:22:54.891  1501  1642 I libnfc_nci: [INFO:nfa_dm_main.cc(121)] event: NFA_DM_API_SET_P2P_LISTEN_TECH_EVT (0x0d)
02-25 21:22:54.891  1501  1642 I libnfc_nci: [INFO:nfa_dm_act.cc(1206)] tech_mask = 0
