02-25 21:20:18.887   620   752 E QC-QMI  : qmi_client [620]: unable to connect to server, errno=[2:No such file or directory], attempt=57
02-25 21:20:19.890   620   752 E QC-QMI  : qmi_client [620]: unable to connect to server, errno=[2:No such file or directory], attempt=58
02-25 21:20:20.891   620   752 E QC-QMI  : qmi_client [620]: unable to connect to server, errno=[2:No such file or directory], attempt=59
02-25 21:20:21.891   620   752 E QC-QMI  : qmi_client [620]: unable to connect to server, errno=[2:No such file or directory], attempt=60
02-25 21:20:22.892   620   752 E QC-QMI  : qmi_client [620]: unable to connect to server after 60 tries... giving up
02-25 21:20:22.892   620   752 E QC-QMI  : qmi_qmux_if_pwr_up_init_ex:  Initialization failed, rc = -1
02-25 21:20:22.892   620   752 E QMI_FW  : QMUXD: WARNING qmi_qmux_if_pwr_up_init failed! rc=-1
02-25 21:20:27.902   730   730 E QC-QMI  : linux_qmi_qmux_io.c: Unable to open port id /dev/smdcntl0, error [110:Connection timed out]
02-25 21:20:27.902   730   730 E QC-QMI  : qmi_qmux_open_connection: QMI_QMUX_IO_PLATFORM_OPEN_CONN failed conn_id=0 rc=-1 
02-25 21:20:27.902   730   730 E QC-DS-LIB: qmuxd: opening connection for conn_id=0 [DATA5_CNTL] failed on attempt 88, Waiting 50 milliseconds before retry
02-25 21:20:27.993   620   752 D PerMgrLib: QCRIL voting for modem
02-25 21:20:28.009   514   548 D PerMgrSrv: QCRIL voting for modem
02-25 21:20:28.009   514   548 D PerMgrSrv: modem client QCRIL is voter already
02-25 21:20:28.032   620   752 E QC-QMI  : qmi_client [620]: unable to connect to server, errno=[2:No such file or directory], attempt=1
02-25 21:20:29.033   620   752 E QC-QMI  : qmi_client [620]: unable to connect to server, errno=[2:No such file or directory], attempt=2
02-25 21:20:29.506   612   867 E storaged: getDiskStats failed with result NOT_SUPPORTED and size 0
02-25 21:20:30.033   620   752 E QC-QMI  : qmi_client [620]: unable to connect to server, errno=[2:No such file or directory], attempt=3
02-25 21:20:31.034   620   752 E QC-QMI  : qmi_client [620]: unable to connect to server, errno=[2:No such file or directory], attempt=4
02-25 21:20:32.036   620   752 E QC-QMI  : qmi_client [620]: unable to connect to server, errno=[2:No such file or directory], attempt=5
02-25 21:20:33.037   620   752 E QC-QMI  : qmi_client [620]: unable to connect to server, errno=[2:No such file or directory], attempt=6
02-25 21:20:34.039   620   752 E QC-QMI  : qmi_client [620]: unable to connect to server, errno=[2:No such file or directory], attempt=7
02-25 21:20:35.041   620   752 E QC-QMI  : qmi_client [620]: unable to connect to server, errno=[2:No such file or directory], attempt=8
02-25 21:20:36.043   620   752 E QC-QMI  : qmi_client [620]: unable to connect to server, errno=[2:No such file or directory], attempt=9
02-25 21:20:36.177  2519  2540 I Finsky  : [164] com.google.android.finsky.bo.ac.run(5): Stats for Executor: BlockingExecutor com.google.android.finsky.bo.ad@40f58e4[Running, pool size = 0, active threads = 0, queued tasks = 0, completed tasks = 2]
02-25 21:20:36.178  2519  2540 I Finsky  : [164] com.google.android.finsky.bo.ac.run(5): Stats for Executor: LightweightExecutor com.google.android.finsky.bo.ad@bf6814d[Running, pool size = 3, active threads = 0, queued tasks = 0, completed tasks = 8]
02-25 21:20:37.045   620   752 E QC-QMI  : qmi_client [620]: unable to connect to server, errno=[2:No such file or directory], attempt=10
02-25 21:20:38.047   620   752 E QC-QMI  : qmi_client [620]: unable to connect to server, errno=[2:No such file or directory], attempt=11
02-25 21:20:39.048   620   752 E QC-QMI  : qmi_client [620]: unable to connect to server, errno=[2:No such file or directory], attempt=12
02-25 21:20:40.050   620   752 E QC-QMI  : qmi_client [620]: unable to connect to server, errno=[2:No such file or directory], attempt=13
02-25 21:20:41.052   620   752 E QC-QMI  : qmi_client [620]: unable to connect to server, errno=[2:No such file or directory], attempt=14
02-25 21:20:42.054   620   752 E QC-QMI  : qmi_client [620]: unable to connect to server, errno=[2:No such file or directory], attempt=15
02-25 21:20:43.056   620   752 E QC-QMI  : qmi_client [620]: unable to connect to server, errno=[2:No such file or directory], attempt=16
02-25 21:20:44.058   620   752 E QC-QMI  : qmi_client [620]: unable to connect to server, errno=[2:No such file or directory], attempt=17
02-25 21:20:45.060   620   752 E QC-QMI  : qmi_client [620]: unable to connect to server, errno=[2:No such file or directory], attempt=18
02-25 21:20:46.061   620   752 E QC-QMI  : qmi_client [620]: unable to connect to server, errno=[2:No such file or directory], attempt=19
02-25 21:20:47.063   620   752 E QC-QMI  : qmi_client [620]: unable to connect to server, errno=[2:No such file or directory], attempt=20
02-25 21:20:48.065   620   752 E QC-QMI  : qmi_client [620]: unable to connect to server, errno=[2:No such file or directory], attempt=21
02-25 21:20:48.382   730   730 E QC-QMI  : linux_qmi_qmux_io.c: Unable to open port id /dev/smdcntl0, error [110:Connection timed out]
02-25 21:20:48.382   730   730 E QC-QMI  : qmi_qmux_open_connection: QMI_QMUX_IO_PLATFORM_OPEN_CONN failed conn_id=0 rc=-1 
02-25 21:20:48.382   730   730 E QC-DS-LIB: qmuxd: opening connection for conn_id=0 [DATA5_CNTL] failed on attempt 89, Waiting 50 milliseconds before retry
02-25 21:20:49.067   620   752 E QC-QMI  : qmi_client [620]: unable to connect to server, errno=[2:No such file or directory], attempt=22
02-25 21:20:50.069   620   752 E QC-QMI  : qmi_client [620]: unable to connect to server, errno=[2:No such file or directory], attempt=23
02-25 21:20:51.071   620   752 E QC-QMI  : qmi_client [620]: unable to connect to server, errno=[2:No such file or directory], attempt=24
02-25 21:20:52.071   620   752 E QC-QMI  : qmi_client [620]: unable to connect to server, errno=[2:No such file or directory], attempt=25
02-25 21:20:53.072   620   752 E QC-QMI  : qmi_client [620]: unable to connect to server, errno=[2:No such file or directory], attempt=26
02-25 21:20:54.073   620   752 E QC-QMI  : qmi_client [620]: unable to connect to server, errno=[2:No such file or directory], attempt=27
02-25 21:20:55.075   620   752 E QC-QMI  : qmi_client [620]: unable to connect to server, errno=[2:No such file or directory], attempt=28
02-25 21:20:56.077   620   752 E QC-QMI  : qmi_client [620]: unable to connect to server, errno=[2:No such file or directory], attempt=29
02-25 21:20:57.079   620   752 E QC-QMI  : qmi_client [620]: unable to connect to server, errno=[2:No such file or directory], attempt=30
02-25 21:20:58.081   620   752 E QC-QMI  : qmi_client [620]: unable to connect to server, errno=[2:No such file or directory], attempt=31
02-25 21:20:59.081   620   752 E QC-QMI  : qmi_client [620]: unable to connect to server, errno=[2:No such file or directory], attempt=32
02-25 21:21:00.082   620   752 E QC-QMI  : qmi_client [620]: unable to connect to server, errno=[2:No such file or directory], attempt=33
02-25 21:21:01.083   620   752 E QC-QMI  : qmi_client [620]: unable to connect to server, errno=[2:No such file or directory], attempt=34
02-25 21:21:02.083   620   752 E QC-QMI  : qmi_client [620]: unable to connect to server, errno=[2:No such file or directory], attempt=35
02-25 21:21:03.084   620   752 E QC-QMI  : qmi_client [620]: unable to connect to server, errno=[2:No such file or directory], attempt=36
02-25 21:21:04.086   620   752 E QC-QMI  : qmi_client [620]: unable to connect to server, errno=[2:No such file or directory], attempt=37
02-25 21:21:05.087   620   752 E QC-QMI  : qmi_client [620]: unable to connect to server, errno=[2:No such file or directory], attempt=38
02-25 21:21:06.089   620   752 E QC-QMI  : qmi_client [620]: unable to connect to server, errno=[2:No such file or directory], attempt=39
02-25 21:21:07.091   620   752 E QC-QMI  : qmi_client [620]: unable to connect to server, errno=[2:No such file or directory], attempt=40
02-25 21:21:08.091   620   752 E QC-QMI  : qmi_client [620]: unable to connect to server, errno=[2:No such file or directory], attempt=41
02-25 21:21:08.872   730   730 E QC-QMI  : linux_qmi_qmux_io.c: Unable to open port id /dev/smdcntl0, error [110:Connection timed out]
02-25 21:21:08.872   730   730 E QC-QMI  : qmi_qmux_open_connection: QMI_QMUX_IO_PLATFORM_OPEN_CONN failed conn_id=0 rc=-1 
02-25 21:21:08.872   730   730 E QC-DS-LIB: qmuxd: opening connection for conn_id=0 [DATA5_CNTL] failed on attempt 90, Waiting 50 milliseconds before retry
02-25 21:21:09.092   620   752 E QC-QMI  : qmi_client [620]: unable to connect to server, errno=[2:No such file or directory], attempt=42
02-25 21:21:10.093   620   752 E QC-QMI  : qmi_client [620]: unable to connect to server, errno=[2:No such file or directory], attempt=43
02-25 21:21:11.093   620   752 E QC-QMI  : qmi_client [620]: unable to connect to server, errno=[2:No such file or directory], attempt=44
02-25 21:21:12.094   620   752 E QC-QMI  : qmi_client [620]: unable to connect to server, errno=[2:No such file or directory], attempt=45
02-25 21:21:13.096   620   752 E QC-QMI  : qmi_client [620]: unable to connect to server, errno=[2:No such file or directory], attempt=46
02-25 21:21:14.097   620   752 E QC-QMI  : qmi_client [620]: unable to connect to server, errno=[2:No such file or directory], attempt=47
02-25 21:21:15.099   620   752 E QC-QMI  : qmi_client [620]: unable to connect to server, errno=[2:No such file or directory], attempt=48
02-25 21:21:16.101   620   752 E QC-QMI  : qmi_client [620]: unable to connect to server, errno=[2:No such file or directory], attempt=49
02-25 21:21:17.101   620   752 E QC-QMI  : qmi_client [620]: unable to connect to server, errno=[2:No such file or directory], attempt=50
02-25 21:21:18.102   620   752 E QC-QMI  : qmi_client [620]: unable to connect to server, errno=[2:No such file or directory], attempt=51
02-25 21:21:19.102   620   752 E QC-QMI  : qmi_client [620]: unable to connect to server, errno=[2:No such file or directory], attempt=52
02-25 21:21:20.103   620   752 E QC-QMI  : qmi_client [620]: unable to connect to server, errno=[2:No such file or directory], attempt=53
02-25 21:21:21.104   620   752 E QC-QMI  : qmi_client [620]: unable to connect to server, errno=[2:No such file or directory], attempt=54
02-25 21:21:22.104   620   752 E QC-QMI  : qmi_client [620]: unable to connect to server, errno=[2:No such file or directory], attempt=55
02-25 21:21:23.106   620   752 E QC-QMI  : qmi_client [620]: unable to connect to server, errno=[2:No such file or directory], attempt=56
02-25 21:21:24.107   620   752 E QC-QMI  : qmi_client [620]: unable to connect to server, errno=[2:No such file or directory], attempt=57
02-25 21:21:25.109   620   752 E QC-QMI  : qmi_client [620]: unable to connect to server, errno=[2:No such file or directory], attempt=58
02-25 21:21:26.111   620   752 E QC-QMI  : qmi_client [620]: unable to connect to server, errno=[2:No such file or directory], attempt=59
02-25 21:21:27.111   620   752 E QC-QMI  : qmi_client [620]: unable to connect to server, errno=[2:No such file or directory], attempt=60
02-25 21:21:28.112   620   752 E QC-QMI  : qmi_client [620]: unable to connect to server after 60 tries... giving up
02-25 21:21:28.112   620   752 E QC-QMI  : qmi_qmux_if_pwr_up_init_ex:  Initialization failed, rc = -1
02-25 21:21:28.112   620   752 E QMI_FW  : QMUXD: WARNING qmi_qmux_if_pwr_up_init failed! rc=-1
02-25 21:21:28.113   620   752 E QC-QMI  : qmi_client [620]: unable to connect to server, errno=[2:No such file or directory], attempt=1
02-25 21:21:29.113   620   752 E QC-QMI  : qmi_client [620]: unable to connect to server, errno=[2:No such file or directory], attempt=2
02-25 21:21:29.342   730   730 E QC-QMI  : linux_qmi_qmux_io.c: Unable to open port id /dev/smdcntl0, error [110:Connection timed out]
02-25 21:21:29.342   730   730 E QC-QMI  : qmi_qmux_open_connection: QMI_QMUX_IO_PLATFORM_OPEN_CONN failed conn_id=0 rc=-1 
02-25 21:21:29.342   730   730 E QC-DS-LIB: qmuxd: opening connection for conn_id=0 [DATA5_CNTL] failed on attempt 91, Waiting 50 milliseconds before retry
02-25 21:21:29.508   612   867 E storaged: getDiskStats failed with result NOT_SUPPORTED and size 0
02-25 21:21:30.114   620   752 E QC-QMI  : qmi_client [620]: unable to connect to server, errno=[2:No such file or directory], attempt=3
02-25 21:21:31.116   620   752 E QC-QMI  : qmi_client [620]: unable to connect to server, errno=[2:No such file or directory], attempt=4
02-25 21:21:32.117   620   752 E QC-QMI  : qmi_client [620]: unable to connect to server, errno=[2:No such file or directory], attempt=5
02-25 21:21:33.118   620   752 E QC-QMI  : qmi_client [620]: unable to connect to server, errno=[2:No such file or directory], attempt=6
02-25 21:21:34.119   620   752 E QC-QMI  : qmi_client [620]: unable to connect to server, errno=[2:No such file or directory], attempt=7
02-25 21:21:35.121   620   752 E QC-QMI  : qmi_client [620]: unable to connect to server, errno=[2:No such file or directory], attempt=8
02-25 21:21:36.123   620   752 E QC-QMI  : qmi_client [620]: unable to connect to server, errno=[2:No such file or directory], attempt=9
02-25 21:21:36.220  2519  2540 I Finsky  : [164] com.google.android.finsky.bo.ac.run(5): Stats for Executor: BlockingExecutor com.google.android.finsky.bo.ad@40f58e4[Running, pool size = 0, active threads = 0, queued tasks = 0, completed tasks = 2]
02-25 21:21:36.220  2519  2540 I Finsky  : [164] com.google.android.finsky.bo.ac.run(5): Stats for Executor: LightweightExecutor com.google.android.finsky.bo.ad@bf6814d[Running, pool size = 3, active threads = 0, queued tasks = 0, completed tasks = 8]
02-25 21:21:37.123   620   752 E QC-QMI  : qmi_client [620]: unable to connect to server, errno=[2:No such file or directory], attempt=10
02-25 21:21:38.124   620   752 E QC-QMI  : qmi_client [620]: unable to connect to server, errno=[2:No such file or directory], attempt=11
02-25 21:21:39.126   620   752 E QC-QMI  : qmi_client [620]: unable to connect to server, errno=[2:No such file or directory], attempt=12
02-25 21:21:40.127   620   752 E QC-QMI  : qmi_client [620]: unable to connect to server, errno=[2:No such file or directory], attempt=13
02-25 21:21:40.469  2519  2565 I PlayCommon: [177] com.google.android.play.b.g.d(216): Preparing logs for uploading
02-25 21:21:40.471  2519  2565 I PlayCommon: [177] com.google.android.play.b.x.a(9): Connecting to server for timestamp: https://play.googleapis.com/play/log/timestamp
02-25 21:21:40.484  2519  2565 E PlayCommon: [177] com.google.android.play.b.x.a(20): Failed to connect to server for server timestamp: java.net.UnknownHostException: Unable to resolve host "play.googleapis.com": No address associated with hostname
02-25 21:21:40.484  2519  2565 W PlayCommon: [177] com.google.android.play.b.g.a(498): No account for auth token provided
02-25 21:21:40.485  2519  2565 I PlayCommon: [177] com.google.android.play.b.g.a(386): Connecting to server: https://play.googleapis.com/play/log?format=raw&proto_v2=true
02-25 21:21:40.487  2519  2565 E PlayCommon: [177] com.google.android.play.b.g.a(421): Failed to connect to server: java.net.UnknownHostException: Unable to resolve host "play.googleapis.com": No address associated with hostname
02-25 21:21:41.129   620   752 E QC-QMI  : qmi_client [620]: unable to connect to server, errno=[2:No such file or directory], attempt=14
02-25 21:21:42.131   620   752 E QC-QMI  : qmi_client [620]: unable to connect to server, errno=[2:No such file or directory], attempt=15
02-25 21:21:43.131   620   752 E QC-QMI  : qmi_client [620]: unable to connect to server, errno=[2:No such file or directory], attempt=16
02-25 21:21:44.132   620   752 E QC-QMI  : qmi_client [620]: unable to connect to server, errno=[2:No such file or directory], attempt=17
02-25 21:21:45.134   620   752 E QC-QMI  : qmi_client [620]: unable to connect to server, errno=[2:No such file or directory], attempt=18
02-25 21:21:46.136   620   752 E QC-QMI  : qmi_client [620]: unable to connect to server, errno=[2:No such file or directory], attempt=19
02-25 21:21:47.138   620   752 E QC-QMI  : qmi_client [620]: unable to connect to server, errno=[2:No such file or directory], attempt=20
02-25 21:21:48.140   620   752 E QC-QMI  : qmi_client [620]: unable to connect to server, errno=[2:No such file or directory], attempt=21
02-25 21:21:49.141   620   752 E QC-QMI  : qmi_client [620]: unable to connect to server, errno=[2:No such file or directory], attempt=22
02-25 21:21:49.821   730   730 E QC-QMI  : linux_qmi_qmux_io.c: Unable to open port id /dev/smdcntl0, error [110:Connection timed out]
02-25 21:21:49.821   730   730 E QC-QMI  : qmi_qmux_open_connection: QMI_QMUX_IO_PLATFORM_OPEN_CONN failed conn_id=0 rc=-1 
02-25 21:21:49.821   730   730 E QC-DS-LIB: qmuxd: opening connection for conn_id=0 [DATA5_CNTL] failed on attempt 92, Waiting 50 milliseconds before retry
02-25 21:21:50.143   620   752 E QC-QMI  : qmi_client [620]: unable to connect to server, errno=[2:No such file or directory], attempt=23
02-25 21:21:51.145   620   752 E QC-QMI  : qmi_client [620]: unable to connect to server, errno=[2:No such file or directory], attempt=24
02-25 21:21:52.147   620   752 E QC-QMI  : qmi_client [620]: unable to connect to server, errno=[2:No such file or directory], attempt=25
02-25 21:21:53.149   620   752 E QC-QMI  : qmi_client [620]: unable to connect to server, errno=[2:No such file or directory], attempt=26
02-25 21:21:54.151   620   752 E QC-QMI  : qmi_client [620]: unable to connect to server, errno=[2:No such file or directory], attempt=27
02-25 21:21:55.151   620   752 E QC-QMI  : qmi_client [620]: unable to connect to server, errno=[2:No such file or directory], attempt=28
02-25 21:21:56.152   620   752 E QC-QMI  : qmi_client [620]: unable to connect to server, errno=[2:No such file or directory], attempt=29
02-25 21:21:57.153   620   752 E QC-QMI  : qmi_client [620]: unable to connect to server, errno=[2:No such file or directory], attempt=30
02-25 21:21:58.153   620   752 E QC-QMI  : qmi_client [620]: unable to connect to server, errno=[2:No such file or directory], attempt=31
02-25 21:21:59.154   620   752 E QC-QMI  : qmi_client [620]: unable to connect to server, errno=[2:No such file or directory], attempt=32
02-25 21:22:00.156   620   752 E QC-QMI  : qmi_client [620]: unable to connect to server, errno=[2:No such file or directory], attempt=33
02-25 21:22:01.158   620   752 E QC-QMI  : qmi_client [620]: unable to connect to server, errno=[2:No such file or directory], attempt=34
02-25 21:22:02.160   620   752 E QC-QMI  : qmi_client [620]: unable to connect to server, errno=[2:No such file or directory], attempt=35
02-25 21:22:03.162   620   752 E QC-QMI  : qmi_client [620]: unable to connect to server, errno=[2:No such file or directory], attempt=36
02-25 21:22:04.164   620   752 E QC-QMI  : qmi_client [620]: unable to connect to server, errno=[2:No such file or directory], attempt=37
02-25 21:22:05.166   620   752 E QC-QMI  : qmi_client [620]: unable to connect to server, errno=[2:No such file or directory], attempt=38
02-25 21:22:06.168   620   752 E QC-QMI  : qmi_client [620]: unable to connect to server, errno=[2:No such file or directory], attempt=39
02-25 21:22:07.170   620   752 E QC-QMI  : qmi_client [620]: unable to connect to server, errno=[2:No such file or directory], attempt=40
02-25 21:22:08.172   620   752 E QC-QMI  : qmi_client [620]: unable to connect to server, errno=[2:No such file or directory], attempt=41
02-25 21:22:09.174   620   752 E QC-QMI  : qmi_client [620]: unable to connect to server, errno=[2:No such file or directory], attempt=42
02-25 21:22:10.176   620   752 E QC-QMI  : qmi_client [620]: unable to connect to server, errno=[2:No such file or directory], attempt=43
02-25 21:22:10.311   730   730 E QC-QMI  : linux_qmi_qmux_io.c: Unable to open port id /dev/smdcntl0, error [110:Connection timed out]
02-25 21:22:10.311   730   730 E QC-QMI  : qmi_qmux_open_connection: QMI_QMUX_IO_PLATFORM_OPEN_CONN failed conn_id=0 rc=-1 
02-25 21:22:10.312   730   730 E QC-DS-LIB: qmuxd: opening connection for conn_id=0 [DATA5_CNTL] failed on attempt 93, Waiting 50 milliseconds before retry
02-25 21:22:11.178   620   752 E QC-QMI  : qmi_client [620]: unable to connect to server, errno=[2:No such file or directory], attempt=44
02-25 21:22:12.181   620   752 E QC-QMI  : qmi_client [620]: unable to connect to server, errno=[2:No such file or directory], attempt=45
02-25 21:22:13.181   620   752 E QC-QMI  : qmi_client [620]: unable to connect to server, errno=[2:No such file or directory], attempt=46
02-25 21:22:14.183   620   752 E QC-QMI  : qmi_client [620]: unable to connect to server, errno=[2:No such file or directory], attempt=47
02-25 21:22:15.185   620   752 E QC-QMI  : qmi_client [620]: unable to connect to server, errno=[2:No such file or directory], attempt=48
02-25 21:22:16.187   620   752 E QC-QMI  : qmi_client [620]: unable to connect to server, errno=[2:No such file or directory], attempt=49
02-25 21:22:17.189   620   752 E QC-QMI  : qmi_client [620]: unable to connect to server, errno=[2:No such file or directory], attempt=50
02-25 21:22:18.191   620   752 E QC-QMI  : qmi_client [620]: unable to connect to server, errno=[2:No such file or directory], attempt=51
02-25 21:22:19.193   620   752 E QC-QMI  : qmi_client [620]: unable to connect to server, errno=[2:No such file or directory], attempt=52
02-25 21:22:20.195   620   752 E QC-QMI  : qmi_client [620]: unable to connect to server, errno=[2:No such file or directory], attempt=53
02-25 21:22:21.197   620   752 E QC-QMI  : qmi_client [620]: unable to connect to server, errno=[2:No such file or directory], attempt=54
02-25 21:22:22.198   620   752 E QC-QMI  : qmi_client [620]: unable to connect to server, errno=[2:No such file or directory], attempt=55
02-25 21:22:23.201   620   752 E QC-QMI  : qmi_client [620]: unable to connect to server, errno=[2:No such file or directory], attempt=56
02-25 21:22:24.203   620   752 E QC-QMI  : qmi_client [620]: unable to connect to server, errno=[2:No such file or directory], attempt=57
02-25 21:22:25.203   620   752 E QC-QMI  : qmi_client [620]: unable to connect to server, errno=[2:No such file or directory], attempt=58
02-25 21:22:26.205   620   752 E QC-QMI  : qmi_client [620]: unable to connect to server, errno=[2:No such file or directory], attempt=59
02-25 21:22:27.207   620   752 E QC-QMI  : qmi_client [620]: unable to connect to server, errno=[2:No such file or directory], attempt=60
02-25 21:22:28.209   620   752 E QC-QMI  : qmi_client [620]: unable to connect to server after 60 tries... giving up
02-25 21:22:28.209   620   752 E QC-QMI  : qmi_qmux_if_pwr_up_init_ex:  Initialization failed, rc = -1
02-25 21:22:28.210   620   752 E QMI_FW  : QMUXD: WARNING qmi_qmux_if_pwr_up_init failed! rc=-1
02-25 21:22:28.210   620   752 E QC-QMI  : qmi_client [620]: unable to connect to server, errno=[2:No such file or directory], attempt=1
02-25 21:22:29.212   620   752 E QC-QMI  : qmi_client [620]: unable to connect to server, errno=[2:No such file or directory], attempt=2
02-25 21:22:29.511   612   867 E storaged: getDiskStats failed with result NOT_SUPPORTED and size 0
02-25 21:22:30.214   620   752 E QC-QMI  : qmi_client [620]: unable to connect to server, errno=[2:No such file or directory], attempt=3
02-25 21:22:30.781   730   730 E QC-QMI  : linux_qmi_qmux_io.c: Unable to open port id /dev/smdcntl0, error [110:Connection timed out]
02-25 21:22:30.782   730   730 E QC-QMI  : qmi_qmux_open_connection: QMI_QMUX_IO_PLATFORM_OPEN_CONN failed conn_id=0 rc=-1 
02-25 21:22:30.782   730   730 E QC-DS-LIB: qmuxd: opening connection for conn_id=0 [DATA5_CNTL] failed on attempt 94, Waiting 50 milliseconds before retry
02-25 21:22:31.216   620   752 E QC-QMI  : qmi_client [620]: unable to connect to server, errno=[2:No such file or directory], attempt=4
02-25 21:22:32.218   620   752 E QC-QMI  : qmi_client [620]: unable to connect to server, errno=[2:No such file or directory], attempt=5
02-25 21:22:33.220   620   752 E QC-QMI  : qmi_client [620]: unable to connect to server, errno=[2:No such file or directory], attempt=6
02-25 21:22:34.221   620   752 E QC-QMI  : qmi_client [620]: unable to connect to server, errno=[2:No such file or directory], attempt=7
02-25 21:22:35.222   620   752 E QC-QMI  : qmi_client [620]: unable to connect to server, errno=[2:No such file or directory], attempt=8
02-25 21:22:36.222   620   752 E QC-QMI  : qmi_client [620]: unable to connect to server, errno=[2:No such file or directory], attempt=9
02-25 21:22:36.223  2519  2540 I Finsky  : [164] com.google.android.finsky.bo.ac.run(5): Stats for Executor: BlockingExecutor com.google.android.finsky.bo.ad@40f58e4[Running, pool size = 0, active threads = 0, queued tasks = 0, completed tasks = 2]
02-25 21:22:36.224  2519  2540 I Finsky  : [164] com.google.android.finsky.bo.ac.run(5): Stats for Executor: LightweightExecutor com.google.android.finsky.bo.ad@bf6814d[Running, pool size = 3, active threads = 0, queued tasks = 0, completed tasks = 8]
02-25 21:22:37.223   620   752 E QC-QMI  : qmi_client [620]: unable to connect to server, errno=[2:No such file or directory], attempt=10
02-25 21:22:38.223   620   752 E QC-QMI  : qmi_client [620]: unable to connect to server, errno=[2:No such file or directory], attempt=11
02-25 21:22:39.224   620   752 E QC-QMI  : qmi_client [620]: unable to connect to server, errno=[2:No such file or directory], attempt=12
02-25 21:22:40.226   620   752 E QC-QMI  : qmi_client [620]: unable to connect to server, errno=[2:No such file or directory], attempt=13
02-25 21:22:41.142   657   915 I PowerManagerService: Waking up from dozing (uid=1000 reason=android.policy:POWER)...
02-25 21:22:41.143   657   657 W UsageStatsService: Event reported without a package name
02-25 21:22:41.144   657   841 I DisplayPowerController: Blocking screen on until initial contents have been drawn.
02-25 21:22:41.151   657   780 E KernelCpuSpeedReader: Failed to read cpu-freq: /sys/devices/system/cpu/cpu0/cpufreq/stats/time_in_state (No such file or directory)
02-25 21:22:41.210  2188  2188 I AppLifecycleTracker: onActivityStarted: 
02-25 21:22:41.212   520   520 D SurfaceFlinger: Set power mode=2, type=0 flinger=0xb36b6000
02-25 21:22:41.212   471   873 I SDM     : DisplayBase::SetDisplayState: Set state = 1, display 0
02-25 21:22:41.215  2188  2188 I AppLifecycleTracker: onActivityResumed: 
02-25 21:22:41.222   657  1039 E WifiStateMachine: getWifiLinkLayerStats called without an interface
02-25 21:22:41.226   620   752 E QC-QMI  : qmi_client [620]: unable to connect to server, errno=[2:No such file or directory], attempt=14
02-25 21:22:41.231   657   773 W BroadcastQueue: Background execution not allowed: receiving Intent { act=android.intent.action.USER_PRESENT flg=0x10 } to com.google.android.gms/.auth.setup.devicesignals.LockScreenReceiver
02-25 21:22:41.232   657   773 W BroadcastQueue: Background execution not allowed: receiving Intent { act=android.intent.action.USER_PRESENT flg=0x10 } to com.google.android.gms/.chimera.GmsIntentOperationService$PersistentTrustedReceiver
02-25 21:22:41.242  1501  1501 I libnfc_nci: [INFO:NativeNfcManager.cpp(1160)] nfcManager_enableDiscovery: enter; tech_mask = ef
02-25 21:22:41.242  1501  1501 I libnfc_nci: [INFO:PowerSwitch.cpp(154)] PowerSwitch::setLevel: level=PS-FULL (1)
02-25 21:22:41.242  1501  1501 I libnfc_nci: [INFO:NativeNfcTag.cpp(1753)] nativeNfcTag_acquireRfInterfaceMutexLock: try to acquire lock
02-25 21:22:41.242  1501  1501 I libnfc_nci: [INFO:NativeNfcTag.cpp(1756)] nativeNfcTag_acquireRfInterfaceMutexLock: sRfInterfaceMutex lock
02-25 21:22:41.242  1501  1501 I libnfc_nci: [INFO:NativeNfcManager.cpp(2169)] stopPolling_rfDiscoveryDisabled: disable polling
02-25 21:22:41.242  1501  1501 I libnfc_nci: [INFO:nfa_dm_api.cc(476)] NFA_DisablePolling
02-25 21:22:41.243  1501  1642 I libnfc_nci: [INFO:nfa_sys_main.cc(77)] NFA got event 0x0107
02-25 21:22:41.243  1501  1642 I libnfc_nci: [INFO:nfa_dm_main.cc(121)] event: NFA_DM_API_DISABLE_POLLING_EVT (0x07)
02-25 21:22:41.243  1501  1642 I libnfc_nci: [INFO:nfa_dm_act.cc(1040)] nfa_dm_act_disable_polling
02-25 21:22:41.243  1501  1642 I libnfc_nci: [INFO:NativeNfcManager.cpp(249)] nfaConnectionCallback: event= 1
02-25 21:22:41.243  1501  1642 I libnfc_nci: [INFO:NativeNfcManager.cpp(264)] nfaConnectionCallback: NFA_POLL_DISABLED_EVT: status = 3
02-25 21:22:41.245  1501  1501 I libnfc_nci: [INFO:NativeNfcTag.cpp(1771)] nativeNfcTag_releaseRfInterfaceMutexLock: sRfInterfaceMutex unlock
02-25 21:22:41.245  1501  1501 I libnfc_nci: [INFO:NativeNfcTag.cpp(1753)] nativeNfcTag_acquireRfInterfaceMutexLock: try to acquire lock
02-25 21:22:41.245  1501  1501 I libnfc_nci: [INFO:NativeNfcTag.cpp(1756)] nativeNfcTag_acquireRfInterfaceMutexLock: sRfInterfaceMutex lock
02-25 21:22:41.245  1501  1501 I libnfc_nci: [INFO:NativeNfcManager.cpp(2147)] startPolling_rfDiscoveryDisabled: enable polling
02-25 21:22:41.245  1501  1501 I libnfc_nci: [INFO:nfa_dm_api.cc(442)] 0xEF
02-25 21:22:41.245  1501  1501 I libnfc_nci: [INFO:NativeNfcManager.cpp(2151)] startPolling_rfDiscoveryDisabled: wait for enable event
02-25 21:22:41.247  1501  1642 I libnfc_nci: [INFO:nfa_sys_main.cc(77)] NFA got event 0x0106
02-25 21:22:41.247  1501  1642 I libnfc_nci: [INFO:nfa_dm_main.cc(121)] event: NFA_DM_API_ENABLE_POLLING_EVT (0x06)
02-25 21:22:41.247  1501  1642 I libnfc_nci: [INFO:nfa_dm_act.cc(975)] nfa_dm_act_enable_polling
02-25 21:22:41.248  1501  1642 I libnfc_nci: [INFO:nfa_dm_act.cc(907)] nfa_dm_start_polling
02-25 21:22:41.248  1501  1642 I libnfc_nci: [INFO:nfa_dm_discover.cc(2602)] disc_mask=0x3d7f
02-25 21:22:41.248  1501  1642 I libnfc_nci: [INFO:NativeNfcManager.cpp(249)] nfaConnectionCallback: event= 0
02-25 21:22:41.248  1501  1642 I libnfc_nci: [INFO:NativeNfcManager.cpp(255)] nfaConnectionCallback: NFA_POLL_ENABLED_EVT: status = 0
02-25 21:22:41.248  1501  1501 I libnfc_nci: [INFO:NativeNfcTag.cpp(1771)] nativeNfcTag_releaseRfInterfaceMutexLock: sRfInterfaceMutex unlock
02-25 21:22:41.248  1501  1501 I libnfc_nci: [INFO:NativeNfcManager.cpp(1183)] nfcManager_enableDiscovery: Enable p2pListening
02-25 21:22:41.248  1501  1501 I libnfc_nci: [INFO:PeerToPeer.cpp(1119)] PeerToPeer::enableP2pListening: enter isEnable: 1  mIsP2pListening: 0
02-25 21:22:41.248  1501  1501 I libnfc_nci: [INFO:nfa_dm_api.cc(657)] tech_mask:0x45
02-25 21:22:41.249  1501  1642 I libnfc_nci: [INFO:nfa_sys_main.cc(77)] NFA got event 0x010D
02-25 21:22:41.249  1501  1642 I libnfc_nci: [INFO:nfa_dm_main.cc(121)] event: NFA_DM_API_SET_P2P_LISTEN_TECH_EVT (0x0d)
02-25 21:22:41.249  1501  1642 I libnfc_nci: [INFO:nfa_dm_act.cc(1206)] tech_mask = 69
02-25 21:22:41.249  1501  1642 I libnfc_nci: [INFO:nfa_p2p_main.cc(695)] tech_mask = 0x45
02-25 21:22:41.249  1501  1642 I libnfc_nci: [INFO:nfa_p2p_main.cc(587)] sys_id = 3, update_wks = 0
02-25 21:22:41.249  1501  1642 I libnfc_nci: [INFO:nfa_dm_discover.cc(2602)] disc_mask=0x4480000
02-25 21:22:41.249   657   915 I InputReader: Reconfiguring input devices.  changes=0x00000004
02-25 21:22:41.249  1501  1642 I libnfc_nci: [INFO:NativeNfcManager.cpp(249)] nfaConnectionCallback: event= 33
02-25 21:22:41.249  1501  1642 I libnfc_nci: [INFO:NativeNfcManager.cpp(590)] nfaConnectionCallback: NFA_SET_P2P_LISTEN_TECH_EVT
02-25 21:22:41.249  1501  1501 I libnfc_nci: [INFO:PeerToPeer.cpp(1143)] PeerToPeer::enableP2pListening: exit; mIsP2pListening: 1
02-25 21:22:41.249  1501  1501 I libnfc_nci: [INFO:nfa_dm_api.cc(620)] NFA_ResumeP2p
02-25 21:22:41.249  1501  1501 I libnfc_nci: [INFO:nfa_ee_api.cc(303)] handle:<0x0>technology_mask:<0x5>/<0x0>/<0x0><0x5><0x5><0x5>
02-25 21:22:41.250  1501  1642 I libnfc_nci: [INFO:nfa_sys_main.cc(77)] NFA got event 0x010B
02-25 21:22:41.250  1501  1501 I libnfc_nci: [INFO:nfa_ee_main.cc(401)] nfa_ee_find_ecb
02-25 21:22:41.250  1501  1642 I libnfc_nci: [INFO:nfa_dm_main.cc(121)] event: NFA_DM_API_RESUME_P2P_EVT (0x0b)
02-25 21:22:41.250  1501  1642 I libnfc_nci: [INFO:nfa_dm_act.cc(1137)] nfa_dm_act_resume_p2p
02-25 21:22:41.250  1501  1642 I libnfc_nci: [INFO:NativeNfcManager.cpp(249)] nfaConnectionCallback: event= 39
02-25 21:22:41.250  1501  1642 I libnfc_nci: [INFO:NativeNfcManager.cpp(596)] nfaConnectionCallback: unknown event ????
02-25 21:22:41.250  1501  1642 I libnfc_nci: [INFO:nfa_sys_main.cc(77)] NFA got event 0x0204
02-25 21:22:41.250  1501  1642 I libnfc_nci: [INFO:nfa_ee_main.cc(635)] Event API_SET_TECH_CFG(0x204), State: INIT_DONE(1)
02-25 21:22:41.250  1501  1642 I libnfc_nci: [INFO:RoutingManager.cpp(611)] RoutingManager::nfaEeCallback: NFA_EE_SET_TECH_CFG_EVT; status=0x0
02-25 21:22:41.251   657   835 I DisplayManagerService: Display device changed state: "Built-in Screen", ON
02-25 21:22:41.255  1501  1501 I libnfc_nci: [INFO:nfa_ee_api.cc(370)] handle:<0x0>protocol_mask:<0xc>/<0x0>/<0x0><0xc><0x0><0x0>
02-25 21:22:41.256  1501  1501 I libnfc_nci: [INFO:nfa_ee_main.cc(401)] nfa_ee_find_ecb
02-25 21:22:41.256  1501  1642 I libnfc_nci: [INFO:nfa_sys_main.cc(77)] NFA got event 0x0205
02-25 21:22:41.257  1501  1642 I libnfc_nci: [INFO:nfa_ee_main.cc(635)] Event API_SET_PROTO_CFG(0x205), State: INIT_DONE(1)
02-25 21:22:41.257  1501  1642 I libnfc_nci: [INFO:RoutingManager.cpp(618)] RoutingManager::nfaEeCallback: NFA_EE_SET_PROTO_CFG_EVT; status=0x0
02-25 21:22:41.257  1501  1501 I libnfc_nci: [INFO:RoutingManager.cpp(396)] RoutingManager::commitRouting
02-25 21:22:41.257  1501  1501 I libnfc_nci: [INFO:nfa_ee_api.cc(654)] NFA_EeUpdateNow
02-25 21:22:41.261  1501  1642 I libnfc_nci: [INFO:nfa_sys_main.cc(77)] NFA got event 0x020B
02-25 21:22:41.261  1501  1642 I libnfc_nci: [INFO:nfa_ee_main.cc(635)] Event API_UPDATE_NOW(0x20b), State: INIT_DONE(1)
02-25 21:22:41.261  1501  1642 I libnfc_nci: [INFO:nfa_sys_ptim.cc(156)] nfa_sys_ptim_stop_timer 0x959884d8
02-25 21:22:41.261  1501  1642 I libnfc_nci: [INFO:nfa_sys_ptim.cc(163)] ptim timer stop
02-25 21:22:41.261  1501  1642 I libnfc_nci: [INFO:nfa_ee_act.cc(2538)] nfa_ee_rout_timeout
02-25 21:22:41.262  1501  1642 I libnfc_nci: [INFO:nfa_ee_act.cc(2498)] ee_cfged: 0x90 ee_cfg_sts: 0x10
02-25 21:22:41.262  1501  1642 I libnfc_nci: [INFO:nfa_ee_act.cc(2509)] 0: ecb_flags  : 0x00, mask: 0x10
02-25 21:22:41.262  1501  1642 I libnfc_nci: [INFO:nfa_ee_act.cc(2509)] 1: ecb_flags  : 0x00, mask: 0x01
02-25 21:22:41.262  1501  1642 I libnfc_nci: [INFO:nfa_ee_act.cc(2509)] 2: ecb_flags  : 0x00, mask: 0x02
02-25 21:22:41.262  1501  1642 I libnfc_nci: [INFO:nfa_ee_act.cc(2509)] 3: ecb_flags  : 0x00, mask: 0x04
02-25 21:22:41.262  1501  1642 I libnfc_nci: [INFO:nfa_ee_act.cc(2052)] nfa_ee_report_update_evt ee_wait_evt:0x10 wait_rsp:0
02-25 21:22:41.262  1501  1642 I libnfc_nci: [INFO:RoutingManager.cpp(698)] RoutingManager::nfaEeCallback: NFA_EE_UPDATED_EVT
02-25 21:22:41.262  1501  1501 I libnfc_nci: [INFO:NativeNfcManager.cpp(2029)] startRfDiscovery: is start=1
02-25 21:22:41.262  1501  1501 I libnfc_nci: [INFO:NativeNfcTag.cpp(1753)] nativeNfcTag_acquireRfInterfaceMutexLock: try to acquire lock
02-25 21:22:41.262  1501  1501 I libnfc_nci: [INFO:NativeNfcTag.cpp(1756)] nativeNfcTag_acquireRfInterfaceMutexLock: sRfInterfaceMutex lock
02-25 21:22:41.262  1501  1501 I libnfc_nci: [INFO:nfa_dm_api.cc(690)] NFA_StartRfDiscovery
02-25 21:22:41.270  1501  1642 I libnfc_nci: [INFO:nfa_sys_main.cc(77)] NFA got event 0x010E
02-25 21:22:41.270  1501  1642 I libnfc_nci: [INFO:nfa_dm_main.cc(121)] event: NFA_DM_API_START_RF_DISCOVERY_EVT (0x0e)
02-25 21:22:41.270  1501  1642 I libnfc_nci: [INFO:nfa_dm_act.cc(1228)] nfa_dm_act_start_rf_discovery
02-25 21:22:41.271  1501  1642 I libnfc_nci: [INFO:nfa_dm_discover.cc(910)] nfa_dm_start_rf_discover
02-25 21:22:41.271  1501  1642 I libnfc_nci: [INFO:nfa_ee_act.cc(2315)] 1
02-25 21:22:41.271  1501  1642 I libnfc_nci: [INFO:nfa_ee_act.cc(2339)] 0x0, 0x0, 0x0, 0x0
02-25 21:22:41.271  1501  1642 I libnfc_nci: [INFO:nfa_dm_discover.cc(1038)] nfa_dm_cb.disc_cb.entry[0].selected_disc_mask = 0x40000
02-25 21:22:41.271  1501  1642 I libnfc_nci: [INFO:nfa_dm_discover.cc(1038)] nfa_dm_cb.disc_cb.entry[1].selected_disc_mask = 0x3d7f
02-25 21:22:41.271  1501  1642 I libnfc_nci: [INFO:nfa_dm_discover.cc(1038)] nfa_dm_cb.disc_cb.entry[2].selected_disc_mask = 0x4480000
02-25 21:22:41.271  1501  1642 I libnfc_nci: [INFO:nfa_p2p_main.cc(524)] nfa_p2p_set_config
02-25 21:22:41.271  1501  1642 I libnfc_nci: [INFO:llcp_api.cc(231)] LLCP_GetDiscoveryConfig
02-25 21:22:41.272  1501  1642 I libnfc_nci: [INFO:nfa_dm_main.cc(220)] nfa_dm_check_set_config
02-25 21:22:41.272  1501  1642 I chatty  : uid=1027(nfc) AsyncTask #1 identical 1 line
02-25 21:22:41.272  1501  1642 I libnfc_nci: [INFO:nfa_dm_main.cc(220)] nfa_dm_check_set_config
02-25 21:22:41.272  1501  1642 I libnfc_nci: [INFO:nfa_dm_discover.cc(1076)] dm_disc_mask = 0x44c3d7f
02-25 21:22:41.272  1501  1642 I libnfc_nci: [INFO:nfa_dm_discover.cc(281)] tech_proto_mask = 0x044C3D7F
02-25 21:22:41.272  1501  1642 I libnfc_nci: [INFO:nfa_dm_main.cc(220)] nfa_dm_check_set_config
02-25 21:22:41.272  1501  1642 I libnfc_nci: [INFO:nfa_dm_discover.cc(396)] nfa_dm_set_total_duration
02-25 21:22:41.272  1501  1642 I libnfc_nci: [INFO:nfa_dm_main.cc(220)] nfa_dm_check_set_config
02-25 21:22:41.272  1501  1642 I libnfc_nci: [INFO:nfc_main.cc(888)] NFC_DiscoveryStart
02-25 21:22:41.272  1501  1642 I libnfc_nci: [INFO:NfcAdaptation.cc(624)] NfcAdaptation::HalPrediscover
02-25 21:22:41.273  1501  1642 I libnfc_nci: [INFO:NfcAdaptation.cc(583)] NfcAdaptation::HalWrite
02-25 21:22:41.273   475   475 D NxpExtns: find found MIFARE_READER_ENABLE=(0x1)
02-25 21:22:41.274   475   475 D NxpHal  : > Polling Loop Started
02-25 21:22:41.274   475  1628 D NxpTml  : PN54X - Write requested.....
02-25 21:22:41.274   475  1628 D NxpTml  : PN54X - Invoking I2C Write.....
02-25 21:22:41.274   475  1628 E NxpTml  : _i2c_write() errno : 5
02-25 21:22:41.274   475  1628 E NxpTml  : PN54X - Error in I2C Write.....
02-25 21:22:41.274   475  1628 D NxpTml  : PN54X - Posting Fresh Write message.....
02-25 21:22:41.274   475  1628 D NxpTml  : PN54X - Tml Writer Thread Running................
02-25 21:22:41.274   475  1630 E NxpHal  : write error status = 0x1ff
02-25 21:22:41.275   475   475 E NxpHal  : write_unlocked failed - PN54X Maybe in Standby Mode - Retry
02-25 21:22:41.280   657  1579 I AmbientService: [6cea065] Potential first ambient activity started: AmbientActivity[component=ComponentInfo{com.google.android.wearable.app/com.google.android.clockwork.home2.activity.HomeActivity2}, callbacks=@3f43c02, running=true, ambient=true]
02-25 21:22:41.280   657  1579 I AmbientService: [6cea065] Selected activity for ambient mode: AmbientActivity[component=ComponentInfo{com.google.android.wearable.app/com.google.android.clockwork.home2.activity.HomeActivity2}, callbacks=@3f43c02, running=true, ambient=true]
02-25 21:22:41.281   657  1579 I AmbientService: [6cea065] The new activity has probably been launched on purpose.
02-25 21:22:41.285   475  1628 D NxpTml  : PN54X - Write requested.....
02-25 21:22:41.285   475  1628 D NxpTml  : PN54X - Invoking I2C Write.....
02-25 21:22:41.291   475  1627 D NxpTml  : PN54X - I2C Read successful.....
02-25 21:22:41.291   475  1627 D NxpTml  : Delay Read if write thread is busy
02-25 21:22:41.289   475  1628 D NxpNciX : len =  24 > 2103150A000101010201030105018001820183010601FF01
02-25 21:22:41.291   475  1628 D NxpTml  : PN54X - I2C Write successful.....
02-25 21:22:41.291   475  1628 D NxpTml  : PN54X - Posting Fresh Write message.....
02-25 21:22:41.292   475  1628 D NxpTml  : PN54X - Tml Writer Thread Running................
02-25 21:22:41.292   475  1630 D NxpHal  : write successful status = 0x0
02-25 21:22:41.294   475  1627 D NxpNciR : len =   4 > 41030100
02-25 21:22:41.294   475  1627 D NxpTml  : PN54X - Posting read message.....
02-25 21:22:41.296   657   915 I InputReader: Reconfiguring input devices.  changes=0x00000004
02-25 21:22:41.297   475  1630 D NxpHal  : read successful status = 0x0
02-25 21:22:41.297  1501  1642 I libnfc_nci: [INFO:nfc_main.cc(908)] NFC_DiscoveryStart status: 0xe3
02-25 21:22:41.299  1501  1642 I libnfc_nci: [INFO:nfc_ncif.cc(383)] NFC received rsp gid:1
02-25 21:22:41.299  1501  1642 I libnfc_nci: [INFO:nfa_dm_discover.cc(3038)] returning TRUE
02-25 21:22:41.299  1501  1642 I libnfc_nci: [INFO:nfa_dm_discover.cc(720)] event:0x4000
02-25 21:22:41.299  1501  1642 I libnfc_nci: [INFO:nfa_dm_discover.cc(2529)] state: IDLE (0), event: DISCOVER_RSP(1) disc_flags: 0x31
02-25 21:22:41.300   475  1627 D NxpTml  : PN54X - Read requested.....
02-25 21:22:41.300   475  1627 D NxpTml  : PN54X - Invoking I2C Read.....
02-25 21:22:41.299  1501  1642 I libnfc_nci: [INFO:nfa_dm_discover.cc(1711)] old_state: IDLE (0), new_state: DISCOVERY (1) disc_flags: 0x11
02-25 21:22:41.301  1501  1642 I libnfc_nci: [INFO:nfa_dm_act.cc(1554)] event:0x00
02-25 21:22:41.301  1501  1642 I libnfc_nci: [INFO:nfa_p2p_main.cc(104)] event:0x00
02-25 21:22:41.301  1501  1642 I libnfc_nci: [INFO:NativeNfcManager.cpp(249)] nfaConnectionCallback: event= 30
02-25 21:22:41.301  1501  1642 I libnfc_nci: [INFO:NativeNfcManager.cpp(274)] nfaConnectionCallback: NFA_RF_DISCOVERY_STARTED_EVT: status = 0
02-25 21:22:41.301  1501  1642 I libnfc_nci: [INFO:nfa_dm_discover.cc(2582)] new state: DISCOVERY (1), disc_flags: 0x1
02-25 21:22:41.301  1501  1501 I libnfc_nci: [INFO:NativeNfcTag.cpp(1771)] nativeNfcTag_releaseRfInterfaceMutexLock: sRfInterfaceMutex unlock
02-25 21:22:41.301  1501  1501 I libnfc_nci: [INFO:PowerSwitch.cpp(258)] PowerSwitch::setModeOn(activated=0x1) : mCurrActivity=0x1
02-25 21:22:41.302  1501  1501 I libnfc_nci: [INFO:NativeNfcManager.cpp(1226)] nfcManager_enableDiscovery: exit
02-25 21:22:41.302  1501  1501 I libnfc_nci: [INFO:NativeNfcManager.cpp(1754)] nfcManager_doSetScreenState: state = 8 prevScreenState= 2, discovry_param = 1
02-25 21:22:41.336   657   915 I WindowManager: Suppressed redundant power key press while already in the process of turning the screen on.
02-25 21:22:41.381  1501  3539 D NfcService: Discovery configuration equal, not updating.
02-25 21:22:41.427   657   841 I DisplayPowerController: Unblocked screen on after 282 ms
02-25 21:22:41.675   520   520 D SurfaceFlinger: Finished set power mode=2, type=0
02-25 21:22:41.676   657  1066 D SurfaceControl: Excessive delay in setPowerMode()
02-25 21:22:41.677   657   841 W PowerManagerService: Screen on took 540 ms
02-25 21:22:41.677   657   841 I DreamManagerService: Gently waking up from dream.
02-25 21:22:41.677   657   832 I DreamManagerService: Performing gentle wake from dream.
02-25 21:22:41.678   657   657 V DreamService[AmbientDream]: wakeUp(): fromSystem=true, mWaking=false, mFinished=false
02-25 21:22:41.678   657   657 V DreamService[AmbientDream]: finish(): mFinished=false
02-25 21:22:41.678   657   657 I DreamManagerService: Leaving dreamland.
02-25 21:22:41.679   657   832 I DreamManagerService: Performing gentle wake from dream.
02-25 21:22:41.679   657   832 I DreamController: Stopping dream: name=ComponentInfo{com.google.android.wearable.ambient/com.google.android.wearable.ambient.AmbientDream}, isTest=false, canDoze=true, userId=0
02-25 21:22:41.688   657   657 W AlarmManager: Unrecognized alarm listener com.android.server.job.controllers.-$$Lambda$IdleController$IdlenessTracker$nTdS-lGBXcES5VWKcJFmQFgU7IU@d0d9c3a
02-25 21:22:41.688   657   657 V DreamService[AmbientDream]: detach(): Calling onDreamingStopped()
02-25 21:22:41.688   657   657 I AmbientService: [6cea065] doOnDreamingStopped
02-25 21:22:41.688   657   657 D WristGestureCtrl: Starting: GesturesEnabled-false UngazeEnabled-true
02-25 21:22:41.688   657   657 D DefaultUngazeDetector: starting
02-25 21:22:41.688   657   657 D DefaultUngazeDetector: startUngazeStateEstimation(). startTime = 1992829
02-25 21:22:41.691   657   657 I AmbientService: [6cea065] No auto-resume Activity.
02-25 21:22:41.693   657   657 W ContextImpl: Calling a method in the system process without a qualified user: android.app.ContextImpl.sendBroadcast:1020 android.content.ContextWrapper.sendBroadcast:449 com.google.android.wearable.ambient.AmbientDream.onDestroy:273 android.app.ActivityThread.handleStopService:3698 android.app.ActivityThread.access$1700:200 
02-25 21:22:41.694   657  1637 E SensorManager: sensor or listener is null
02-25 21:22:41.696   657  1637 W SensorDataCollector: Accelerometer registerListener failed for sensor null
02-25 21:22:41.701  2188  2188 D StreamDBQueue: Promised revision #2057 to queue a new op
02-25 21:22:41.702  2188  2188 D WatchStreamManager: Promised rank-blocked=true @ r#2057
02-25 21:22:41.702  2188  2188 D StreamDBQueue: Promised revision #2058 to queue a new op
02-25 21:22:41.702  2188  2188 D WatchStreamManager: Promised rank-blocked=true @ r#2058
02-25 21:22:41.705   657   657 V DreamService[AmbientDream]: onDestroy()
02-25 21:22:42.082   657   657 W Looper  : Slow dispatch took 128ms main h=com.android.server.notification.NotificationManagerService$WorkerHandler c=null m=3
02-25 21:22:42.228   620   752 E QC-QMI  : qmi_client [620]: unable to connect to server, errno=[2:No such file or directory], attempt=15
02-25 21:22:42.258  2188  2270 D CollectorHandler: handleMessage, event: ON_NOTIFICATION_POSTED_WITH_RANKING
02-25 21:22:42.281  2188  2270 D StreamDBQueue: Promised revision #2059 to queue a new op
02-25 21:22:42.282  2188  2270 D BaseStreamManager: Promised set @ r#2059 for (android,tag=com.android.server.wm.AlertWindowNotification - com.google.android.wearable.app,id=0,notifKey=0|android|0|com.android.server.wm.AlertWindowNotification - com.google.android.wearable.app|1000)
02-25 21:22:42.342  2188  3549 D StreamDatabase:   filtering notification, reason=HOME_OVER_OTHER_APPS_NOTIFICATION, itemId=StreamItemIdAndRevision{notifKey=0|android|0|com.android.server.wm.AlertWindowNotification - com.google.android.wearable.app|1000, packageName=android, tag=com.android.server.wm.AlertWindowNotification - com.google.android.wearable.app, id=0, revision=2059, originalRevision=2059, updateCount=0}
02-25 21:22:42.371  2188  3549 D StreamAdapter: onStreamChange StreamChangeEvent[modified=1, removed=0, modifiedTop=0, removedTop=0, reorder=false, possibleAlertingItem=none]
02-25 21:22:42.371  2188  3549 D StreamAdapter:   modified:
02-25 21:22:42.371  2188  3549 D StreamAdapter:     StreamItemIdAndRevision{notifKey=0|android|0|com.android.server.wm.AlertWindowNotification - com.google.android.wearable.app|1000, packageName=android, tag=com.android.server.wm.AlertWindowNotification - com.google.android.wearable.app, id=0, revision=2059, originalRevision=2059, updateCount=0}
02-25 21:22:42.392  2188  3549 D StreamAdapter: onStreamChange StreamChangeEvent[modified=1, removed=0, modifiedTop=0, removedTop=0, reorder=false, possibleAlertingItem=none]
02-25 21:22:42.392  2188  3549 D StreamAdapter:   modified:
02-25 21:22:42.392  2188  3549 D StreamAdapter:     StreamItemIdAndRevision{notifKey=0|android|0|com.android.server.wm.AlertWindowNotification - com.google.android.wearable.app|1000, packageName=android, tag=com.android.server.wm.AlertWindowNotification - com.google.android.wearable.app, id=0, revision=2059, originalRevision=2059, updateCount=0}
02-25 21:22:43.228   620   752 E QC-QMI  : qmi_client [620]: unable to connect to server, errno=[2:No such file or directory], attempt=16
02-25 21:22:44.230   620   752 E QC-QMI  : qmi_client [620]: unable to connect to server, errno=[2:No such file or directory], attempt=17
02-25 21:22:45.231   620   752 E QC-QMI  : qmi_client [620]: unable to connect to server, errno=[2:No such file or directory], attempt=18
02-25 21:22:46.139   657   841 I PowerManagerService: Going to sleep due to screen timeout (uid 1000)...
02-25 21:22:46.141   657   657 W UsageStatsService: Event reported without a package name
02-25 21:22:46.140   657   841 I DreamManagerService: Entering dreamland.
02-25 21:22:46.145   657   841 I PowerManagerService: Dozing...
02-25 21:22:46.192   657   832 I DreamController: Starting dream: name=ComponentInfo{com.google.android.wearable.ambient/com.google.android.wearable.ambient.AmbientDream}, isTest=false, canDoze=true, userId=0
02-25 21:22:46.232   620   752 E QC-QMI  : qmi_client [620]: unable to connect to server, errno=[2:No such file or directory], attempt=19
02-25 21:22:46.254   657   832 W Looper  : Slow dispatch took 108ms android.fg h=com.android.server.dreams.DreamManagerService$DreamHandler c=android.os.-$$Lambda$PowerManager$WakeLock$VvFzmRZ4ZGlXx7u3lSAJ_T-YUjw@56f56fa m=0
02-25 21:22:46.280   657   657 W ContextImpl: Calling a method in the system process without a qualified user: android.app.ContextImpl.bindService:1611 android.content.ContextWrapper.bindService:698 com.google.android.wearable.ambient.AmbientDream.onCreate:191 android.app.ActivityThread.handleCreateService:3533 android.app.ActivityThread.access$1300:200 
02-25 21:22:46.284   657   657 W ContextImpl: Calling a method in the system process without a qualified user: android.app.ContextImpl.sendBroadcast:1005 android.content.ContextWrapper.sendBroadcast:444 com.google.android.wearable.ambient.AmbientDream.onCreate:241 android.app.ActivityThread.handleCreateService:3533 android.app.ActivityThread.access$1300:200 
02-25 21:22:46.294   657   657 V DreamService[AmbientDream]: onBind() intent = Intent { act=android.service.dreams.DreamService flg=0x800000 cmp=com.google.android.wearable.ambient/.AmbientDream }
02-25 21:22:46.295   657   657 I AmbientService: [6cea065] Ambient Created
02-25 21:22:46.317   657   657 V DreamService[AmbientDream]: Calling onDreamingStarted()
02-25 21:22:46.317   657   657 I AmbientService: [6cea065] doOnDreamingStarted
