02-25 21:03:05.186   657   915 I InputReader: Reconfiguring input devices.  changes=0x00000004
02-25 21:03:05.232   520   520 D SurfaceFlinger: Finished set power mode=1, type=0
02-25 21:03:05.243   657  1039 E WifiStateMachine: getWifiLinkLayerStats called without an interface
02-25 21:03:05.269   657   657 I WearPower: [WearTouchMediator] changing touch input to enabled (ON_AUTO)
02-25 21:03:05.270   657   915 I InputReader: Reconfiguring input devices.  changes=0x00000200
02-25 21:03:05.274  1501  1501 I libnfc_nci: [INFO:NativeNfcManager.cpp(1754)] nfcManager_doSetScreenState: state = 1 prevScreenState= 2, discovry_param = 1
02-25 21:03:05.276   657   657 W ContextImpl: Calling a method in the system process without a qualified user: android.app.ContextImpl.bindService:1611 android.content.ContextWrapper.bindService:698 com.google.android.wearable.ambient.TiltToWakeController.checkForWetMode:109 com.google.android.wearable.ambient.AmbientService$5.onReceive:368 android.app.LoadedApk$ReceiverDispatcher$Args.lambda$getRunnable$0:1391 
02-25 21:03:05.281   657   657 I AmbientService: [6cea065] Skipping schedule of auto-resume alarm; ambient enabled.
02-25 21:03:05.286   657   657 W Binder  : Outgoing transactions from this process must be FLAG_ONEWAY
02-25 21:03:05.286   657   657 W Binder  : java.lang.Throwable
02-25 21:03:05.286   657   657 W Binder  : 	at android.os.BinderProxy.transact(Binder.java:1114)
02-25 21:03:05.286   657   657 W Binder  : 	at com.google.android.clockwork.settings.display.IWetModeTilt$Stub$Proxy.isWetModeEnabled(IWetModeTilt.java:105)
02-25 21:03:05.286   657   657 W Binder  : 	at com.google.android.wearable.ambient.TiltToWakeController$WetModeConnection.onServiceConnected(TiltToWakeController.java:270)
02-25 21:03:05.286   657   657 W Binder  : 	at android.app.LoadedApk$ServiceDispatcher.doConnected(LoadedApk.java:1730)
02-25 21:03:05.286   657   657 W Binder  : 	at android.app.LoadedApk$ServiceDispatcher$RunConnection.run(LoadedApk.java:1762)
02-25 21:03:05.286   657   657 W Binder  : 	at android.os.Handler.handleCallback(Handler.java:873)
02-25 21:03:05.286   657   657 W Binder  : 	at android.os.Handler.dispatchMessage(Handler.java:99)
02-25 21:03:05.286   657   657 W Binder  : 	at android.os.Looper.loop(Looper.java:193)
02-25 21:03:05.286   657   657 W Binder  : 	at com.android.server.SystemServer.run(SystemServer.java:462)
02-25 21:03:05.286   657   657 W Binder  : 	at com.android.server.SystemServer.main(SystemServer.java:298)
02-25 21:03:05.286   657   657 W Binder  : 	at java.lang.reflect.Method.invoke(Native Method)
02-25 21:03:05.286   657   657 W Binder  : 	at com.android.internal.os.RuntimeInit$MethodAndArgsCaller.run(RuntimeInit.java:493)
02-25 21:03:05.286   657   657 W Binder  : 	at com.android.internal.os.ZygoteInit.main(ZygoteInit.java:838)
02-25 21:03:05.293  1501  3457 I libnfc_nci: [INFO:NativeNfcManager.cpp(1242)] nfcManager_disableDiscovery: enter;
02-25 21:03:05.294  1501  3457 I libnfc_nci: [INFO:Pn544Interop.cpp(145)] pn544InteropAbortNow
02-25 21:03:05.294  1501  3457 I libnfc_nci: [INFO:NativeNfcManager.cpp(2029)] startRfDiscovery: is start=0
02-25 21:03:05.294  1501  3457 I libnfc_nci: [INFO:NativeNfcTag.cpp(1753)] nativeNfcTag_acquireRfInterfaceMutexLock: try to acquire lock
02-25 21:03:05.294  1501  3457 I libnfc_nci: [INFO:NativeNfcTag.cpp(1756)] nativeNfcTag_acquireRfInterfaceMutexLock: sRfInterfaceMutex lock
02-25 21:03:05.294  1501  3457 I libnfc_nci: [INFO:nfa_dm_api.cc(720)] NFA_StopRfDiscovery
02-25 21:03:05.294  1501  1642 I libnfc_nci: [INFO:nfa_sys_main.cc(77)] NFA got event 0x010F
02-25 21:03:05.294  1501  1642 I libnfc_nci: [INFO:nfa_dm_main.cc(121)] event: NFA_DM_API_STOP_RF_DISCOVERY_EVT (0x0f)
02-25 21:03:05.294  1501  1642 I libnfc_nci: [INFO:nfa_dm_act.cc(1257)] nfa_dm_act_stop_rf_discovery
02-25 21:03:05.294  1501  1642 I libnfc_nci: [INFO:nfa_dm_discover.cc(2763)] deactivate_type:0x0
02-25 21:03:05.294  1501  1642 I libnfc_nci: [INFO:nfa_dm_discover.cc(2529)] state: DISCOVERY (1), event: DEACTIVATE_CMD(6) disc_flags: 0x2
02-25 21:03:05.294  1501  1642 I libnfc_nci: [INFO:nfc_main.cc(1127)] NFC_Deactivate 4 (IDLE) deactivate_type:0
02-25 21:03:05.294  1501  1642 I libnfc_nci: [INFO:NfcAdaptation.cc(583)] NfcAdaptation::HalWrite
02-25 21:03:05.295   475   475 D NxpExtns: find found MIFARE_READER_ENABLE=(0x1)
02-25 21:03:05.295   475  1628 D NxpTml  : PN54X - Write requested.....
02-25 21:03:05.295   475  1628 D NxpTml  : PN54X - Invoking I2C Write.....
02-25 21:03:05.314   475  1628 E NxpTml  : _i2c_write() errno : 5
02-25 21:03:05.314   475  1628 E NxpTml  : PN54X - Error in I2C Write.....
02-25 21:03:05.314   475  1628 D NxpTml  : PN54X - Posting Fresh Write message.....
02-25 21:03:05.314   475  1628 D NxpTml  : PN54X - Tml Writer Thread Running................
02-25 21:03:05.315  2188  2188 D StreamDBQueue: Promised revision #2055 to queue a new op
02-25 21:03:05.315  2188  2188 D WatchStreamManager: Promised rank-blocked=false @ r#2055
02-25 21:03:05.315  2188  2188 D StreamDBQueue: Promised revision #2056 to queue a new op
02-25 21:03:05.315  2188  2188 D WatchStreamManager: Promised rerank @ r#2056
02-25 21:03:05.316   475  1630 E NxpHal  : write error status = 0x1ff
02-25 21:03:05.319   475   475 E NxpHal  : write_unlocked failed - PN54X Maybe in Standby Mode - Retry
02-25 21:03:05.330   475  1628 D NxpTml  : PN54X - Write requested.....
02-25 21:03:05.330   475  1628 D NxpTml  : PN54X - Invoking I2C Write.....
02-25 21:03:05.333  2188  3456 D WatchStreamDB: updateRanking
02-25 21:03:05.335   475  1628 D NxpNciX : len =   4 > 21060100
02-25 21:03:05.335   475  1628 D NxpTml  : PN54X - I2C Write successful.....
02-25 21:03:05.335   475  1628 D NxpTml  : PN54X - Posting Fresh Write message.....
02-25 21:03:05.336   475  1630 D NxpHal  : write successful status = 0x0
02-25 21:03:05.336   475  1628 D NxpTml  : PN54X - Tml Writer Thread Running................
02-25 21:03:05.336  1501  1642 I libnfc_nci: [INFO:nfa_dm_discover.cc(2582)] new state: DISCOVERY (1), disc_flags: 0x22
02-25 21:03:05.337  1501  1642 I libnfc_nci: [INFO:nfa_sys_ptim.cc(156)] nfa_sys_ptim_stop_timer 0x95988c04
02-25 21:03:05.337  1501  1642 I libnfc_nci: [INFO:nfa_sys_ptim.cc(163)] ptim timer stop
02-25 21:03:05.337  1501  1642 I libnfc_nci: [INFO:nfa_rw_act.cc(183)] Stopped presence check timer (if started)
02-25 21:03:05.351   475  1627 D NxpTml  : PN54X - I2C Read successful.....
02-25 21:03:05.351   475  1627 D NxpNciR : len =   4 > 41060100
02-25 21:03:05.351   475  1627 D NxpTml  : PN54X - Posting read message.....
02-25 21:03:05.351   475  1630 D NxpHal  : read successful status = 0x0
02-25 21:03:05.352  1501  1642 I libnfc_nci: [INFO:nfc_ncif.cc(383)] NFC received rsp gid:1
02-25 21:03:05.352  1501  1642 I libnfc_nci: [INFO:nfa_dm_discover.cc(2937)] P2P_Prio_Logic
02-25 21:03:05.352  1501  1642 I libnfc_nci: [INFO:nfa_dm_discover.cc(2945)] nfa_dm_p2p_prio_logic event_type = 0x1
02-25 21:03:05.352  1501  1642 I libnfc_nci: [INFO:nfa_dm_discover.cc(3038)] returning TRUE
02-25 21:03:05.352  1501  1642 I libnfc_nci: [INFO:nfc_main.cc(326)] nfc_set_state 4 (IDLE)->4 (IDLE)
02-25 21:03:05.352  1501  1642 I libnfc_nci: [INFO:nfa_dm_discover.cc(1688)] nfa_dm_disc_data_cback
02-25 21:03:05.352  1501  1642 I libnfc_nci: [INFO:nfa_dm_discover.cc(720)] event:0x4005
02-25 21:03:05.353  1501  1642 I libnfc_nci: [INFO:nfa_dm_discover.cc(2529)] state: DISCOVERY (1), event: DEACTIVATE_RSP(7) disc_flags: 0x22
02-25 21:03:05.353  1501  1642 I libnfc_nci: [INFO:nfa_dm_discover.cc(1711)] old_state: DISCOVERY (1), new_state: IDLE (0) disc_flags: 0x2
02-25 21:03:05.353  1501  1642 I libnfc_nci: [INFO:NativeNfcManager.cpp(249)] nfaConnectionCallback: event= 31
02-25 21:03:05.353  1501  1642 I libnfc_nci: [INFO:NativeNfcManager.cpp(284)] nfaConnectionCallback: NFA_RF_DISCOVERY_STOPPED_EVT: status = 0
02-25 21:03:05.353  1501  1642 I libnfc_nci: [INFO:nfa_dm_discover.cc(910)] nfa_dm_start_rf_discover
02-25 21:03:05.353  1501  3457 I libnfc_nci: [INFO:NativeNfcTag.cpp(1771)] nativeNfcTag_releaseRfInterfaceMutexLock: sRfInterfaceMutex unlock
02-25 21:03:05.353  1501  1642 I libnfc_nci: [INFO:nfa_dm_discover.cc(2582)] new state: IDLE (0), disc_flags: 0x0
02-25 21:03:05.353  1501  3457 I libnfc_nci: [INFO:NativeNfcTag.cpp(1753)] nativeNfcTag_acquireRfInterfaceMutexLock: try to acquire lock
02-25 21:03:05.353  1501  3457 I libnfc_nci: [INFO:NativeNfcTag.cpp(1756)] nativeNfcTag_acquireRfInterfaceMutexLock: sRfInterfaceMutex lock
02-25 21:03:05.353   475  1627 D NxpTml  : PN54X - Read requested.....
02-25 21:03:05.353  1501  3457 I libnfc_nci: [INFO:NativeNfcManager.cpp(2169)] stopPolling_rfDiscoveryDisabled: disable polling
02-25 21:03:05.353   475  1627 D NxpTml  : PN54X - Invoking I2C Read.....
02-25 21:03:05.353  1501  3457 I libnfc_nci: [INFO:nfa_dm_api.cc(476)] NFA_DisablePolling
02-25 21:03:05.353  1501  1642 I libnfc_nci: [INFO:nfa_sys_main.cc(77)] NFA got event 0x0107
02-25 21:03:05.353  1501  1642 I libnfc_nci: [INFO:nfa_dm_main.cc(121)] event: NFA_DM_API_DISABLE_POLLING_EVT (0x07)
02-25 21:03:05.353  1501  1642 I libnfc_nci: [INFO:nfa_dm_act.cc(1040)] nfa_dm_act_disable_polling
02-25 21:03:05.353  1501  1642 I libnfc_nci: [INFO:nfa_dm_act.cc(1009)] nfa_dm_deactivate_polling
02-25 21:03:05.354  1501  1642 I libnfc_nci: [INFO:nfa_dm_discover.cc(2709)] handle=0x1
02-25 21:03:05.354  1501  1642 I libnfc_nci: [INFO:NativeNfcManager.cpp(249)] nfaConnectionCallback: event= 1
02-25 21:03:05.354  1501  1642 I libnfc_nci: [INFO:NativeNfcManager.cpp(264)] nfaConnectionCallback: NFA_POLL_DISABLED_EVT: status = 0
02-25 21:03:05.354  1501  3457 I libnfc_nci: [INFO:NativeNfcTag.cpp(1771)] nativeNfcTag_releaseRfInterfaceMutexLock: sRfInterfaceMutex unlock
02-25 21:03:05.354  1501  3457 I libnfc_nci: [INFO:PeerToPeer.cpp(1119)] PeerToPeer::enableP2pListening: enter isEnable: 0  mIsP2pListening: 1
02-25 21:03:05.354  1501  3457 I libnfc_nci: [INFO:nfa_dm_api.cc(657)] tech_mask:0x0
02-25 21:03:05.354  1501  1642 I libnfc_nci: [INFO:nfa_sys_main.cc(77)] NFA got event 0x010D
02-25 21:03:05.354  1501  1642 I libnfc_nci: [INFO:nfa_dm_main.cc(121)] event: NFA_DM_API_SET_P2P_LISTEN_TECH_EVT (0x0d)
02-25 21:03:05.354  1501  1642 I libnfc_nci: [INFO:nfa_dm_act.cc(1206)] tech_mask = 0
02-25 21:03:05.354  1501  1642 I libnfc_nci: [INFO:nfa_p2p_main.cc(695)] tech_mask = 0x0
02-25 21:03:05.354  1501  1642 I libnfc_nci: [INFO:nfa_dm_discover.cc(2709)] handle=0x2
02-25 21:03:05.354  1501  1642 I libnfc_nci: [INFO:nfa_p2p_main.cc(587)] sys_id = 3, update_wks = 0
02-25 21:03:05.354  1501  1642 I libnfc_nci: [INFO:NativeNfcManager.cpp(249)] nfaConnectionCallback: event= 33
02-25 21:03:05.354  1501  1642 I libnfc_nci: [INFO:NativeNfcManager.cpp(590)] nfaConnectionCallback: NFA_SET_P2P_LISTEN_TECH_EVT
02-25 21:03:05.357  1501  3457 I libnfc_nci: [INFO:PeerToPeer.cpp(1143)] PeerToPeer::enableP2pListening: exit; mIsP2pListening: 0
02-25 21:03:05.358  1501  3457 I libnfc_nci: [INFO:PowerSwitch.cpp(236)] PowerSwitch::setModeOff(deactivated=0x1) : mCurrActivity=0x0
02-25 21:03:05.358  1501  3457 I libnfc_nci: [INFO:PowerSwitch.cpp(154)] PowerSwitch::setLevel: level=PS-LOW-POWER (2)
02-25 21:03:05.358  1501  3457 I libnfc_nci: [INFO:PowerSwitch.cpp(201)] PowerSwitch::setLevel: actual power level=PS-FULL
02-25 21:03:05.358  1501  3457 I libnfc_nci: [INFO:NativeNfcManager.cpp(1263)] nfcManager_disableDiscovery: exit
02-25 21:03:06.168   620   752 E QC-QMI  : qmi_client [620]: unable to connect to server, errno=[2:No such file or directory], attempt=51
02-25 21:03:07.170   620   752 E QC-QMI  : qmi_client [620]: unable to connect to server, errno=[2:No such file or directory], attempt=52
02-25 21:03:08.171   620   752 E QC-QMI  : qmi_client [620]: unable to connect to server, errno=[2:No such file or directory], attempt=53
02-25 21:03:09.173   620   752 E QC-QMI  : qmi_client [620]: unable to connect to server, errno=[2:No such file or directory], attempt=54
02-25 21:03:10.175   620   752 E QC-QMI  : qmi_client [620]: unable to connect to server, errno=[2:No such file or directory], attempt=55
02-25 21:03:11.177   620   752 E QC-QMI  : qmi_client [620]: unable to connect to server, errno=[2:No such file or directory], attempt=56
02-25 21:03:12.179   620   752 E QC-QMI  : qmi_client [620]: unable to connect to server, errno=[2:No such file or directory], attempt=57
02-25 21:03:13.181   620   752 E QC-QMI  : qmi_client [620]: unable to connect to server, errno=[2:No such file or directory], attempt=58
02-25 21:03:14.183   620   752 E QC-QMI  : qmi_client [620]: unable to connect to server, errno=[2:No such file or directory], attempt=59
02-25 21:03:15.185   620   752 E QC-QMI  : qmi_client [620]: unable to connect to server, errno=[2:No such file or directory], attempt=60
02-25 21:03:16.187   620   752 E QC-QMI  : qmi_client [620]: unable to connect to server after 60 tries... giving up
02-25 21:03:16.187   620   752 E QC-QMI  : qmi_qmux_if_pwr_up_init_ex:  Initialization failed, rc = -1
02-25 21:03:16.187   620   752 E QMI_FW  : QMUXD: WARNING qmi_qmux_if_pwr_up_init failed! rc=-1
02-25 21:03:16.188   620   752 E QC-QMI  : qmi_client [620]: unable to connect to server, errno=[2:No such file or directory], attempt=1
02-25 21:03:17.190   620   752 E QC-QMI  : qmi_client [620]: unable to connect to server, errno=[2:No such file or directory], attempt=2
02-25 21:03:18.192   620   752 E QC-QMI  : qmi_client [620]: unable to connect to server, errno=[2:No such file or directory], attempt=3
02-25 21:03:19.194   620   752 E QC-QMI  : qmi_client [620]: unable to connect to server, errno=[2:No such file or directory], attempt=4
02-25 21:03:20.196   620   752 E QC-QMI  : qmi_client [620]: unable to connect to server, errno=[2:No such file or directory], attempt=5
02-25 21:03:21.198   620   752 E QC-QMI  : qmi_client [620]: unable to connect to server, errno=[2:No such file or directory], attempt=6
02-25 21:03:22.200   620   752 E QC-QMI  : qmi_client [620]: unable to connect to server, errno=[2:No such file or directory], attempt=7
02-25 21:03:23.202   620   752 E QC-QMI  : qmi_client [620]: unable to connect to server, errno=[2:No such file or directory], attempt=8
02-25 21:03:23.902   730   730 E QC-QMI  : linux_qmi_qmux_io.c: Unable to open port id /dev/smdcntl0, error [110:Connection timed out]
02-25 21:03:23.902   730   730 E QC-QMI  : qmi_qmux_open_connection: QMI_QMUX_IO_PLATFORM_OPEN_CONN failed conn_id=0 rc=-1 
02-25 21:03:23.902   730   730 E QC-DS-LIB: qmuxd: opening connection for conn_id=0 [DATA5_CNTL] failed on attempt 38, Waiting 50 milliseconds before retry
02-25 21:03:24.204   620   752 E QC-QMI  : qmi_client [620]: unable to connect to server, errno=[2:No such file or directory], attempt=9
02-25 21:03:25.206   620   752 E QC-QMI  : qmi_client [620]: unable to connect to server, errno=[2:No such file or directory], attempt=10
02-25 21:03:26.208   620   752 E QC-QMI  : qmi_client [620]: unable to connect to server, errno=[2:No such file or directory], attempt=11
02-25 21:03:27.210   620   752 E QC-QMI  : qmi_client [620]: unable to connect to server, errno=[2:No such file or directory], attempt=12
02-25 21:03:28.212   620   752 E QC-QMI  : qmi_client [620]: unable to connect to server, errno=[2:No such file or directory], attempt=13
02-25 21:03:29.214   620   752 E QC-QMI  : qmi_client [620]: unable to connect to server, errno=[2:No such file or directory], attempt=14
02-25 21:03:29.464   612   867 E storaged: getDiskStats failed with result NOT_SUPPORTED and size 0
02-25 21:03:30.216   620   752 E QC-QMI  : qmi_client [620]: unable to connect to server, errno=[2:No such file or directory], attempt=15
02-25 21:03:31.218   620   752 E QC-QMI  : qmi_client [620]: unable to connect to server, errno=[2:No such file or directory], attempt=16
02-25 21:03:32.221   620   752 E QC-QMI  : qmi_client [620]: unable to connect to server, errno=[2:No such file or directory], attempt=17
02-25 21:03:33.222   620   752 E QC-QMI  : qmi_client [620]: unable to connect to server, errno=[2:No such file or directory], attempt=18
02-25 21:03:34.224   620   752 E QC-QMI  : qmi_client [620]: unable to connect to server, errno=[2:No such file or directory], attempt=19
02-25 21:03:35.226   620   752 E QC-QMI  : qmi_client [620]: unable to connect to server, errno=[2:No such file or directory], attempt=20
02-25 21:03:35.634  2519  2540 I Finsky  : [164] com.google.android.finsky.bo.ac.run(5): Stats for Executor: BlockingExecutor com.google.android.finsky.bo.ad@40f58e4[Running, pool size = 0, active threads = 0, queued tasks = 0, completed tasks = 2]
02-25 21:03:35.635  2519  2540 I Finsky  : [164] com.google.android.finsky.bo.ac.run(5): Stats for Executor: LightweightExecutor com.google.android.finsky.bo.ad@bf6814d[Running, pool size = 3, active threads = 0, queued tasks = 0, completed tasks = 8]
02-25 21:03:36.227   620   752 E QC-QMI  : qmi_client [620]: unable to connect to server, errno=[2:No such file or directory], attempt=21
02-25 21:03:37.229   620   752 E QC-QMI  : qmi_client [620]: unable to connect to server, errno=[2:No such file or directory], attempt=22
02-25 21:03:38.231   620   752 E QC-QMI  : qmi_client [620]: unable to connect to server, errno=[2:No such file or directory], attempt=23
02-25 21:03:39.233   620   752 E QC-QMI  : qmi_client [620]: unable to connect to server, errno=[2:No such file or directory], attempt=24
02-25 21:03:40.235   620   752 E QC-QMI  : qmi_client [620]: unable to connect to server, errno=[2:No such file or directory], attempt=25
02-25 21:03:41.237   620   752 E QC-QMI  : qmi_client [620]: unable to connect to server, errno=[2:No such file or directory], attempt=26
02-25 21:03:42.239   620   752 E QC-QMI  : qmi_client [620]: unable to connect to server, errno=[2:No such file or directory], attempt=27
02-25 21:03:43.241   620   752 E QC-QMI  : qmi_client [620]: unable to connect to server, errno=[2:No such file or directory], attempt=28
02-25 21:03:44.243   620   752 E QC-QMI  : qmi_client [620]: unable to connect to server, errno=[2:No such file or directory], attempt=29
02-25 21:03:44.382   730   730 E QC-QMI  : linux_qmi_qmux_io.c: Unable to open port id /dev/smdcntl0, error [110:Connection timed out]
02-25 21:03:44.382   730   730 E QC-QMI  : qmi_qmux_open_connection: QMI_QMUX_IO_PLATFORM_OPEN_CONN failed conn_id=0 rc=-1 
02-25 21:03:44.382   730   730 E QC-DS-LIB: qmuxd: opening connection for conn_id=0 [DATA5_CNTL] failed on attempt 39, Waiting 50 milliseconds before retry
02-25 21:03:45.246   620   752 E QC-QMI  : qmi_client [620]: unable to connect to server, errno=[2:No such file or directory], attempt=30
02-25 21:03:46.248   620   752 E QC-QMI  : qmi_client [620]: unable to connect to server, errno=[2:No such file or directory], attempt=31
02-25 21:03:47.250   620   752 E QC-QMI  : qmi_client [620]: unable to connect to server, errno=[2:No such file or directory], attempt=32
02-25 21:03:48.252   620   752 E QC-QMI  : qmi_client [620]: unable to connect to server, errno=[2:No such file or directory], attempt=33
02-25 21:03:49.254   620   752 E QC-QMI  : qmi_client [620]: unable to connect to server, errno=[2:No such file or directory], attempt=34
02-25 21:03:50.256   620   752 E QC-QMI  : qmi_client [620]: unable to connect to server, errno=[2:No such file or directory], attempt=35
02-25 21:03:51.258   620   752 E QC-QMI  : qmi_client [620]: unable to connect to server, errno=[2:No such file or directory], attempt=36
02-25 21:03:52.260   620   752 E QC-QMI  : qmi_client [620]: unable to connect to server, errno=[2:No such file or directory], attempt=37
02-25 21:03:53.261   620   752 E QC-QMI  : qmi_client [620]: unable to connect to server, errno=[2:No such file or directory], attempt=38
02-25 21:03:54.263   620   752 E QC-QMI  : qmi_client [620]: unable to connect to server, errno=[2:No such file or directory], attempt=39
02-25 21:03:55.265   620   752 E QC-QMI  : qmi_client [620]: unable to connect to server, errno=[2:No such file or directory], attempt=40
02-25 21:03:56.267   620   752 E QC-QMI  : qmi_client [620]: unable to connect to server, errno=[2:No such file or directory], attempt=41
02-25 21:03:57.269   620   752 E QC-QMI  : qmi_client [620]: unable to connect to server, errno=[2:No such file or directory], attempt=42
02-25 21:03:58.271   620   752 E QC-QMI  : qmi_client [620]: unable to connect to server, errno=[2:No such file or directory], attempt=43
02-25 21:03:59.272   620   752 E QC-QMI  : qmi_client [620]: unable to connect to server, errno=[2:No such file or directory], attempt=44
02-25 21:04:00.005   657   657 I AmbientService: [6cea065] onAlarm
02-25 21:04:00.005   657   657 I AmbientService: [6cea065] doUpdateAmbient
02-25 21:04:00.272   620   752 E QC-QMI  : qmi_client [620]: unable to connect to server, errno=[2:No such file or directory], attempt=45
02-25 21:04:01.274   620   752 E QC-QMI  : qmi_client [620]: unable to connect to server, errno=[2:No such file or directory], attempt=46
02-25 21:04:02.276   620   752 E QC-QMI  : qmi_client [620]: unable to connect to server, errno=[2:No such file or directory], attempt=47
02-25 21:04:03.278   620   752 E QC-QMI  : qmi_client [620]: unable to connect to server, errno=[2:No such file or directory], attempt=48
02-25 21:04:03.668   677   729 E LocSvc_xtra2: resolve:891] DNS resolution on xtrapath1.izatcloud.net failed.
02-25 21:04:04.280   620   752 E QC-QMI  : qmi_client [620]: unable to connect to server, errno=[2:No such file or directory], attempt=49
02-25 21:04:04.862   730   730 E QC-QMI  : linux_qmi_qmux_io.c: Unable to open port id /dev/smdcntl0, error [110:Connection timed out]
02-25 21:04:04.862   730   730 E QC-QMI  : qmi_qmux_open_connection: QMI_QMUX_IO_PLATFORM_OPEN_CONN failed conn_id=0 rc=-1 
02-25 21:04:04.862   730   730 E QC-DS-LIB: qmuxd: opening connection for conn_id=0 [DATA5_CNTL] failed on attempt 40, Waiting 50 milliseconds before retry
02-25 21:04:05.282   620   752 E QC-QMI  : qmi_client [620]: unable to connect to server, errno=[2:No such file or directory], attempt=50
02-25 21:04:06.284   620   752 E QC-QMI  : qmi_client [620]: unable to connect to server, errno=[2:No such file or directory], attempt=51
02-25 21:04:07.286   620   752 E QC-QMI  : qmi_client [620]: unable to connect to server, errno=[2:No such file or directory], attempt=52
02-25 21:04:08.287   620   752 E QC-QMI  : qmi_client [620]: unable to connect to server, errno=[2:No such file or directory], attempt=53
02-25 21:04:09.289   620   752 E QC-QMI  : qmi_client [620]: unable to connect to server, errno=[2:No such file or directory], attempt=54
02-25 21:04:10.291   620   752 E QC-QMI  : qmi_client [620]: unable to connect to server, errno=[2:No such file or directory], attempt=55
02-25 21:04:11.293   620   752 E QC-QMI  : qmi_client [620]: unable to connect to server, errno=[2:No such file or directory], attempt=56
02-25 21:04:12.295   620   752 E QC-QMI  : qmi_client [620]: unable to connect to server, errno=[2:No such file or directory], attempt=57
02-25 21:04:13.297   620   752 E QC-QMI  : qmi_client [620]: unable to connect to server, errno=[2:No such file or directory], attempt=58
02-25 21:04:14.299   620   752 E QC-QMI  : qmi_client [620]: unable to connect to server, errno=[2:No such file or directory], attempt=59
02-25 21:04:15.301   620   752 E QC-QMI  : qmi_client [620]: unable to connect to server, errno=[2:No such file or directory], attempt=60
02-25 21:04:16.301   620   752 E QC-QMI  : qmi_client [620]: unable to connect to server after 60 tries... giving up
02-25 21:04:16.301   620   752 E QC-QMI  : qmi_qmux_if_pwr_up_init_ex:  Initialization failed, rc = -1
02-25 21:04:16.301   620   752 E QMI_FW  : QMUXD: WARNING qmi_qmux_if_pwr_up_init failed! rc=-1
02-25 21:04:16.302   620   752 E QC-QMI  : qmi_client [620]: unable to connect to server, errno=[2:No such file or directory], attempt=1
02-25 21:04:17.304   620   752 E QC-QMI  : qmi_client [620]: unable to connect to server, errno=[2:No such file or directory], attempt=2
02-25 21:04:18.305   620   752 E QC-QMI  : qmi_client [620]: unable to connect to server, errno=[2:No such file or directory], attempt=3
02-25 21:04:19.307   620   752 E QC-QMI  : qmi_client [620]: unable to connect to server, errno=[2:No such file or directory], attempt=4
02-25 21:04:20.309   620   752 E QC-QMI  : qmi_client [620]: unable to connect to server, errno=[2:No such file or directory], attempt=5
02-25 21:04:21.311   620   752 E QC-QMI  : qmi_client [620]: unable to connect to server, errno=[2:No such file or directory], attempt=6
02-25 21:04:22.313   620   752 E QC-QMI  : qmi_client [620]: unable to connect to server, errno=[2:No such file or directory], attempt=7
02-25 21:04:23.315   620   752 E QC-QMI  : qmi_client [620]: unable to connect to server, errno=[2:No such file or directory], attempt=8
02-25 21:04:24.317   620   752 E QC-QMI  : qmi_client [620]: unable to connect to server, errno=[2:No such file or directory], attempt=9
02-25 21:04:25.319   620   752 E QC-QMI  : qmi_client [620]: unable to connect to server, errno=[2:No such file or directory], attempt=10
02-25 21:04:25.342   730   730 E QC-QMI  : linux_qmi_qmux_io.c: Unable to open port id /dev/smdcntl0, error [110:Connection timed out]
02-25 21:04:25.342   730   730 E QC-QMI  : qmi_qmux_open_connection: QMI_QMUX_IO_PLATFORM_OPEN_CONN failed conn_id=0 rc=-1 
02-25 21:04:25.342   730   730 E QC-DS-LIB: qmuxd: opening connection for conn_id=0 [DATA5_CNTL] failed on attempt 41, Waiting 50 milliseconds before retry
02-25 21:04:26.321   620   752 E QC-QMI  : qmi_client [620]: unable to connect to server, errno=[2:No such file or directory], attempt=11
02-25 21:04:27.321   620   752 E QC-QMI  : qmi_client [620]: unable to connect to server, errno=[2:No such file or directory], attempt=12
02-25 21:04:28.322   620   752 E QC-QMI  : qmi_client [620]: unable to connect to server, errno=[2:No such file or directory], attempt=13
02-25 21:04:29.323   620   752 E QC-QMI  : qmi_client [620]: unable to connect to server, errno=[2:No such file or directory], attempt=14
02-25 21:04:29.467   612   867 E storaged: getDiskStats failed with result NOT_SUPPORTED and size 0
02-25 21:04:30.323   620   752 E QC-QMI  : qmi_client [620]: unable to connect to server, errno=[2:No such file or directory], attempt=15
02-25 21:04:31.324   620   752 E QC-QMI  : qmi_client [620]: unable to connect to server, errno=[2:No such file or directory], attempt=16
02-25 21:04:32.326   620   752 E QC-QMI  : qmi_client [620]: unable to connect to server, errno=[2:No such file or directory], attempt=17
02-25 21:04:33.328   620   752 E QC-QMI  : qmi_client [620]: unable to connect to server, errno=[2:No such file or directory], attempt=18
02-25 21:04:34.330   620   752 E QC-QMI  : qmi_client [620]: unable to connect to server, errno=[2:No such file or directory], attempt=19
02-25 21:04:35.332   620   752 E QC-QMI  : qmi_client [620]: unable to connect to server, errno=[2:No such file or directory], attempt=20
02-25 21:04:35.677  2519  2540 I Finsky  : [164] com.google.android.finsky.bo.ac.run(5): Stats for Executor: BlockingExecutor com.google.android.finsky.bo.ad@40f58e4[Running, pool size = 0, active threads = 0, queued tasks = 0, completed tasks = 2]
02-25 21:04:35.678  2519  2540 I Finsky  : [164] com.google.android.finsky.bo.ac.run(5): Stats for Executor: LightweightExecutor com.google.android.finsky.bo.ad@bf6814d[Running, pool size = 3, active threads = 0, queued tasks = 0, completed tasks = 8]
02-25 21:04:36.334   620   752 E QC-QMI  : qmi_client [620]: unable to connect to server, errno=[2:No such file or directory], attempt=21
02-25 21:04:37.336   620   752 E QC-QMI  : qmi_client [620]: unable to connect to server, errno=[2:No such file or directory], attempt=22
02-25 21:04:38.338   620   752 E QC-QMI  : qmi_client [620]: unable to connect to server, errno=[2:No such file or directory], attempt=23
02-25 21:04:39.340   620   752 E QC-QMI  : qmi_client [620]: unable to connect to server, errno=[2:No such file or directory], attempt=24
02-25 21:04:40.341   620   752 E QC-QMI  : qmi_client [620]: unable to connect to server, errno=[2:No such file or directory], attempt=25
02-25 21:04:41.341   620   752 E QC-QMI  : qmi_client [620]: unable to connect to server, errno=[2:No such file or directory], attempt=26
02-25 21:04:42.342   620   752 E QC-QMI  : qmi_client [620]: unable to connect to server, errno=[2:No such file or directory], attempt=27
02-25 21:04:43.343   620   752 E QC-QMI  : qmi_client [620]: unable to connect to server, errno=[2:No such file or directory], attempt=28
02-25 21:04:44.343   620   752 E QC-QMI  : qmi_client [620]: unable to connect to server, errno=[2:No such file or directory], attempt=29
02-25 21:04:45.344   620   752 E QC-QMI  : qmi_client [620]: unable to connect to server, errno=[2:No such file or directory], attempt=30
02-25 21:04:45.822   730   730 E QC-QMI  : linux_qmi_qmux_io.c: Unable to open port id /dev/smdcntl0, error [110:Connection timed out]
02-25 21:04:45.822   730   730 E QC-QMI  : qmi_qmux_open_connection: QMI_QMUX_IO_PLATFORM_OPEN_CONN failed conn_id=0 rc=-1 
02-25 21:04:45.822   730   730 E QC-DS-LIB: qmuxd: opening connection for conn_id=0 [DATA5_CNTL] failed on attempt 42, Waiting 50 milliseconds before retry
02-25 21:04:46.346   620   752 E QC-QMI  : qmi_client [620]: unable to connect to server, errno=[2:No such file or directory], attempt=31
02-25 21:04:47.347   620   752 E QC-QMI  : qmi_client [620]: unable to connect to server, errno=[2:No such file or directory], attempt=32
02-25 21:04:48.349   620   752 E QC-QMI  : qmi_client [620]: unable to connect to server, errno=[2:No such file or directory], attempt=33
02-25 21:04:49.351   620   752 E QC-QMI  : qmi_client [620]: unable to connect to server, errno=[2:No such file or directory], attempt=34
02-25 21:04:50.353   620   752 E QC-QMI  : qmi_client [620]: unable to connect to server, errno=[2:No such file or directory], attempt=35
02-25 21:04:51.355   620   752 E QC-QMI  : qmi_client [620]: unable to connect to server, errno=[2:No such file or directory], attempt=36
02-25 21:04:52.357   620   752 E QC-QMI  : qmi_client [620]: unable to connect to server, errno=[2:No such file or directory], attempt=37
02-25 21:04:53.359   620   752 E QC-QMI  : qmi_client [620]: unable to connect to server, errno=[2:No such file or directory], attempt=38
02-25 21:04:54.361   620   752 E QC-QMI  : qmi_client [620]: unable to connect to server, errno=[2:No such file or directory], attempt=39
02-25 21:04:55.363   620   752 E QC-QMI  : qmi_client [620]: unable to connect to server, errno=[2:No such file or directory], attempt=40
02-25 21:04:56.365   620   752 E QC-QMI  : qmi_client [620]: unable to connect to server, errno=[2:No such file or directory], attempt=41
02-25 21:04:57.367   620   752 E QC-QMI  : qmi_client [620]: unable to connect to server, errno=[2:No such file or directory], attempt=42
02-25 21:04:58.369   620   752 E QC-QMI  : qmi_client [620]: unable to connect to server, errno=[2:No such file or directory], attempt=43
02-25 21:04:59.371   620   752 E QC-QMI  : qmi_client [620]: unable to connect to server, errno=[2:No such file or directory], attempt=44
02-25 21:05:00.005   657   657 I AmbientService: [6cea065] onAlarm
02-25 21:05:00.005   657   657 I AmbientService: [6cea065] doUpdateAmbient
02-25 21:05:00.372   620   752 E QC-QMI  : qmi_client [620]: unable to connect to server, errno=[2:No such file or directory], attempt=45
02-25 21:05:01.374   620   752 E QC-QMI  : qmi_client [620]: unable to connect to server, errno=[2:No such file or directory], attempt=46
02-25 21:05:02.376   620   752 E QC-QMI  : qmi_client [620]: unable to connect to server, errno=[2:No such file or directory], attempt=47
02-25 21:05:03.378   620   752 E QC-QMI  : qmi_client [620]: unable to connect to server, errno=[2:No such file or directory], attempt=48
02-25 21:05:04.379   620   752 E QC-QMI  : qmi_client [620]: unable to connect to server, errno=[2:No such file or directory], attempt=49
02-25 21:05:05.381   620   752 E QC-QMI  : qmi_client [620]: unable to connect to server, errno=[2:No such file or directory], attempt=50
02-25 21:05:06.312   730   730 E QC-QMI  : linux_qmi_qmux_io.c: Unable to open port id /dev/smdcntl0, error [110:Connection timed out]
02-25 21:05:06.312   730   730 E QC-QMI  : qmi_qmux_open_connection: QMI_QMUX_IO_PLATFORM_OPEN_CONN failed conn_id=0 rc=-1 
02-25 21:05:06.312   730   730 E QC-DS-LIB: qmuxd: opening connection for conn_id=0 [DATA5_CNTL] failed on attempt 43, Waiting 50 milliseconds before retry
02-25 21:05:06.382   620   752 E QC-QMI  : qmi_client [620]: unable to connect to server, errno=[2:No such file or directory], attempt=51
02-25 21:05:07.384   620   752 E QC-QMI  : qmi_client [620]: unable to connect to server, errno=[2:No such file or directory], attempt=52
02-25 21:05:08.386   620   752 E QC-QMI  : qmi_client [620]: unable to connect to server, errno=[2:No such file or directory], attempt=53
02-25 21:05:08.861   486   486 E BUZZERHAL: open: /dev/glink_pkt_bg_buzzer_ctrl: open error(Connection timed out)
02-25 21:05:08.868   488   512 E SKGHAL  : open: /dev/glink_pkt_bg_display_data: open error(Connection timed out)
02-25 21:05:09.388   620   752 E QC-QMI  : qmi_client [620]: unable to connect to server, errno=[2:No such file or directory], attempt=54
02-25 21:05:09.863   486   486 D BUZZERHAL: initState: Failed to open  glink ctrl channel
02-25 21:05:09.869   488   512 D SKGHAL  : initState: Failed to open glink data channel
02-25 21:05:10.390   620   752 E QC-QMI  : qmi_client [620]: unable to connect to server, errno=[2:No such file or directory], attempt=55
02-25 21:05:11.391   620   752 E QC-QMI  : qmi_client [620]: unable to connect to server, errno=[2:No such file or directory], attempt=56
02-25 21:05:12.391   620   752 E QC-QMI  : qmi_client [620]: unable to connect to server, errno=[2:No such file or directory], attempt=57
02-25 21:05:13.392   620   752 E QC-QMI  : qmi_client [620]: unable to connect to server, errno=[2:No such file or directory], attempt=58
02-25 21:05:14.393   620   752 E QC-QMI  : qmi_client [620]: unable to connect to server, errno=[2:No such file or directory], attempt=59
02-25 21:05:15.393   620   752 E QC-QMI  : qmi_client [620]: unable to connect to server, errno=[2:No such file or directory], attempt=60
02-25 21:05:16.394   620   752 E QC-QMI  : qmi_client [620]: unable to connect to server after 60 tries... giving up
02-25 21:05:16.394   620   752 E QC-QMI  : qmi_qmux_if_pwr_up_init_ex:  Initialization failed, rc = -1
02-25 21:05:16.394   620   752 E QMI_FW  : QMUXD: WARNING qmi_qmux_if_pwr_up_init failed! rc=-1
02-25 21:05:17.402   620   752 E QC-QMI  : qmi_client [620]: unable to connect to server, errno=[2:No such file or directory], attempt=1
02-25 21:05:18.404   620   752 E QC-QMI  : qmi_client [620]: unable to connect to server, errno=[2:No such file or directory], attempt=2
02-25 21:05:19.404   620   752 E QC-QMI  : qmi_client [620]: unable to connect to server, errno=[2:No such file or directory], attempt=3
02-25 21:05:20.406   620   752 E QC-QMI  : qmi_client [620]: unable to connect to server, errno=[2:No such file or directory], attempt=4
02-25 21:05:21.407   620   752 E QC-QMI  : qmi_client [620]: unable to connect to server, errno=[2:No such file or directory], attempt=5
02-25 21:05:22.409   620   752 E QC-QMI  : qmi_client [620]: unable to connect to server, errno=[2:No such file or directory], attempt=6
02-25 21:05:23.411   620   752 E QC-QMI  : qmi_client [620]: unable to connect to server, errno=[2:No such file or directory], attempt=7
02-25 21:05:24.413   620   752 E QC-QMI  : qmi_client [620]: unable to connect to server, errno=[2:No such file or directory], attempt=8
02-25 21:05:25.416   620   752 E QC-QMI  : qmi_client [620]: unable to connect to server, errno=[2:No such file or directory], attempt=9
02-25 21:05:26.418   620   752 E QC-QMI  : qmi_client [620]: unable to connect to server, errno=[2:No such file or directory], attempt=10
02-25 21:05:26.782   730   730 E QC-QMI  : linux_qmi_qmux_io.c: Unable to open port id /dev/smdcntl0, error [110:Connection timed out]
02-25 21:05:26.782   730   730 E QC-QMI  : qmi_qmux_open_connection: QMI_QMUX_IO_PLATFORM_OPEN_CONN failed conn_id=0 rc=-1 
02-25 21:05:26.782   730   730 E QC-DS-LIB: qmuxd: opening connection for conn_id=0 [DATA5_CNTL] failed on attempt 44, Waiting 50 milliseconds before retry
02-25 21:05:27.420   620   752 E QC-QMI  : qmi_client [620]: unable to connect to server, errno=[2:No such file or directory], attempt=11
02-25 21:05:28.422   620   752 E QC-QMI  : qmi_client [620]: unable to connect to server, errno=[2:No such file or directory], attempt=12
02-25 21:05:29.424   620   752 E QC-QMI  : qmi_client [620]: unable to connect to server, errno=[2:No such file or directory], attempt=13
02-25 21:05:29.469   612   867 E storaged: getDiskStats failed with result NOT_SUPPORTED and size 0
02-25 21:05:30.426   620   752 E QC-QMI  : qmi_client [620]: unable to connect to server, errno=[2:No such file or directory], attempt=14
02-25 21:05:31.428   620   752 E QC-QMI  : qmi_client [620]: unable to connect to server, errno=[2:No such file or directory], attempt=15
02-25 21:05:32.430   620   752 E QC-QMI  : qmi_client [620]: unable to connect to server, errno=[2:No such file or directory], attempt=16
02-25 21:05:33.431   620   752 E QC-QMI  : qmi_client [620]: unable to connect to server, errno=[2:No such file or directory], attempt=17
02-25 21:05:34.433   620   752 E QC-QMI  : qmi_client [620]: unable to connect to server, errno=[2:No such file or directory], attempt=18
02-25 21:05:35.435   620   752 E QC-QMI  : qmi_client [620]: unable to connect to server, errno=[2:No such file or directory], attempt=19
02-25 21:05:35.692  2519  2540 I Finsky  : [164] com.google.android.finsky.bo.ac.run(5): Stats for Executor: BlockingExecutor com.google.android.finsky.bo.ad@40f58e4[Running, pool size = 0, active threads = 0, queued tasks = 0, completed tasks = 2]
02-25 21:05:35.692  2519  2540 I Finsky  : [164] com.google.android.finsky.bo.ac.run(5): Stats for Executor: LightweightExecutor com.google.android.finsky.bo.ad@bf6814d[Running, pool size = 3, active threads = 0, queued tasks = 0, completed tasks = 8]
02-25 21:05:36.437   620   752 E QC-QMI  : qmi_client [620]: unable to connect to server, errno=[2:No such file or directory], attempt=20
02-25 21:05:37.439   620   752 E QC-QMI  : qmi_client [620]: unable to connect to server, errno=[2:No such file or directory], attempt=21
02-25 21:05:38.441   620   752 E QC-QMI  : qmi_client [620]: unable to connect to server, errno=[2:No such file or directory], attempt=22
02-25 21:05:39.443   620   752 E QC-QMI  : qmi_client [620]: unable to connect to server, errno=[2:No such file or directory], attempt=23
02-25 21:05:40.445   620   752 E QC-QMI  : qmi_client [620]: unable to connect to server, errno=[2:No such file or directory], attempt=24
02-25 21:05:41.447   620   752 E QC-QMI  : qmi_client [620]: unable to connect to server, errno=[2:No such file or directory], attempt=25
02-25 21:05:42.449   620   752 E QC-QMI  : qmi_client [620]: unable to connect to server, errno=[2:No such file or directory], attempt=26
02-25 21:05:43.451   620   752 E QC-QMI  : qmi_client [620]: unable to connect to server, errno=[2:No such file or directory], attempt=27
02-25 21:05:44.453   620   752 E QC-QMI  : qmi_client [620]: unable to connect to server, errno=[2:No such file or directory], attempt=28
02-25 21:05:45.456   620   752 E QC-QMI  : qmi_client [620]: unable to connect to server, errno=[2:No such file or directory], attempt=29
02-25 21:05:46.458   620   752 E QC-QMI  : qmi_client [620]: unable to connect to server, errno=[2:No such file or directory], attempt=30
02-25 21:05:47.262   730   730 E QC-QMI  : linux_qmi_qmux_io.c: Unable to open port id /dev/smdcntl0, error [110:Connection timed out]
02-25 21:05:47.262   730   730 E QC-QMI  : qmi_qmux_open_connection: QMI_QMUX_IO_PLATFORM_OPEN_CONN failed conn_id=0 rc=-1 
02-25 21:05:47.262   730   730 E QC-DS-LIB: qmuxd: opening connection for conn_id=0 [DATA5_CNTL] failed on attempt 45, Waiting 50 milliseconds before retry
02-25 21:05:47.460   620   752 E QC-QMI  : qmi_client [620]: unable to connect to server, errno=[2:No such file or directory], attempt=31
02-25 21:05:48.461   620   752 E QC-QMI  : qmi_client [620]: unable to connect to server, errno=[2:No such file or directory], attempt=32
02-25 21:05:49.463   620   752 E QC-QMI  : qmi_client [620]: unable to connect to server, errno=[2:No such file or directory], attempt=33
02-25 21:05:50.465   620   752 E QC-QMI  : qmi_client [620]: unable to connect to server, errno=[2:No such file or directory], attempt=34
02-25 21:05:51.467   620   752 E QC-QMI  : qmi_client [620]: unable to connect to server, errno=[2:No such file or directory], attempt=35
02-25 21:05:52.469   620   752 E QC-QMI  : qmi_client [620]: unable to connect to server, errno=[2:No such file or directory], attempt=36
02-25 21:05:53.471   620   752 E QC-QMI  : qmi_client [620]: unable to connect to server, errno=[2:No such file or directory], attempt=37
02-25 21:05:54.473   620   752 E QC-QMI  : qmi_client [620]: unable to connect to server, errno=[2:No such file or directory], attempt=38
02-25 21:05:55.475   620   752 E QC-QMI  : qmi_client [620]: unable to connect to server, errno=[2:No such file or directory], attempt=39
02-25 21:05:56.477   620   752 E QC-QMI  : qmi_client [620]: unable to connect to server, errno=[2:No such file or directory], attempt=40
02-25 21:05:57.479   620   752 E QC-QMI  : qmi_client [620]: unable to connect to server, errno=[2:No such file or directory], attempt=41
02-25 21:05:58.295   677  3465 E LocSvc_xtra2: downloadSntpTime:268] DNS resolution on time.izatcloud.net failed.
02-25 21:05:58.481   620   752 E QC-QMI  : qmi_client [620]: unable to connect to server, errno=[2:No such file or directory], attempt=42
02-25 21:05:59.483   620   752 E QC-QMI  : qmi_client [620]: unable to connect to server, errno=[2:No such file or directory], attempt=43
02-25 21:06:00.006   657   657 I AmbientService: [6cea065] onAlarm
02-25 21:06:00.006   657   657 I AmbientService: [6cea065] doUpdateAmbient
02-25 21:06:00.485   620   752 E QC-QMI  : qmi_client [620]: unable to connect to server, errno=[2:No such file or directory], attempt=44
02-25 21:06:01.487   620   752 E QC-QMI  : qmi_client [620]: unable to connect to server, errno=[2:No such file or directory], attempt=45
02-25 21:06:02.489   620   752 E QC-QMI  : qmi_client [620]: unable to connect to server, errno=[2:No such file or directory], attempt=46
02-25 21:06:03.491   620   752 E QC-QMI  : qmi_client [620]: unable to connect to server, errno=[2:No such file or directory], attempt=47
02-25 21:06:04.491   620   752 E QC-QMI  : qmi_client [620]: unable to connect to server, errno=[2:No such file or directory], attempt=48
02-25 21:06:05.492   620   752 E QC-QMI  : qmi_client [620]: unable to connect to server, errno=[2:No such file or directory], attempt=49
02-25 21:06:06.492   620   752 E QC-QMI  : qmi_client [620]: unable to connect to server, errno=[2:No such file or directory], attempt=50
02-25 21:06:07.493   620   752 E QC-QMI  : qmi_client [620]: unable to connect to server, errno=[2:No such file or directory], attempt=51
02-25 21:06:07.742   730   730 E QC-QMI  : linux_qmi_qmux_io.c: Unable to open port id /dev/smdcntl0, error [110:Connection timed out]
02-25 21:06:07.742   730   730 E QC-QMI  : qmi_qmux_open_connection: QMI_QMUX_IO_PLATFORM_OPEN_CONN failed conn_id=0 rc=-1 
02-25 21:06:07.742   730   730 E QC-DS-LIB: qmuxd: opening connection for conn_id=0 [DATA5_CNTL] failed on attempt 46, Waiting 50 milliseconds before retry
02-25 21:06:08.494   620   752 E QC-QMI  : qmi_client [620]: unable to connect to server, errno=[2:No such file or directory], attempt=52
02-25 21:06:09.495   620   752 E QC-QMI  : qmi_client [620]: unable to connect to server, errno=[2:No such file or directory], attempt=53
02-25 21:06:10.497   620   752 E QC-QMI  : qmi_client [620]: unable to connect to server, errno=[2:No such file or directory], attempt=54
02-25 21:06:11.498   620   752 E QC-QMI  : qmi_client [620]: unable to connect to server, errno=[2:No such file or directory], attempt=55
02-25 21:06:12.500   620   752 E QC-QMI  : qmi_client [620]: unable to connect to server, errno=[2:No such file or directory], attempt=56
02-25 21:06:13.501   620   752 E QC-QMI  : qmi_client [620]: unable to connect to server, errno=[2:No such file or directory], attempt=57
02-25 21:06:14.503   620   752 E QC-QMI  : qmi_client [620]: unable to connect to server, errno=[2:No such file or directory], attempt=58
02-25 21:06:15.505   620   752 E QC-QMI  : qmi_client [620]: unable to connect to server, errno=[2:No such file or directory], attempt=59
02-25 21:06:16.507   620   752 E QC-QMI  : qmi_client [620]: unable to connect to server, errno=[2:No such file or directory], attempt=60
02-25 21:06:17.509   620   752 E QC-QMI  : qmi_client [620]: unable to connect to server after 60 tries... giving up
02-25 21:06:17.509   620   752 E QC-QMI  : qmi_qmux_if_pwr_up_init_ex:  Initialization failed, rc = -1
02-25 21:06:17.509   620   752 E QMI_FW  : QMUXD: WARNING qmi_qmux_if_pwr_up_init failed! rc=-1
02-25 21:06:17.510   620   752 E QC-QMI  : qmi_client [620]: unable to connect to server, errno=[2:No such file or directory], attempt=1
02-25 21:06:18.512   620   752 E QC-QMI  : qmi_client [620]: unable to connect to server, errno=[2:No such file or directory], attempt=2
02-25 21:06:19.514   620   752 E QC-QMI  : qmi_client [620]: unable to connect to server, errno=[2:No such file or directory], attempt=3
02-25 21:06:20.123  1183  3471 W ContextImpl: Calling a method in the system process without a qualified user: android.app.ContextImpl.startService:1531 android.content.ContextWrapper.startService:664 com.google.android.clockwork.settings.time.PhoneTimeSyncer.sendGetCompanionTime:156 com.google.android.clockwork.settings.time.PhoneTimeSyncer.startUpdate:96 com.google.android.clockwork.settings.time.TimeSyncManager.startPhoneTimeUpdate:111 
02-25 21:06:20.170  1183  1210 I TimeSyncManager: rescheduling failed time sync for 720000 ms from now
02-25 21:06:20.205   657  1062 I WearCellularMediator: ON_PROXY_DISCONNECTED changed radio power: true
02-25 21:06:20.516   620   752 E QC-QMI  : qmi_client [620]: unable to connect to server, errno=[2:No such file or directory], attempt=4
02-25 21:06:21.518   620   752 E QC-QMI  : qmi_client [620]: unable to connect to server, errno=[2:No such file or directory], attempt=5
02-25 21:06:22.520   620   752 E QC-QMI  : qmi_client [620]: unable to connect to server, errno=[2:No such file or directory], attempt=6
02-25 21:06:23.522   620   752 E QC-QMI  : qmi_client [620]: unable to connect to server, errno=[2:No such file or directory], attempt=7
02-25 21:06:24.524   620   752 E QC-QMI  : qmi_client [620]: unable to connect to server, errno=[2:No such file or directory], attempt=8
02-25 21:06:25.526   620   752 E QC-QMI  : qmi_client [620]: unable to connect to server, errno=[2:No such file or directory], attempt=9
02-25 21:06:26.528   620   752 E QC-QMI  : qmi_client [620]: unable to connect to server, errno=[2:No such file or directory], attempt=10
02-25 21:06:26.984  1403  3473 E WakeLock: GCM_HB_ALARM release without a matched acquire!
02-25 21:06:27.530   620   752 E QC-QMI  : qmi_client [620]: unable to connect to server, errno=[2:No such file or directory], attempt=11
02-25 21:06:28.222   730   730 E QC-QMI  : linux_qmi_qmux_io.c: Unable to open port id /dev/smdcntl0, error [110:Connection timed out]
02-25 21:06:28.222   730   730 E QC-QMI  : qmi_qmux_open_connection: QMI_QMUX_IO_PLATFORM_OPEN_CONN failed conn_id=0 rc=-1 
02-25 21:06:28.222   730   730 E QC-DS-LIB: qmuxd: opening connection for conn_id=0 [DATA5_CNTL] failed on attempt 47, Waiting 50 milliseconds before retry
02-25 21:06:28.532   620   752 E QC-QMI  : qmi_client [620]: unable to connect to server, errno=[2:No such file or directory], attempt=12
02-25 21:06:29.472   612   867 E storaged: getDiskStats failed with result NOT_SUPPORTED and size 0
02-25 21:06:29.534   620   752 E QC-QMI  : qmi_client [620]: unable to connect to server, errno=[2:No such file or directory], attempt=13
02-25 21:06:30.536   620   752 E QC-QMI  : qmi_client [620]: unable to connect to server, errno=[2:No such file or directory], attempt=14
02-25 21:06:31.538   620   752 E QC-QMI  : qmi_client [620]: unable to connect to server, errno=[2:No such file or directory], attempt=15
02-25 21:06:32.540   620   752 E QC-QMI  : qmi_client [620]: unable to connect to server, errno=[2:No such file or directory], attempt=16
02-25 21:06:33.541   620   752 E QC-QMI  : qmi_client [620]: unable to connect to server, errno=[2:No such file or directory], attempt=17
02-25 21:06:34.542   620   752 E QC-QMI  : qmi_client [620]: unable to connect to server, errno=[2:No such file or directory], attempt=18
02-25 21:06:35.542   620   752 E QC-QMI  : qmi_client [620]: unable to connect to server, errno=[2:No such file or directory], attempt=19
02-25 21:06:35.734  2519  2540 I Finsky  : [164] com.google.android.finsky.bo.ac.run(5): Stats for Executor: BlockingExecutor com.google.android.finsky.bo.ad@40f58e4[Running, pool size = 0, active threads = 0, queued tasks = 0, completed tasks = 2]
02-25 21:06:35.735  2519  2540 I Finsky  : [164] com.google.android.finsky.bo.ac.run(5): Stats for Executor: LightweightExecutor com.google.android.finsky.bo.ad@bf6814d[Running, pool size = 3, active threads = 0, queued tasks = 0, completed tasks = 8]
02-25 21:06:36.543   620   752 E QC-QMI  : qmi_client [620]: unable to connect to server, errno=[2:No such file or directory], attempt=20
