02-25 21:11:14.942   730   730 E QC-QMI  : qmi_qmux_open_connection: QMI_QMUX_IO_PLATFORM_OPEN_CONN failed conn_id=0 rc=-1 
02-25 21:11:14.942   730   730 E QC-DS-LIB: qmuxd: opening connection for conn_id=0 [DATA5_CNTL] failed on attempt 61, Waiting 50 milliseconds before retry
02-25 21:11:14.999   620   752 E QC-QMI  : qmi_client [620]: unable to connect to server, errno=[2:No such file or directory], attempt=57
02-25 21:11:16.001   620   752 E QC-QMI  : qmi_client [620]: unable to connect to server, errno=[2:No such file or directory], attempt=58
02-25 21:11:17.003   620   752 E QC-QMI  : qmi_client [620]: unable to connect to server, errno=[2:No such file or directory], attempt=59
02-25 21:11:18.005   620   752 E QC-QMI  : qmi_client [620]: unable to connect to server, errno=[2:No such file or directory], attempt=60
02-25 21:11:19.007   620   752 E QC-QMI  : qmi_client [620]: unable to connect to server after 60 tries... giving up
02-25 21:11:19.007   620   752 E QC-QMI  : qmi_qmux_if_pwr_up_init_ex:  Initialization failed, rc = -1
02-25 21:11:19.007   620   752 E QMI_FW  : QMUXD: WARNING qmi_qmux_if_pwr_up_init failed! rc=-1
02-25 21:11:20.013   620   752 E QC-QMI  : qmi_client [620]: unable to connect to server, errno=[2:No such file or directory], attempt=1
02-25 21:11:21.015   620   752 E QC-QMI  : qmi_client [620]: unable to connect to server, errno=[2:No such file or directory], attempt=2
02-25 21:11:22.017   620   752 E QC-QMI  : qmi_client [620]: unable to connect to server, errno=[2:No such file or directory], attempt=3
02-25 21:11:23.019   620   752 E QC-QMI  : qmi_client [620]: unable to connect to server, errno=[2:No such file or directory], attempt=4
02-25 21:11:24.021   620   752 E QC-QMI  : qmi_client [620]: unable to connect to server, errno=[2:No such file or directory], attempt=5
02-25 21:11:25.022   620   752 E QC-QMI  : qmi_client [620]: unable to connect to server, errno=[2:No such file or directory], attempt=6
02-25 21:11:26.023   620   752 E QC-QMI  : qmi_client [620]: unable to connect to server, errno=[2:No such file or directory], attempt=7
02-25 21:11:27.024   620   752 E QC-QMI  : qmi_client [620]: unable to connect to server, errno=[2:No such file or directory], attempt=8
02-25 21:11:28.026   620   752 E QC-QMI  : qmi_client [620]: unable to connect to server, errno=[2:No such file or directory], attempt=9
02-25 21:11:29.028   620   752 E QC-QMI  : qmi_client [620]: unable to connect to server, errno=[2:No such file or directory], attempt=10
02-25 21:11:29.485   612   867 E storaged: getDiskStats failed with result NOT_SUPPORTED and size 0
02-25 21:11:30.030   620   752 E QC-QMI  : qmi_client [620]: unable to connect to server, errno=[2:No such file or directory], attempt=11
02-25 21:11:31.032   620   752 E QC-QMI  : qmi_client [620]: unable to connect to server, errno=[2:No such file or directory], attempt=12
02-25 21:11:32.034   620   752 E QC-QMI  : qmi_client [620]: unable to connect to server, errno=[2:No such file or directory], attempt=13
02-25 21:11:33.036   620   752 E QC-QMI  : qmi_client [620]: unable to connect to server, errno=[2:No such file or directory], attempt=14
02-25 21:11:34.038   620   752 E QC-QMI  : qmi_client [620]: unable to connect to server, errno=[2:No such file or directory], attempt=15
02-25 21:11:35.040   620   752 E QC-QMI  : qmi_client [620]: unable to connect to server, errno=[2:No such file or directory], attempt=16
02-25 21:11:35.422   730   730 E QC-QMI  : linux_qmi_qmux_io.c: Unable to open port id /dev/smdcntl0, error [110:Connection timed out]
02-25 21:11:35.422   730   730 E QC-QMI  : qmi_qmux_open_connection: QMI_QMUX_IO_PLATFORM_OPEN_CONN failed conn_id=0 rc=-1 
02-25 21:11:35.422   730   730 E QC-DS-LIB: qmuxd: opening connection for conn_id=0 [DATA5_CNTL] failed on attempt 62, Waiting 50 milliseconds before retry
02-25 21:11:35.872  2519  2540 I Finsky  : [164] com.google.android.finsky.bo.ac.run(5): Stats for Executor: BlockingExecutor com.google.android.finsky.bo.ad@40f58e4[Running, pool size = 0, active threads = 0, queued tasks = 0, completed tasks = 2]
02-25 21:11:35.880  2519  2540 I Finsky  : [164] com.google.android.finsky.bo.ac.run(5): Stats for Executor: LightweightExecutor com.google.android.finsky.bo.ad@bf6814d[Running, pool size = 3, active threads = 0, queued tasks = 0, completed tasks = 8]
02-25 21:11:36.042   620   752 E QC-QMI  : qmi_client [620]: unable to connect to server, errno=[2:No such file or directory], attempt=17
02-25 21:11:37.044   620   752 E QC-QMI  : qmi_client [620]: unable to connect to server, errno=[2:No such file or directory], attempt=18
02-25 21:11:38.046   620   752 E QC-QMI  : qmi_client [620]: unable to connect to server, errno=[2:No such file or directory], attempt=19
02-25 21:11:39.048   620   752 E QC-QMI  : qmi_client [620]: unable to connect to server, errno=[2:No such file or directory], attempt=20
02-25 21:11:40.050   620   752 E QC-QMI  : qmi_client [620]: unable to connect to server, errno=[2:No such file or directory], attempt=21
02-25 21:11:40.223  2519  2565 I PlayCommon: [177] com.google.android.play.b.g.d(216): Preparing logs for uploading
02-25 21:11:40.225  2519  2565 I PlayCommon: [177] com.google.android.play.b.x.a(9): Connecting to server for timestamp: https://play.googleapis.com/play/log/timestamp
02-25 21:11:40.235  2519  2565 E PlayCommon: [177] com.google.android.play.b.x.a(20): Failed to connect to server for server timestamp: java.net.UnknownHostException: Unable to resolve host "play.googleapis.com": No address associated with hostname
02-25 21:11:40.236  2519  2565 W PlayCommon: [177] com.google.android.play.b.g.a(498): No account for auth token provided
02-25 21:11:40.238  2519  2565 I PlayCommon: [177] com.google.android.play.b.g.a(386): Connecting to server: https://play.googleapis.com/play/log?format=raw&proto_v2=true
02-25 21:11:40.241  2519  2565 E PlayCommon: [177] com.google.android.play.b.g.a(421): Failed to connect to server: java.net.UnknownHostException: Unable to resolve host "play.googleapis.com": No address associated with hostname
02-25 21:11:41.052   620   752 E QC-QMI  : qmi_client [620]: unable to connect to server, errno=[2:No such file or directory], attempt=22
02-25 21:11:42.054   620   752 E QC-QMI  : qmi_client [620]: unable to connect to server, errno=[2:No such file or directory], attempt=23
02-25 21:11:43.056   620   752 E QC-QMI  : qmi_client [620]: unable to connect to server, errno=[2:No such file or directory], attempt=24
02-25 21:11:44.058   620   752 E QC-QMI  : qmi_client [620]: unable to connect to server, errno=[2:No such file or directory], attempt=25
02-25 21:11:45.060   620   752 E QC-QMI  : qmi_client [620]: unable to connect to server, errno=[2:No such file or directory], attempt=26
02-25 21:11:46.061   620   752 E QC-QMI  : qmi_client [620]: unable to connect to server, errno=[2:No such file or directory], attempt=27
02-25 21:11:47.063   620   752 E QC-QMI  : qmi_client [620]: unable to connect to server, errno=[2:No such file or directory], attempt=28
02-25 21:11:48.065   620   752 E QC-QMI  : qmi_client [620]: unable to connect to server, errno=[2:No such file or directory], attempt=29
02-25 21:11:49.067   620   752 E QC-QMI  : qmi_client [620]: unable to connect to server, errno=[2:No such file or directory], attempt=30
02-25 21:11:50.069   620   752 E QC-QMI  : qmi_client [620]: unable to connect to server, errno=[2:No such file or directory], attempt=31
02-25 21:11:51.071   620   752 E QC-QMI  : qmi_client [620]: unable to connect to server, errno=[2:No such file or directory], attempt=32
02-25 21:11:52.072   620   752 E QC-QMI  : qmi_client [620]: unable to connect to server, errno=[2:No such file or directory], attempt=33
02-25 21:11:53.072   620   752 E QC-QMI  : qmi_client [620]: unable to connect to server, errno=[2:No such file or directory], attempt=34
02-25 21:11:54.073   620   752 E QC-QMI  : qmi_client [620]: unable to connect to server, errno=[2:No such file or directory], attempt=35
02-25 21:11:55.074   620   752 E QC-QMI  : qmi_client [620]: unable to connect to server, errno=[2:No such file or directory], attempt=36
02-25 21:11:55.902   730   730 E QC-QMI  : linux_qmi_qmux_io.c: Unable to open port id /dev/smdcntl0, error [110:Connection timed out]
02-25 21:11:55.902   730   730 E QC-QMI  : qmi_qmux_open_connection: QMI_QMUX_IO_PLATFORM_OPEN_CONN failed conn_id=0 rc=-1 
02-25 21:11:55.902   730   730 E QC-DS-LIB: qmuxd: opening connection for conn_id=0 [DATA5_CNTL] failed on attempt 63, Waiting 50 milliseconds before retry
02-25 21:11:56.074   620   752 E QC-QMI  : qmi_client [620]: unable to connect to server, errno=[2:No such file or directory], attempt=37
02-25 21:11:57.076   620   752 E QC-QMI  : qmi_client [620]: unable to connect to server, errno=[2:No such file or directory], attempt=38
02-25 21:11:58.078   620   752 E QC-QMI  : qmi_client [620]: unable to connect to server, errno=[2:No such file or directory], attempt=39
02-25 21:11:59.079   620   752 E QC-QMI  : qmi_client [620]: unable to connect to server, errno=[2:No such file or directory], attempt=40
02-25 21:12:00.005   657   657 I AmbientService: [6cea065] onAlarm
02-25 21:12:00.005   657   657 I AmbientService: [6cea065] doUpdateAmbient
02-25 21:12:00.080   620   752 E QC-QMI  : qmi_client [620]: unable to connect to server, errno=[2:No such file or directory], attempt=41
02-25 21:12:01.082   620   752 E QC-QMI  : qmi_client [620]: unable to connect to server, errno=[2:No such file or directory], attempt=42
02-25 21:12:02.082   620   752 E QC-QMI  : qmi_client [620]: unable to connect to server, errno=[2:No such file or directory], attempt=43
02-25 21:12:03.084   620   752 E QC-QMI  : qmi_client [620]: unable to connect to server, errno=[2:No such file or directory], attempt=44
02-25 21:12:04.086   620   752 E QC-QMI  : qmi_client [620]: unable to connect to server, errno=[2:No such file or directory], attempt=45
02-25 21:12:05.088   620   752 E QC-QMI  : qmi_client [620]: unable to connect to server, errno=[2:No such file or directory], attempt=46
02-25 21:12:06.090   620   752 E QC-QMI  : qmi_client [620]: unable to connect to server, errno=[2:No such file or directory], attempt=47
02-25 21:12:07.091   620   752 E QC-QMI  : qmi_client [620]: unable to connect to server, errno=[2:No such file or directory], attempt=48
02-25 21:12:08.093   620   752 E QC-QMI  : qmi_client [620]: unable to connect to server, errno=[2:No such file or directory], attempt=49
02-25 21:12:09.095   620   752 E QC-QMI  : qmi_client [620]: unable to connect to server, errno=[2:No such file or directory], attempt=50
02-25 21:12:10.097   620   752 E QC-QMI  : qmi_client [620]: unable to connect to server, errno=[2:No such file or directory], attempt=51
02-25 21:12:11.098   620   752 E QC-QMI  : qmi_client [620]: unable to connect to server, errno=[2:No such file or directory], attempt=52
02-25 21:12:12.099   620   752 E QC-QMI  : qmi_client [620]: unable to connect to server, errno=[2:No such file or directory], attempt=53
02-25 21:12:13.101   620   752 E QC-QMI  : qmi_client [620]: unable to connect to server, errno=[2:No such file or directory], attempt=54
02-25 21:12:14.103   620   752 E QC-QMI  : qmi_client [620]: unable to connect to server, errno=[2:No such file or directory], attempt=55
02-25 21:12:15.105   620   752 E QC-QMI  : qmi_client [620]: unable to connect to server, errno=[2:No such file or directory], attempt=56
02-25 21:12:16.107   620   752 E QC-QMI  : qmi_client [620]: unable to connect to server, errno=[2:No such file or directory], attempt=57
02-25 21:12:16.382   730   730 E QC-QMI  : linux_qmi_qmux_io.c: Unable to open port id /dev/smdcntl0, error [110:Connection timed out]
02-25 21:12:16.382   730   730 E QC-QMI  : qmi_qmux_open_connection: QMI_QMUX_IO_PLATFORM_OPEN_CONN failed conn_id=0 rc=-1 
02-25 21:12:16.382   730   730 E QC-DS-LIB: qmuxd: opening connection for conn_id=0 [DATA5_CNTL] failed on attempt 64, Waiting 50 milliseconds before retry
02-25 21:12:17.108   620   752 E QC-QMI  : qmi_client [620]: unable to connect to server, errno=[2:No such file or directory], attempt=58
02-25 21:12:18.110   620   752 E QC-QMI  : qmi_client [620]: unable to connect to server, errno=[2:No such file or directory], attempt=59
02-25 21:12:19.112   620   752 E QC-QMI  : qmi_client [620]: unable to connect to server, errno=[2:No such file or directory], attempt=60
02-25 21:12:20.114   620   752 E QC-QMI  : qmi_client [620]: unable to connect to server after 60 tries... giving up
02-25 21:12:20.114   620   752 E QC-QMI  : qmi_qmux_if_pwr_up_init_ex:  Initialization failed, rc = -1
02-25 21:12:20.114   620   752 E QMI_FW  : QMUXD: WARNING qmi_qmux_if_pwr_up_init failed! rc=-1
02-25 21:12:20.115   620   752 E QC-QMI  : qmi_client [620]: unable to connect to server, errno=[2:No such file or directory], attempt=1
02-25 21:12:21.117   620   752 E QC-QMI  : qmi_client [620]: unable to connect to server, errno=[2:No such file or directory], attempt=2
02-25 21:12:22.119   620   752 E QC-QMI  : qmi_client [620]: unable to connect to server, errno=[2:No such file or directory], attempt=3
02-25 21:12:23.121   620   752 E QC-QMI  : qmi_client [620]: unable to connect to server, errno=[2:No such file or directory], attempt=4
02-25 21:12:24.123   620   752 E QC-QMI  : qmi_client [620]: unable to connect to server, errno=[2:No such file or directory], attempt=5
02-25 21:12:25.125   620   752 E QC-QMI  : qmi_client [620]: unable to connect to server, errno=[2:No such file or directory], attempt=6
02-25 21:12:26.127   620   752 E QC-QMI  : qmi_client [620]: unable to connect to server, errno=[2:No such file or directory], attempt=7
02-25 21:12:27.129   620   752 E QC-QMI  : qmi_client [620]: unable to connect to server, errno=[2:No such file or directory], attempt=8
02-25 21:12:28.131   620   752 E QC-QMI  : qmi_client [620]: unable to connect to server, errno=[2:No such file or directory], attempt=9
02-25 21:12:29.131   620   752 E QC-QMI  : qmi_client [620]: unable to connect to server, errno=[2:No such file or directory], attempt=10
02-25 21:12:29.181   488   512 E SKGHAL  : open: /dev/glink_pkt_bg_display_data: open error(Connection timed out)
02-25 21:12:29.181   486   486 E BUZZERHAL: open: /dev/glink_pkt_bg_buzzer_ctrl: open error(Connection timed out)
02-25 21:12:29.487   612   867 E storaged: getDiskStats failed with result NOT_SUPPORTED and size 0
02-25 21:12:30.134   620   752 E QC-QMI  : qmi_client [620]: unable to connect to server, errno=[2:No such file or directory], attempt=11
02-25 21:12:30.183   486   486 D BUZZERHAL: initState: Failed to open  glink ctrl channel
02-25 21:12:30.183   488   512 D SKGHAL  : initState: Failed to open glink data channel
02-25 21:12:31.136   620   752 E QC-QMI  : qmi_client [620]: unable to connect to server, errno=[2:No such file or directory], attempt=12
02-25 21:12:32.138   620   752 E QC-QMI  : qmi_client [620]: unable to connect to server, errno=[2:No such file or directory], attempt=13
02-25 21:12:33.140   620   752 E QC-QMI  : qmi_client [620]: unable to connect to server, errno=[2:No such file or directory], attempt=14
02-25 21:12:34.141   620   752 E QC-QMI  : qmi_client [620]: unable to connect to server, errno=[2:No such file or directory], attempt=15
02-25 21:12:35.143   620   752 E QC-QMI  : qmi_client [620]: unable to connect to server, errno=[2:No such file or directory], attempt=16
02-25 21:12:35.902  2519  2540 I Finsky  : [164] com.google.android.finsky.bo.ac.run(5): Stats for Executor: BlockingExecutor com.google.android.finsky.bo.ad@40f58e4[Running, pool size = 0, active threads = 0, queued tasks = 0, completed tasks = 2]
02-25 21:12:35.902  2519  2540 I Finsky  : [164] com.google.android.finsky.bo.ac.run(5): Stats for Executor: LightweightExecutor com.google.android.finsky.bo.ad@bf6814d[Running, pool size = 3, active threads = 0, queued tasks = 0, completed tasks = 8]
02-25 21:12:36.145   620   752 E QC-QMI  : qmi_client [620]: unable to connect to server, errno=[2:No such file or directory], attempt=17
02-25 21:12:36.862   730   730 E QC-QMI  : linux_qmi_qmux_io.c: Unable to open port id /dev/smdcntl0, error [110:Connection timed out]
02-25 21:12:36.862   730   730 E QC-QMI  : qmi_qmux_open_connection: QMI_QMUX_IO_PLATFORM_OPEN_CONN failed conn_id=0 rc=-1 
02-25 21:12:36.862   730   730 E QC-DS-LIB: qmuxd: opening connection for conn_id=0 [DATA5_CNTL] failed on attempt 65, Waiting 50 milliseconds before retry
02-25 21:12:37.147   620   752 E QC-QMI  : qmi_client [620]: unable to connect to server, errno=[2:No such file or directory], attempt=18
02-25 21:12:38.149   620   752 E QC-QMI  : qmi_client [620]: unable to connect to server, errno=[2:No such file or directory], attempt=19
02-25 21:12:39.151   620   752 E QC-QMI  : qmi_client [620]: unable to connect to server, errno=[2:No such file or directory], attempt=20
02-25 21:12:40.153   620   752 E QC-QMI  : qmi_client [620]: unable to connect to server, errno=[2:No such file or directory], attempt=21
02-25 21:12:41.155   620   752 E QC-QMI  : qmi_client [620]: unable to connect to server, errno=[2:No such file or directory], attempt=22
02-25 21:12:42.157   620   752 E QC-QMI  : qmi_client [620]: unable to connect to server, errno=[2:No such file or directory], attempt=23
02-25 21:12:43.158   620   752 E QC-QMI  : qmi_client [620]: unable to connect to server, errno=[2:No such file or directory], attempt=24
02-25 21:12:44.160   620   752 E QC-QMI  : qmi_client [620]: unable to connect to server, errno=[2:No such file or directory], attempt=25
02-25 21:12:45.162   620   752 E QC-QMI  : qmi_client [620]: unable to connect to server, errno=[2:No such file or directory], attempt=26
02-25 21:12:46.163   620   752 E QC-QMI  : qmi_client [620]: unable to connect to server, errno=[2:No such file or directory], attempt=27
02-25 21:12:47.164   620   752 E QC-QMI  : qmi_client [620]: unable to connect to server, errno=[2:No such file or directory], attempt=28
02-25 21:12:48.164   620   752 E QC-QMI  : qmi_client [620]: unable to connect to server, errno=[2:No such file or directory], attempt=29
02-25 21:12:49.166   620   752 E QC-QMI  : qmi_client [620]: unable to connect to server, errno=[2:No such file or directory], attempt=30
02-25 21:12:50.167   620   752 E QC-QMI  : qmi_client [620]: unable to connect to server, errno=[2:No such file or directory], attempt=31
02-25 21:12:51.169   620   752 E QC-QMI  : qmi_client [620]: unable to connect to server, errno=[2:No such file or directory], attempt=32
02-25 21:12:52.171   620   752 E QC-QMI  : qmi_client [620]: unable to connect to server, errno=[2:No such file or directory], attempt=33
02-25 21:12:53.173   620   752 E QC-QMI  : qmi_client [620]: unable to connect to server, errno=[2:No such file or directory], attempt=34
02-25 21:12:54.175   620   752 E QC-QMI  : qmi_client [620]: unable to connect to server, errno=[2:No such file or directory], attempt=35
02-25 21:12:55.177   620   752 E QC-QMI  : qmi_client [620]: unable to connect to server, errno=[2:No such file or directory], attempt=36
02-25 21:12:56.179   620   752 E QC-QMI  : qmi_client [620]: unable to connect to server, errno=[2:No such file or directory], attempt=37
02-25 21:12:57.181   620   752 E QC-QMI  : qmi_client [620]: unable to connect to server, errno=[2:No such file or directory], attempt=38
02-25 21:12:57.342   730   730 E QC-QMI  : linux_qmi_qmux_io.c: Unable to open port id /dev/smdcntl0, error [110:Connection timed out]
02-25 21:12:57.342   730   730 E QC-QMI  : qmi_qmux_open_connection: QMI_QMUX_IO_PLATFORM_OPEN_CONN failed conn_id=0 rc=-1 
02-25 21:12:57.342   730   730 E QC-DS-LIB: qmuxd: opening connection for conn_id=0 [DATA5_CNTL] failed on attempt 66, Waiting 50 milliseconds before retry
02-25 21:12:58.181   620   752 E QC-QMI  : qmi_client [620]: unable to connect to server, errno=[2:No such file or directory], attempt=39
02-25 21:12:59.182   620   752 E QC-QMI  : qmi_client [620]: unable to connect to server, errno=[2:No such file or directory], attempt=40
02-25 21:13:00.004   657   657 I AmbientService: [6cea065] onAlarm
02-25 21:13:00.004   657   657 I AmbientService: [6cea065] doUpdateAmbient
02-25 21:13:00.183   620   752 E QC-QMI  : qmi_client [620]: unable to connect to server, errno=[2:No such file or directory], attempt=41
02-25 21:13:01.185   620   752 E QC-QMI  : qmi_client [620]: unable to connect to server, errno=[2:No such file or directory], attempt=42
02-25 21:13:02.187   620   752 E QC-QMI  : qmi_client [620]: unable to connect to server, errno=[2:No such file or directory], attempt=43
02-25 21:13:03.189   620   752 E QC-QMI  : qmi_client [620]: unable to connect to server, errno=[2:No such file or directory], attempt=44
02-25 21:13:04.191   620   752 E QC-QMI  : qmi_client [620]: unable to connect to server, errno=[2:No such file or directory], attempt=45
02-25 21:13:04.987   657   841 I DisplayPowerController: Blocking screen off
02-25 21:13:04.988   657   841 I DisplayPowerController: Unblocked screen off after 0 ms
02-25 21:13:04.996   657   780 E KernelCpuSpeedReader: Failed to read cpu-freq: /sys/devices/system/cpu/cpu0/cpufreq/stats/time_in_state (No such file or directory)
02-25 21:13:05.010   657  1837 I AmbientService: [6cea065] Current ambient activity was paused: AmbientActivity[component=ComponentInfo{com.google.android.wearable.app/com.google.android.clockwork.home2.activity.HomeActivity2}, callbacks=@3f43c02, running=false, ambient=true]
02-25 21:13:05.011   657  1837 I AmbientService: [6cea065] We need an ambient activity, but nothing to use.
02-25 21:13:05.011   657  1837 I AmbientService: [6cea065] There is no running ambient activity, requesting doze.
02-25 21:13:05.011   657  1837 I AmbientService: [6cea065] There is no running ambient activity, canceling alarm.
02-25 21:13:05.022  2188  2188 I AppLifecycleTracker: onActivityPaused: 
02-25 21:13:05.041   657   835 I DisplayManagerService: Display device changed state: "Built-in Screen", OFF
02-25 21:13:05.052   657   915 I InputReader: Reconfiguring input devices.  changes=0x00000004
02-25 21:13:05.071   520   520 E HWComposer: presentAndGetReleaseFences: present failed for display 0: NotValidated (7)
02-25 21:13:05.078   520   520 D SurfaceFlinger: Set power mode=0, type=0 flinger=0xb36b6000
02-25 21:13:05.084   471   873 I SDM     : DisplayBase::SetDisplayState: Set state = 0, display 0
02-25 21:13:05.094  2188  2188 I AppLifecycleTracker: onActivitySaveInstanceState: 
02-25 21:13:05.106  2188  2188 I AppLifecycleTracker: onActivityStopped: 
02-25 21:13:05.191   620   752 E QC-QMI  : qmi_client [620]: unable to connect to server, errno=[2:No such file or directory], attempt=46
02-25 21:13:05.303   520   520 D SurfaceFlinger: Finished set power mode=0, type=0
02-25 21:13:05.306   657  1066 D SurfaceControl: Excessive delay in setPowerMode()
02-25 21:13:06.193   620   752 E QC-QMI  : qmi_client [620]: unable to connect to server, errno=[2:No such file or directory], attempt=47
02-25 21:13:07.195   620   752 E QC-QMI  : qmi_client [620]: unable to connect to server, errno=[2:No such file or directory], attempt=48
02-25 21:13:08.197   620   752 E QC-QMI  : qmi_client [620]: unable to connect to server, errno=[2:No such file or directory], attempt=49
02-25 21:13:09.199   620   752 E QC-QMI  : qmi_client [620]: unable to connect to server, errno=[2:No such file or directory], attempt=50
02-25 21:13:10.201   620   752 E QC-QMI  : qmi_client [620]: unable to connect to server, errno=[2:No such file or directory], attempt=51
02-25 21:13:11.201   620   752 E QC-QMI  : qmi_client [620]: unable to connect to server, errno=[2:No such file or directory], attempt=52
02-25 21:13:12.202   620   752 E QC-QMI  : qmi_client [620]: unable to connect to server, errno=[2:No such file or directory], attempt=53
02-25 21:13:13.203   620   752 E QC-QMI  : qmi_client [620]: unable to connect to server, errno=[2:No such file or directory], attempt=54
02-25 21:13:14.203   620   752 E QC-QMI  : qmi_client [620]: unable to connect to server, errno=[2:No such file or directory], attempt=55
02-25 21:13:15.204   620   752 E QC-QMI  : qmi_client [620]: unable to connect to server, errno=[2:No such file or directory], attempt=56
02-25 21:13:16.206   620   752 E QC-QMI  : qmi_client [620]: unable to connect to server, errno=[2:No such file or directory], attempt=57
02-25 21:13:17.207   620   752 E QC-QMI  : qmi_client [620]: unable to connect to server, errno=[2:No such file or directory], attempt=58
02-25 21:13:17.822   730   730 E QC-QMI  : linux_qmi_qmux_io.c: Unable to open port id /dev/smdcntl0, error [110:Connection timed out]
02-25 21:13:17.822   730   730 E QC-QMI  : qmi_qmux_open_connection: QMI_QMUX_IO_PLATFORM_OPEN_CONN failed conn_id=0 rc=-1 
02-25 21:13:17.822   730   730 E QC-DS-LIB: qmuxd: opening connection for conn_id=0 [DATA5_CNTL] failed on attempt 67, Waiting 50 milliseconds before retry
02-25 21:13:18.209   620   752 E QC-QMI  : qmi_client [620]: unable to connect to server, errno=[2:No such file or directory], attempt=59
02-25 21:13:19.211   620   752 E QC-QMI  : qmi_client [620]: unable to connect to server, errno=[2:No such file or directory], attempt=60
02-25 21:13:20.212   620   752 E QC-QMI  : qmi_client [620]: unable to connect to server after 60 tries... giving up
02-25 21:13:20.213   620   752 E QC-QMI  : qmi_qmux_if_pwr_up_init_ex:  Initialization failed, rc = -1
02-25 21:13:20.213   620   752 E QMI_FW  : QMUXD: WARNING qmi_qmux_if_pwr_up_init failed! rc=-1
02-25 21:13:20.214   620   752 E QC-QMI  : qmi_client [620]: unable to connect to server, errno=[2:No such file or directory], attempt=1
02-25 21:13:21.216   620   752 E QC-QMI  : qmi_client [620]: unable to connect to server, errno=[2:No such file or directory], attempt=2
02-25 21:13:22.218   620   752 E QC-QMI  : qmi_client [620]: unable to connect to server, errno=[2:No such file or directory], attempt=3
02-25 21:13:23.219   620   752 E QC-QMI  : qmi_client [620]: unable to connect to server, errno=[2:No such file or directory], attempt=4
02-25 21:13:24.221   620   752 E QC-QMI  : qmi_client [620]: unable to connect to server, errno=[2:No such file or directory], attempt=5
02-25 21:13:25.223   620   752 E QC-QMI  : qmi_client [620]: unable to connect to server, errno=[2:No such file or directory], attempt=6
02-25 21:13:26.225   620   752 E QC-QMI  : qmi_client [620]: unable to connect to server, errno=[2:No such file or directory], attempt=7
02-25 21:13:27.227   620   752 E QC-QMI  : qmi_client [620]: unable to connect to server, errno=[2:No such file or directory], attempt=8
02-25 21:13:28.229   620   752 E QC-QMI  : qmi_client [620]: unable to connect to server, errno=[2:No such file or directory], attempt=9
02-25 21:13:29.231   620   752 E QC-QMI  : qmi_client [620]: unable to connect to server, errno=[2:No such file or directory], attempt=10
02-25 21:13:29.490   612   867 E storaged: getDiskStats failed with result NOT_SUPPORTED and size 0
02-25 21:13:30.233   620   752 E QC-QMI  : qmi_client [620]: unable to connect to server, errno=[2:No such file or directory], attempt=11
02-25 21:13:31.235   620   752 E QC-QMI  : qmi_client [620]: unable to connect to server, errno=[2:No such file or directory], attempt=12
02-25 21:13:32.237   620   752 E QC-QMI  : qmi_client [620]: unable to connect to server, errno=[2:No such file or directory], attempt=13
02-25 21:13:33.239   620   752 E QC-QMI  : qmi_client [620]: unable to connect to server, errno=[2:No such file or directory], attempt=14
02-25 21:13:34.241   620   752 E QC-QMI  : qmi_client [620]: unable to connect to server, errno=[2:No such file or directory], attempt=15
02-25 21:13:35.243   620   752 E QC-QMI  : qmi_client [620]: unable to connect to server, errno=[2:No such file or directory], attempt=16
02-25 21:13:35.944  2519  2540 I Finsky  : [164] com.google.android.finsky.bo.ac.run(5): Stats for Executor: BlockingExecutor com.google.android.finsky.bo.ad@40f58e4[Running, pool size = 0, active threads = 0, queued tasks = 0, completed tasks = 2]
02-25 21:13:35.945  2519  2540 I Finsky  : [164] com.google.android.finsky.bo.ac.run(5): Stats for Executor: LightweightExecutor com.google.android.finsky.bo.ad@bf6814d[Running, pool size = 3, active threads = 0, queued tasks = 0, completed tasks = 8]
02-25 21:13:36.245   620   752 E QC-QMI  : qmi_client [620]: unable to connect to server, errno=[2:No such file or directory], attempt=17
02-25 21:13:37.247   620   752 E QC-QMI  : qmi_client [620]: unable to connect to server, errno=[2:No such file or directory], attempt=18
02-25 21:13:38.250   620   752 E QC-QMI  : qmi_client [620]: unable to connect to server, errno=[2:No such file or directory], attempt=19
02-25 21:13:38.302   730   730 E QC-QMI  : linux_qmi_qmux_io.c: Unable to open port id /dev/smdcntl0, error [110:Connection timed out]
02-25 21:13:38.302   730   730 E QC-QMI  : qmi_qmux_open_connection: QMI_QMUX_IO_PLATFORM_OPEN_CONN failed conn_id=0 rc=-1 
02-25 21:13:38.302   730   730 E QC-DS-LIB: qmuxd: opening connection for conn_id=0 [DATA5_CNTL] failed on attempt 68, Waiting 50 milliseconds before retry
02-25 21:13:39.252   620   752 E QC-QMI  : qmi_client [620]: unable to connect to server, errno=[2:No such file or directory], attempt=20
02-25 21:13:40.254   620   752 E QC-QMI  : qmi_client [620]: unable to connect to server, errno=[2:No such file or directory], attempt=21
02-25 21:13:41.256   620   752 E QC-QMI  : qmi_client [620]: unable to connect to server, errno=[2:No such file or directory], attempt=22
02-25 21:13:42.258   620   752 E QC-QMI  : qmi_client [620]: unable to connect to server, errno=[2:No such file or directory], attempt=23
02-25 21:13:43.260   620   752 E QC-QMI  : qmi_client [620]: unable to connect to server, errno=[2:No such file or directory], attempt=24
02-25 21:13:44.260   620   752 E QC-QMI  : qmi_client [620]: unable to connect to server, errno=[2:No such file or directory], attempt=25
02-25 21:13:45.261   620   752 E QC-QMI  : qmi_client [620]: unable to connect to server, errno=[2:No such file or directory], attempt=26
02-25 21:13:46.263   620   752 E QC-QMI  : qmi_client [620]: unable to connect to server, errno=[2:No such file or directory], attempt=27
02-25 21:13:47.265   620   752 E QC-QMI  : qmi_client [620]: unable to connect to server, errno=[2:No such file or directory], attempt=28
02-25 21:13:48.267   620   752 E QC-QMI  : qmi_client [620]: unable to connect to server, errno=[2:No such file or directory], attempt=29
02-25 21:13:49.269   620   752 E QC-QMI  : qmi_client [620]: unable to connect to server, errno=[2:No such file or directory], attempt=30
02-25 21:13:50.271   620   752 E QC-QMI  : qmi_client [620]: unable to connect to server, errno=[2:No such file or directory], attempt=31
02-25 21:13:51.273   620   752 E QC-QMI  : qmi_client [620]: unable to connect to server, errno=[2:No such file or directory], attempt=32
02-25 21:13:52.275   620   752 E QC-QMI  : qmi_client [620]: unable to connect to server, errno=[2:No such file or directory], attempt=33
02-25 21:13:53.277   620   752 E QC-QMI  : qmi_client [620]: unable to connect to server, errno=[2:No such file or directory], attempt=34
02-25 21:13:54.279   620   752 E QC-QMI  : qmi_client [620]: unable to connect to server, errno=[2:No such file or directory], attempt=35
02-25 21:13:55.281   620   752 E QC-QMI  : qmi_client [620]: unable to connect to server, errno=[2:No such file or directory], attempt=36
02-25 21:13:56.282   620   752 E QC-QMI  : qmi_client [620]: unable to connect to server, errno=[2:No such file or directory], attempt=37
02-25 21:13:57.282   620   752 E QC-QMI  : qmi_client [620]: unable to connect to server, errno=[2:No such file or directory], attempt=38
02-25 21:13:58.283   620   752 E QC-QMI  : qmi_client [620]: unable to connect to server, errno=[2:No such file or directory], attempt=39
02-25 21:13:58.782   730   730 E QC-QMI  : linux_qmi_qmux_io.c: Unable to open port id /dev/smdcntl0, error [110:Connection timed out]
02-25 21:13:58.782   730   730 E QC-QMI  : qmi_qmux_open_connection: QMI_QMUX_IO_PLATFORM_OPEN_CONN failed conn_id=0 rc=-1 
02-25 21:13:58.782   730   730 E QC-DS-LIB: qmuxd: opening connection for conn_id=0 [DATA5_CNTL] failed on attempt 69, Waiting 50 milliseconds before retry
02-25 21:13:59.284   620   752 E QC-QMI  : qmi_client [620]: unable to connect to server, errno=[2:No such file or directory], attempt=40
02-25 21:14:00.284   620   752 E QC-QMI  : qmi_client [620]: unable to connect to server, errno=[2:No such file or directory], attempt=41
02-25 21:14:01.286   620   752 E QC-QMI  : qmi_client [620]: unable to connect to server, errno=[2:No such file or directory], attempt=42
02-25 21:14:02.288   620   752 E QC-QMI  : qmi_client [620]: unable to connect to server, errno=[2:No such file or directory], attempt=43
02-25 21:14:03.290   620   752 E QC-QMI  : qmi_client [620]: unable to connect to server, errno=[2:No such file or directory], attempt=44
02-25 21:14:03.687   677   729 E LocSvc_xtra2: resolve:891] DNS resolution on xtrapath3.izatcloud.net failed.
02-25 21:14:04.292   620   752 E QC-QMI  : qmi_client [620]: unable to connect to server, errno=[2:No such file or directory], attempt=45
02-25 21:14:05.294   620   752 E QC-QMI  : qmi_client [620]: unable to connect to server, errno=[2:No such file or directory], attempt=46
02-25 21:14:06.296   620   752 E QC-QMI  : qmi_client [620]: unable to connect to server, errno=[2:No such file or directory], attempt=47
02-25 21:14:07.298   620   752 E QC-QMI  : qmi_client [620]: unable to connect to server, errno=[2:No such file or directory], attempt=48
02-25 21:14:08.300   620   752 E QC-QMI  : qmi_client [620]: unable to connect to server, errno=[2:No such file or directory], attempt=49
02-25 21:14:09.302   620   752 E QC-QMI  : qmi_client [620]: unable to connect to server, errno=[2:No such file or directory], attempt=50
02-25 21:14:10.304   620   752 E QC-QMI  : qmi_client [620]: unable to connect to server, errno=[2:No such file or directory], attempt=51
02-25 21:14:11.306   620   752 E QC-QMI  : qmi_client [620]: unable to connect to server, errno=[2:No such file or directory], attempt=52
02-25 21:14:12.308   620   752 E QC-QMI  : qmi_client [620]: unable to connect to server, errno=[2:No such file or directory], attempt=53
02-25 21:14:13.310   620   752 E QC-QMI  : qmi_client [620]: unable to connect to server, errno=[2:No such file or directory], attempt=54
02-25 21:14:14.312   620   752 E QC-QMI  : qmi_client [620]: unable to connect to server, errno=[2:No such file or directory], attempt=55
02-25 21:14:15.314   620   752 E QC-QMI  : qmi_client [620]: unable to connect to server, errno=[2:No such file or directory], attempt=56
02-25 21:14:16.316   620   752 E QC-QMI  : qmi_client [620]: unable to connect to server, errno=[2:No such file or directory], attempt=57
02-25 21:14:17.318   620   752 E QC-QMI  : qmi_client [620]: unable to connect to server, errno=[2:No such file or directory], attempt=58
02-25 21:14:18.320   620   752 E QC-QMI  : qmi_client [620]: unable to connect to server, errno=[2:No such file or directory], attempt=59
02-25 21:14:19.262   730   730 E QC-QMI  : linux_qmi_qmux_io.c: Unable to open port id /dev/smdcntl0, error [110:Connection timed out]
02-25 21:14:19.262   730   730 E QC-QMI  : qmi_qmux_open_connection: QMI_QMUX_IO_PLATFORM_OPEN_CONN failed conn_id=0 rc=-1 
02-25 21:14:19.262   730   730 E QC-DS-LIB: qmuxd: opening connection for conn_id=0 [DATA5_CNTL] failed on attempt 70, Waiting 50 milliseconds before retry
02-25 21:14:19.320   620   752 E QC-QMI  : qmi_client [620]: unable to connect to server, errno=[2:No such file or directory], attempt=60
02-25 21:14:20.322   620   752 E QC-QMI  : qmi_client [620]: unable to connect to server after 60 tries... giving up
02-25 21:14:20.323   620   752 E QC-QMI  : qmi_qmux_if_pwr_up_init_ex:  Initialization failed, rc = -1
02-25 21:14:20.323   620   752 E QMI_FW  : QMUXD: WARNING qmi_qmux_if_pwr_up_init failed! rc=-1
02-25 21:14:21.330   620   752 E QC-QMI  : qmi_client [620]: unable to connect to server, errno=[2:No such file or directory], attempt=1
02-25 21:14:22.331   620   752 E QC-QMI  : qmi_client [620]: unable to connect to server, errno=[2:No such file or directory], attempt=2
02-25 21:14:23.331   620   752 E QC-QMI  : qmi_client [620]: unable to connect to server, errno=[2:No such file or directory], attempt=3
02-25 21:14:24.332   620   752 E QC-QMI  : qmi_client [620]: unable to connect to server, errno=[2:No such file or directory], attempt=4
02-25 21:14:25.333   620   752 E QC-QMI  : qmi_client [620]: unable to connect to server, errno=[2:No such file or directory], attempt=5
02-25 21:14:26.333   620   752 E QC-QMI  : qmi_client [620]: unable to connect to server, errno=[2:No such file or directory], attempt=6
02-25 21:14:27.335   620   752 E QC-QMI  : qmi_client [620]: unable to connect to server, errno=[2:No such file or directory], attempt=7
02-25 21:14:28.337   620   752 E QC-QMI  : qmi_client [620]: unable to connect to server, errno=[2:No such file or directory], attempt=8
02-25 21:14:29.340   620   752 E QC-QMI  : qmi_client [620]: unable to connect to server, errno=[2:No such file or directory], attempt=9
02-25 21:14:29.492   612   867 E storaged: getDiskStats failed with result NOT_SUPPORTED and size 0
02-25 21:14:30.341   620   752 E QC-QMI  : qmi_client [620]: unable to connect to server, errno=[2:No such file or directory], attempt=10
02-25 21:14:31.342   620   752 E QC-QMI  : qmi_client [620]: unable to connect to server, errno=[2:No such file or directory], attempt=11
02-25 21:14:32.342   620   752 E QC-QMI  : qmi_client [620]: unable to connect to server, errno=[2:No such file or directory], attempt=12
02-25 21:14:33.343   620   752 E QC-QMI  : qmi_client [620]: unable to connect to server, errno=[2:No such file or directory], attempt=13
02-25 21:14:34.343   620   752 E QC-QMI  : qmi_client [620]: unable to connect to server, errno=[2:No such file or directory], attempt=14
02-25 21:14:35.344   620   752 E QC-QMI  : qmi_client [620]: unable to connect to server, errno=[2:No such file or directory], attempt=15
02-25 21:14:35.987  2519  2540 I Finsky  : [164] com.google.android.finsky.bo.ac.run(5): Stats for Executor: BlockingExecutor com.google.android.finsky.bo.ad@40f58e4[Running, pool size = 0, active threads = 0, queued tasks = 0, completed tasks = 2]
02-25 21:14:35.988  2519  2540 I Finsky  : [164] com.google.android.finsky.bo.ac.run(5): Stats for Executor: LightweightExecutor com.google.android.finsky.bo.ad@bf6814d[Running, pool size = 3, active threads = 0, queued tasks = 0, completed tasks = 8]
02-25 21:14:36.345   620   752 E QC-QMI  : qmi_client [620]: unable to connect to server, errno=[2:No such file or directory], attempt=16
02-25 21:14:37.347   620   752 E QC-QMI  : qmi_client [620]: unable to connect to server, errno=[2:No such file or directory], attempt=17
02-25 21:14:38.348   620   752 E QC-QMI  : qmi_client [620]: unable to connect to server, errno=[2:No such file or directory], attempt=18
02-25 21:14:39.350   620   752 E QC-QMI  : qmi_client [620]: unable to connect to server, errno=[2:No such file or directory], attempt=19
02-25 21:14:39.742   730   730 E QC-QMI  : linux_qmi_qmux_io.c: Unable to open port id /dev/smdcntl0, error [110:Connection timed out]
02-25 21:14:39.742   730   730 E QC-QMI  : qmi_qmux_open_connection: QMI_QMUX_IO_PLATFORM_OPEN_CONN failed conn_id=0 rc=-1 
02-25 21:14:39.742   730   730 E QC-DS-LIB: qmuxd: opening connection for conn_id=0 [DATA5_CNTL] failed on attempt 71, Waiting 50 milliseconds before retry
02-25 21:14:40.352   620   752 E QC-QMI  : qmi_client [620]: unable to connect to server, errno=[2:No such file or directory], attempt=20
02-25 21:14:41.354   620   752 E QC-QMI  : qmi_client [620]: unable to connect to server, errno=[2:No such file or directory], attempt=21
02-25 21:14:42.356   620   752 E QC-QMI  : qmi_client [620]: unable to connect to server, errno=[2:No such file or directory], attempt=22
02-25 21:14:43.358   620   752 E QC-QMI  : qmi_client [620]: unable to connect to server, errno=[2:No such file or directory], attempt=23
02-25 21:14:44.360   620   752 E QC-QMI  : qmi_client [620]: unable to connect to server, errno=[2:No such file or directory], attempt=24
02-25 21:14:45.363   620   752 E QC-QMI  : qmi_client [620]: unable to connect to server, errno=[2:No such file or directory], attempt=25
02-25 21:14:46.365   620   752 E QC-QMI  : qmi_client [620]: unable to connect to server, errno=[2:No such file or directory], attempt=26
02-25 21:14:47.367   620   752 E QC-QMI  : qmi_client [620]: unable to connect to server, errno=[2:No such file or directory], attempt=27
02-25 21:14:48.367   620   752 E QC-QMI  : qmi_client [620]: unable to connect to server, errno=[2:No such file or directory], attempt=28
02-25 21:14:49.369   620   752 E QC-QMI  : qmi_client [620]: unable to connect to server, errno=[2:No such file or directory], attempt=29
02-25 21:14:50.371   620   752 E QC-QMI  : qmi_client [620]: unable to connect to server, errno=[2:No such file or directory], attempt=30
02-25 21:14:51.373   620   752 E QC-QMI  : qmi_client [620]: unable to connect to server, errno=[2:No such file or directory], attempt=31
02-25 21:14:52.375   620   752 E QC-QMI  : qmi_client [620]: unable to connect to server, errno=[2:No such file or directory], attempt=32
02-25 21:14:53.376   620   752 E QC-QMI  : qmi_client [620]: unable to connect to server, errno=[2:No such file or directory], attempt=33
02-25 21:14:54.378   620   752 E QC-QMI  : qmi_client [620]: unable to connect to server, errno=[2:No such file or directory], attempt=34
02-25 21:14:55.380   620   752 E QC-QMI  : qmi_client [620]: unable to connect to server, errno=[2:No such file or directory], attempt=35
02-25 21:14:56.381   620   752 E QC-QMI  : qmi_client [620]: unable to connect to server, errno=[2:No such file or directory], attempt=36
02-25 21:14:57.381   620   752 E QC-QMI  : qmi_client [620]: unable to connect to server, errno=[2:No such file or directory], attempt=37
02-25 21:14:58.382   620   752 E QC-QMI  : qmi_client [620]: unable to connect to server, errno=[2:No such file or directory], attempt=38
02-25 21:14:59.382   620   752 E QC-QMI  : qmi_client [620]: unable to connect to server, errno=[2:No such file or directory], attempt=39
02-25 21:15:00.222   730   730 E QC-QMI  : linux_qmi_qmux_io.c: Unable to open port id /dev/smdcntl0, error [110:Connection timed out]
02-25 21:15:00.222   730   730 E QC-QMI  : qmi_qmux_open_connection: QMI_QMUX_IO_PLATFORM_OPEN_CONN failed conn_id=0 rc=-1 
02-25 21:15:00.222   730   730 E QC-DS-LIB: qmuxd: opening connection for conn_id=0 [DATA5_CNTL] failed on attempt 72, Waiting 50 milliseconds before retry
02-25 21:15:00.383   620   752 E QC-QMI  : qmi_client [620]: unable to connect to server, errno=[2:No such file or directory], attempt=40
02-25 21:15:01.385   620   752 E QC-QMI  : qmi_client [620]: unable to connect to server, errno=[2:No such file or directory], attempt=41
02-25 21:15:02.385   620   752 E QC-QMI  : qmi_client [620]: unable to connect to server, errno=[2:No such file or directory], attempt=42
02-25 21:15:03.388   620   752 E QC-QMI  : qmi_client [620]: unable to connect to server, errno=[2:No such file or directory], attempt=43
02-25 21:15:04.388   620   752 E QC-QMI  : qmi_client [620]: unable to connect to server, errno=[2:No such file or directory], attempt=44
02-25 21:15:05.390   620   752 E QC-QMI  : qmi_client [620]: unable to connect to server, errno=[2:No such file or directory], attempt=45
02-25 21:15:06.391   620   752 E QC-QMI  : qmi_client [620]: unable to connect to server, errno=[2:No such file or directory], attempt=46
02-25 21:15:07.391   620   752 E QC-QMI  : qmi_client [620]: unable to connect to server, errno=[2:No such file or directory], attempt=47
02-25 21:15:08.392   620   752 E QC-QMI  : qmi_client [620]: unable to connect to server, errno=[2:No such file or directory], attempt=48
02-25 21:15:09.393   620   752 E QC-QMI  : qmi_client [620]: unable to connect to server, errno=[2:No such file or directory], attempt=49
02-25 21:15:10.393   620   752 E QC-QMI  : qmi_client [620]: unable to connect to server, errno=[2:No such file or directory], attempt=50
02-25 21:15:11.394   620   752 E QC-QMI  : qmi_client [620]: unable to connect to server, errno=[2:No such file or directory], attempt=51
02-25 21:15:12.396   620   752 E QC-QMI  : qmi_client [620]: unable to connect to server, errno=[2:No such file or directory], attempt=52
02-25 21:15:13.397   620   752 E QC-QMI  : qmi_client [620]: unable to connect to server, errno=[2:No such file or directory], attempt=53
02-25 21:15:14.399   620   752 E QC-QMI  : qmi_client [620]: unable to connect to server, errno=[2:No such file or directory], attempt=54
02-25 21:15:15.401   620   752 E QC-QMI  : qmi_client [620]: unable to connect to server, errno=[2:No such file or directory], attempt=55
02-25 21:15:16.401   620   752 E QC-QMI  : qmi_client [620]: unable to connect to server, errno=[2:No such file or directory], attempt=56
02-25 21:15:17.402   620   752 E QC-QMI  : qmi_client [620]: unable to connect to server, errno=[2:No such file or directory], attempt=57
02-25 21:15:18.402   620   752 E QC-QMI  : qmi_client [620]: unable to connect to server, errno=[2:No such file or directory], attempt=58
02-25 21:15:19.403   620   752 E QC-QMI  : qmi_client [620]: unable to connect to server, errno=[2:No such file or directory], attempt=59
02-25 21:15:20.404   620   752 E QC-QMI  : qmi_client [620]: unable to connect to server, errno=[2:No such file or directory], attempt=60
02-25 21:15:20.702   730   730 E QC-QMI  : linux_qmi_qmux_io.c: Unable to open port id /dev/smdcntl0, error [110:Connection timed out]
02-25 21:15:20.702   730   730 E QC-QMI  : qmi_qmux_open_connection: QMI_QMUX_IO_PLATFORM_OPEN_CONN failed conn_id=0 rc=-1 
02-25 21:15:20.702   730   730 E QC-DS-LIB: qmuxd: opening connection for conn_id=0 [DATA5_CNTL] failed on attempt 73, Waiting 50 milliseconds before retry
02-25 21:15:21.405   620   752 E QC-QMI  : qmi_client [620]: unable to connect to server after 60 tries... giving up
02-25 21:15:21.406   620   752 E QC-QMI  : qmi_qmux_if_pwr_up_init_ex:  Initialization failed, rc = -1
02-25 21:15:21.406   620   752 E QMI_FW  : QMUXD: WARNING qmi_qmux_if_pwr_up_init failed! rc=-1
02-25 21:15:21.406   620   752 E QC-QMI  : qmi_client [620]: unable to connect to server, errno=[2:No such file or directory], attempt=1
02-25 21:15:22.408   620   752 E QC-QMI  : qmi_client [620]: unable to connect to server, errno=[2:No such file or directory], attempt=2
02-25 21:15:23.410   620   752 E QC-QMI  : qmi_client [620]: unable to connect to server, errno=[2:No such file or directory], attempt=3
02-25 21:15:24.411   620   752 E QC-QMI  : qmi_client [620]: unable to connect to server, errno=[2:No such file or directory], attempt=4
02-25 21:15:25.411   620   752 E QC-QMI  : qmi_client [620]: unable to connect to server, errno=[2:No such file or directory], attempt=5
02-25 21:15:26.412   620   752 E QC-QMI  : qmi_client [620]: unable to connect to server, errno=[2:No such file or directory], attempt=6
02-25 21:15:27.413   620   752 E QC-QMI  : qmi_client [620]: unable to connect to server, errno=[2:No such file or directory], attempt=7
02-25 21:15:28.413   620   752 E QC-QMI  : qmi_client [620]: unable to connect to server, errno=[2:No such file or directory], attempt=8
02-25 21:15:29.415   620   752 E QC-QMI  : qmi_client [620]: unable to connect to server, errno=[2:No such file or directory], attempt=9
02-25 21:15:29.494   612   867 E storaged: getDiskStats failed with result NOT_SUPPORTED and size 0
02-25 21:15:30.417   620   752 E QC-QMI  : qmi_client [620]: unable to connect to server, errno=[2:No such file or directory], attempt=10
02-25 21:15:31.420   620   752 E QC-QMI  : qmi_client [620]: unable to connect to server, errno=[2:No such file or directory], attempt=11
02-25 21:15:32.422   620   752 E QC-QMI  : qmi_client [620]: unable to connect to server, errno=[2:No such file or directory], attempt=12
02-25 21:15:33.422   620   752 E QC-QMI  : qmi_client [620]: unable to connect to server, errno=[2:No such file or directory], attempt=13
02-25 21:15:34.424   620   752 E QC-QMI  : qmi_client [620]: unable to connect to server, errno=[2:No such file or directory], attempt=14
02-25 21:15:35.426   620   752 E QC-QMI  : qmi_client [620]: unable to connect to server, errno=[2:No such file or directory], attempt=15
02-25 21:15:36.022  2519  2540 I Finsky  : [164] com.google.android.finsky.bo.ac.run(5): Stats for Executor: BlockingExecutor com.google.android.finsky.bo.ad@40f58e4[Running, pool size = 0, active threads = 0, queued tasks = 0, completed tasks = 2]
02-25 21:15:36.023  2519  2540 I Finsky  : [164] com.google.android.finsky.bo.ac.run(5): Stats for Executor: LightweightExecutor com.google.android.finsky.bo.ad@bf6814d[Running, pool size = 3, active threads = 0, queued tasks = 0, completed tasks = 8]
02-25 21:15:36.427   620   752 E QC-QMI  : qmi_client [620]: unable to connect to server, errno=[2:No such file or directory], attempt=16
02-25 21:15:37.429   620   752 E QC-QMI  : qmi_client [620]: unable to connect to server, errno=[2:No such file or directory], attempt=17
02-25 21:15:38.431   620   752 E QC-QMI  : qmi_client [620]: unable to connect to server, errno=[2:No such file or directory], attempt=18
02-25 21:15:39.433   620   752 E QC-QMI  : qmi_client [620]: unable to connect to server, errno=[2:No such file or directory], attempt=19
02-25 21:15:40.304   677  3505 E LocSvc_xtra2: downloadSntpTime:268] DNS resolution on time.izatcloud.net failed.
